<html>
<body>
<pre>
<h1>µVision Build Log</h1>
<h2>Tool Versions:</h2>
IDE-Version: µVision V5.13.0.0
Copyright (C) 2014 ARM Ltd and ARM Germany GmbH. All rights reserved.
License Information: antoine bouchard, anon, LIC=----
 
Tool Versions:
Toolchain:       MDK-Lite  Version: 5.13.0.0
Toolchain Path:  C:\Keil_v5\ARM\ARMCC\Bin
C Compiler:      Armcc.exe V5.05 update 1 (build 106)
Assembler:       Armasm.exe V5.05 update 1 (build 106)
Linker/Locator:  ArmLink.exe V5.05 update 1 (build 106)
Library Manager: ArmAr.exe V5.05 update 1 (build 106)
Hex Converter:   FromElf.exe V5.05 update 1 (build 106)
CPU DLL:         SARMCM3.DLL V5.13.0.0
Dialog DLL:      DARMP1.DLL V1.25.0.0
Target DLL:      CMSIS_AGDI.dll V1.20.8.0
Dialog DLL:      TARMP1.DLL V1.24.0.0
 
<h2>Project:</h2>
C:\Users\anonhyme\Documents\University\Session 5\APP2\session5App2\app2_rtos_solution_uvision_lpc1768\app2_rtos_solution\app2_rtos_solution.uvproj
Project File Date:  01/21/2015

<h2>Output:</h2>
Build target 'mbed NXP LPC1768'
compiling main.cpp...
linking...
Program Size: Code=29840 RO-data=2472 RW-data=444 ZI-data=4236  
After Build - User command #1: fromelf --bin -o build\app2_rtos_solution_LPC1768.bin build\app2_rtos_solution.axf
".\build\app2_rtos_solution.axf" - 0 Error(s), 0 Warning(s).
</pre>
</body>
</html>
