Component: ARM Compiler 5.05 update 1 (build 106) Tool: armlink [4d0efa]

==============================================================================

Section Cross References

    rt_semaphore.o(.text) refers to rt_list.o(.text) for rt_get_first
    rt_semaphore.o(.text) refers to hal_cm.o(.text) for rt_ret_val
    rt_semaphore.o(.text) refers to rt_task.o(.text) for rt_dispatch
    rt_semaphore.o(.text) refers to rt_system.o(.text) for rt_psh_req
    rt_semaphore.o(.text) refers to rt_list.o(.bss) for os_rdy
    rt_semaphore.o(.text) refers to rt_task.o(.data) for os_tsk
    rt_event.o(.text) refers to rt_task.o(.text) for rt_block
    rt_event.o(.text) refers to rt_list.o(.text) for rt_rmv_dly
    rt_event.o(.text) refers to hal_cm.o(.text) for rt_ret_val2
    rt_event.o(.text) refers to rt_system.o(.text) for rt_psh_req
    rt_event.o(.text) refers to rt_task.o(.data) for os_tsk
    rt_event.o(.text) refers to rtx_conf_cm.o(.bss) for os_active_TCB
    rt_event.o(.text) refers to rt_list.o(.bss) for os_rdy
    rt_list.o(.text) refers to rtx_conf_cm.o(.text) for os_error
    rt_list.o(.text) refers to rt_list.o(.bss) for os_rdy
    rt_list.o(.text) refers to rt_task.o(.data) for os_tsk
    rt_list.o(.text) refers to rt_time.o(.data) for os_time
    rt_list.o(.text) refers to rtx_conf_cm.o(.bss) for os_fifo
    rt_mutex.o(.text) refers to rt_list.o(.text) for rt_resort_prio
    rt_mutex.o(.text) refers to hal_cm.o(.text) for rt_ret_val
    rt_mutex.o(.text) refers to rt_task.o(.text) for rt_dispatch
    rt_mutex.o(.text) refers to rt_task.o(.data) for os_tsk
    rt_mutex.o(.text) refers to rt_list.o(.bss) for os_rdy
    rt_task.o(.text) refers to hal_cm.o(.text) for rt_init_stack
    rt_task.o(.text) refers to rt_list.o(.text) for rt_get_first
    rt_task.o(.text) refers to hal_cm3.o(.emb_text) for rt_get_PSP
    rt_task.o(.text) refers to rt_system.o(.text) for rt_stk_check
    rt_task.o(.text) refers to rt_robin.o(.text) for rt_init_robin
    rt_task.o(.text) refers to rtx_conf_cm.o(.bss) for os_active_TCB
    rt_task.o(.text) refers to rtx_conf_cm.o(.constdata) for os_maxtaskrun
    rt_task.o(.text) refers to rt_task.o(.data) for os_tsk
    rt_task.o(.text) refers to libspace.o(.bss) for __libspace_start
    rt_task.o(.text) refers to rt_list.o(.bss) for os_rdy
    rt_task.o(.text) refers to rt_task.o(.bss) for os_idle_TCB
    rt_task.o(.text) refers to rtx_conf_cm.o(.text) for os_idle_demon
    rt_task.o(.text) refers to rt_system.o(.data) for os_tick_irqn
    rt_cmsis.o(.text) refers to rt_task.o(.text) for rt_sys_init
    rt_cmsis.o(.text) refers to rtx_conf_cm.o(.text) for sysThreadError
    rt_cmsis.o(.text) refers to rt_mailbox.o(.text) for rt_mbx_init
    rt_cmsis.o(.text) refers to rtx_conf_cm.o(.constdata) for os_clockrate
    rt_cmsis.o(.text) refers to rt_cmsis.o(.data) for os_initialized
    rt_cmsis.o(.text) refers to rt_task.o(.data) for os_tsk
    rt_cmsis.o(.text) refers to rtx_conf_cm.o(.bss) for os_active_TCB
    rt_cmsis.o(.text) refers to rtx_conf_cm.o(.data) for os_messageQ_def_osTimerMessageQ
    rt_cmsis.o(.text) refers to rt_time.o(.text) for rt_dly_wait
    rt_cmsis.o(.text) refers to rt_event.o(.text) for rt_evt_set
    rt_cmsis.o(.text) refers to rt_mutex.o(.text) for rt_mut_init
    rt_cmsis.o(.text) refers to rt_semaphore.o(.text) for rt_sem_init
    rt_cmsis.o(.text) refers to rt_membox.o(.text) for _init_box
    rt_cmsis.o(.text) refers to rt_list.o(.text) for rt_put_prio
    rt_cmsis.o(.text) refers to rt_system.o(.text) for rt_psh_req
    rt_cmsis.o(.text) refers to hal_cm.o(.text) for rt_ret_val
    rt_system.o(.text) refers to rt_list.o(.text) for rt_put_rdy_first
    rt_system.o(.text) refers to rt_task.o(.text) for rt_switch_req
    rt_system.o(.text) refers to rt_event.o(.text) for rt_evt_psh
    rt_system.o(.text) refers to rt_mailbox.o(.text) for rt_mbx_psh
    rt_system.o(.text) refers to rt_semaphore.o(.text) for rt_sem_psh
    rt_system.o(.text) refers to rt_robin.o(.text) for rt_chk_robin
    rt_system.o(.text) refers to rt_cmsis.o(.text) for sysTimerTick
    rt_system.o(.text) refers to rtx_conf_cm.o(.text) for os_error
    rt_system.o(.text) refers to rt_system.o(.data) for os_tick_irqn
    rt_system.o(.text) refers to rt_list.o(.bss) for os_dly
    rt_system.o(.text) refers to rt_task.o(.data) for os_tsk
    rt_system.o(.text) refers to rt_robin.o(.data) for os_robin
    rt_system.o(.text) refers to rt_time.o(.data) for os_time
    rt_system.o(.text) refers to rtx_conf_cm.o(.bss) for os_fifo
    rt_system.o(.text) refers to rtx_conf_cm.o(.constdata) for os_trv
    rt_time.o(.text) refers to rt_task.o(.text) for rt_block
    rt_time.o(.text) refers to rt_time.o(.data) for os_time
    rt_time.o(.text) refers to rt_task.o(.data) for os_tsk
    rt_membox.o(.text) refers to hal_cm3.o(.emb_text) for _alloc_box
    rt_robin.o(.text) refers to rt_list.o(.text) for rt_get_first
    rt_robin.o(.text) refers to rt_robin.o(.data) for os_robin
[...]
    osPoolCreate                             0x00001c77   Thumb Code    52  rt_cmsis.o(.text)
    osPoolAlloc                              0x00001cab   Thumb Code    46  rt_cmsis.o(.text)
    osPoolCAlloc                             0x00001cd9   Thumb Code    46  rt_cmsis.o(.text)
    osPoolFree                               0x00001d07   Thumb Code    48  rt_cmsis.o(.text)
    svcMessagePut                            0x00001d37   Thumb Code    68  rt_cmsis.o(.text)
    osMessageCreate                          0x00001d7b   Thumb Code    58  rt_cmsis.o(.text)
    osMessagePut                             0x00001db5   Thumb Code    44  rt_cmsis.o(.text)
    svcMailCreate                            0x00001de1   Thumb Code   102  rt_cmsis.o(.text)
    sysMailAlloc                             0x00001e47   Thumb Code   138  rt_cmsis.o(.text)
    sysMailFree                              0x00001ed1   Thumb Code   126  rt_cmsis.o(.text)
    osMailCreate                             0x00001f4f   Thumb Code    58  rt_cmsis.o(.text)
    osMailAlloc                              0x00001f89   Thumb Code    52  rt_cmsis.o(.text)
    osMailCAlloc                             0x00001fbd   Thumb Code    52  rt_cmsis.o(.text)
    osMailFree                               0x00001ff1   Thumb Code    42  rt_cmsis.o(.text)
    osMailPut                                0x0000201b   Thumb Code    30  rt_cmsis.o(.text)
    osMailGet                                0x00002039   Thumb Code    56  rt_cmsis.o(.text)
    rt_tsk_lock                              0x0000207d   Thumb Code    98  rt_system.o(.text)
    rt_suspend                               0x000020df   Thumb Code    24  rt_system.o(.text)
    rt_tsk_unlock                            0x000020f7   Thumb Code   106  rt_system.o(.text)
    rt_resume                                0x00002161   Thumb Code   152  rt_system.o(.text)
    rt_psh_req                               0x000021f9   Thumb Code    24  rt_system.o(.text)
    rt_pop_req                               0x00002211   Thumb Code   154  rt_system.o(.text)
    os_tick_init                             0x000022ab   Thumb Code    42  rt_system.o(.text)
    os_tick_irqack                           0x000022d5   Thumb Code     2  rt_system.o(.text)
    rt_systick                               0x000022d7   Thumb Code    56  rt_system.o(.text)
    rt_stk_check                             0x0000230f   Thumb Code    50  rt_system.o(.text)
    rt_time_get                              0x00002375   Thumb Code     6  rt_time.o(.text)
    rt_dly_wait                              0x0000237b   Thumb Code    14  rt_time.o(.text)
    rt_itv_set                               0x00002389   Thumb Code    20  rt_time.o(.text)
    rt_itv_wait                              0x0000239d   Thumb Code    52  rt_time.o(.text)
    _init_box                                0x000023d9   Thumb Code    88  rt_membox.o(.text)
    rt_alloc_box                             0x00002431   Thumb Code    30  rt_membox.o(.text)
    _calloc_box                              0x0000244f   Thumb Code    40  rt_membox.o(.text)
    rt_free_box                              0x00002477   Thumb Code    36  rt_membox.o(.text)
    rt_init_robin                            0x0000249d   Thumb Code    14  rt_robin.o(.text)
    rt_chk_robin                             0x000024ab   Thumb Code    76  rt_robin.o(.text)
    os_idle_demon                            0x00002509   Thumb Code     4  rtx_conf_cm.o(.text)
    os_error                                 0x0000250d   Thumb Code    10  rtx_conf_cm.o(.text)
    sysThreadError                           0x00002517   Thumb Code    12  rtx_conf_cm.o(.text)
    _mutex_initialize                        0x00002523   Thumb Code    44  rtx_conf_cm.o(.text)
    _mutex_acquire                           0x0000254f   Thumb Code    26  rtx_conf_cm.o(.text)
    _mutex_release                           0x00002569   Thumb Code    22  rtx_conf_cm.o(.text)
    set_main_stack                           0x0000257f   Thumb Code    16  rtx_conf_cm.o(.text)
    rt_mbx_init                              0x000025c5   Thumb Code    34  rt_mailbox.o(.text)
    rt_mbx_send                              0x000025e7   Thumb Code   186  rt_mailbox.o(.text)
    rt_mbx_wait                              0x000026a1   Thumb Code   210  rt_mailbox.o(.text)
    rt_mbx_check                             0x00002773   Thumb Code    12  rt_mailbox.o(.text)
    isr_mbx_send                             0x0000277f   Thumb Code    22  rt_mailbox.o(.text)
    isr_mbx_receive                          0x00002795   Thumb Code    94  rt_mailbox.o(.text)
    rt_mbx_psh                               0x000027f3   Thumb Code   282  rt_mailbox.o(.text)
    generateSignalNum(rtos::Thread*)         0x00002915   Thumb Code    14  main.o(.text)
    generateSignalAnal(rtos::Thread*)        0x00002923   Thumb Code    14  main.o(.text)
    lecture_analog(const void*)              0x00002931   Thumb Code     4  main.o(.text)
    lecture_num(const void*)                 0x00002935   Thumb Code    36  main.o(.text)
    collection(const void*)                  0x00002959   Thumb Code     4  main.o(.text)
    $Super$$main                             0x0000295d   Thumb Code   106  main.o(.text)
    rtos::Thread::Thread(void(*)(const void*), void*, osPriority, unsigned, unsigned char*) 0x00002a85   Thumb Code    92  thread.o(.text)
    rtos::Thread::Thread__sub_object(void(*)(const void*), void*, osPriority, unsigned, unsigned char*) 0x00002a85   Thumb Code     0  thread.o(.text)
    rtos::Thread::terminate()                0x00002ae1   Thumb Code    12  thread.o(.text)
    rtos::Thread::set_priority(osPriority)   0x00002aed   Thumb Code    16  thread.o(.text)
    rtos::Thread::get_priority()             0x00002afd   Thumb Code    12  thread.o(.text)
    rtos::Thread::signal_set(int)            0x00002b09   Thumb Code    16  thread.o(.text)
    rtos::Thread::get_state()                0x00002b19   Thumb Code     6  thread.o(.text)
    rtos::Thread::signal_wait(int, unsigned) 0x00002b1f   Thumb Code    22  thread.o(.text)
    rtos::Thread::wait(unsigned)             0x00002b35   Thumb Code    12  thread.o(.text)
    rtos::Thread::yield()                    0x00002b41   Thumb Code     8  thread.o(.text)
    rtos::Thread::gettid()                   0x00002b49   Thumb Code     8  thread.o(.text)
    rtos::Thread::~Thread()                  0x00002b51   Thumb Code    30  thread.o(.text)
    rtos::Thread::~Thread__sub_object()      0x00002b51   Thumb Code     0  thread.o(.text)
    rtos::Thread::~Thread__deallocating()    0x00002b6f   Thumb Code    18  thread.o(.text)
    rtos::RtosTimer::RtosTimer(void(*)(const void*), os_timer_type, void*) 0x00002ba9   Thumb Code    48  rtostimer.o(.text)
    rtos::RtosTimer::RtosTimer__sub_object(void(*)(const void*), os_timer_type, void*) 0x00002ba9   Thumb Code     0  rtostimer.o(.text)
    rtos::RtosTimer::stop()                  0x00002bd9   Thumb Code    12  rtostimer.o(.text)
    rtos::RtosTimer::start(unsigned)         0x00002be5   Thumb Code    16  rtostimer.o(.text)
    rtos::RtosTimer::~RtosTimer()            0x00002bf5   Thumb Code    14  rtostimer.o(.text)
    rtos::RtosTimer::~RtosTimer__sub_object() 0x00002bf5   Thumb Code     0  rtostimer.o(.text)
    __2printf                                0x00002c05   Thumb Code    20  __2printf.o(.text)
    __2fprintf                               0x00002c1d   Thumb Code    20  __2fprintf.o(.text)
    __2sprintf                               0x00002c31   Thumb Code    38  __2sprintf.o(.text)
    _printf_str                              0x00002c5d   Thumb Code    82  _printf_str.o(.text)
    _printf_int_dec                          0x00002cb1   Thumb Code   104  _printf_dec.o(.text)
    _printf_longlong_hex                     0x00002d29   Thumb Code    86  _printf_hex_int_ll_ptr.o(.text)
    _printf_int_hex                          0x00002d7f   Thumb Code    28  _printf_hex_int_ll_ptr.o(.text)
    _printf_ll_hex                           0x00002d9b   Thumb Code    12  _printf_hex_int_ll_ptr.o(.text)
    _printf_hex_ptr                          0x00002da7   Thumb Code    18  _printf_hex_int_ll_ptr.o(.text)
    __printf                                 0x00002dbd   Thumb Code   388  __printf_flags_ss_wp.o(.text)
    __0sscanf                                0x00002f45   Thumb Code    52  __0sscanf.o(.text)
    _scanf_int                               0x00002f81   Thumb Code   332  _scanf_int.o(.text)
    setbuf                                   0x000030cd   Thumb Code    20  setbuf.o(.text)
    _fclose$unlocked                         0x000030e1   Thumb Code     0  fclose.o(.text)
    _fclose_internal                         0x000030e1   Thumb Code    76  fclose.o(.text)
    fclose                                   0x0000312d   Thumb Code    46  fclose_locked.o(.text)
    _do_fflush                               0x00003161   Thumb Code    74  fflush_locked.o(.text)
    fflush                                   0x000031ab   Thumb Code    60  fflush_locked.o(.text)
    freopen                                  0x0000329f   Thumb Code    42  fopen_locked.o(.text)
    fopen                                    0x000032c9   Thumb Code   100  fopen_locked.o(.text)
    strlen                                   0x00003335   Thumb Code    62  strlen.o(.text)
    strncmp                                  0x00003373   Thumb Code   150  strncmp.o(.text)
    __aeabi_memmove4                         0x00003409   Thumb Code     0  rt_memmove_w.o(.text)
    __aeabi_memmove8                         0x00003409   Thumb Code     0  rt_memmove_w.o(.text)
    __rt_memmove_w                           0x00003409   Thumb Code   122  rt_memmove_w.o(.text)
    __memmove_aligned                        0x0000342f   Thumb Code     0  rt_memmove_w.o(.text)
    __memmove_lastfew_aligned                0x00003467   Thumb Code     0  rt_memmove_w.o(.text)
    __aeabi_memclr4                          0x00003483   Thumb Code     0  rt_memclr_w.o(.text)
    __aeabi_memclr8                          0x00003483   Thumb Code     0  rt_memclr_w.o(.text)
    __rt_memclr_w                            0x00003483   Thumb Code    78  rt_memclr_w.o(.text)
    _memset_w                                0x00003487   Thumb Code     0  rt_memclr_w.o(.text)
    strcmp                                   0x000034d1   Thumb Code   128  strcmpv7m.o(.text)
    localtime                                0x00003551   Thumb Code     6  localtime.o(.text)
    mktime                                   0x0000359b   Thumb Code   352  mktime.o(.text)
    __use_two_region_memory                  0x00003705   Thumb Code     2  heapauxi.o(.text)
    __rt_heap_escrow                         0x00003707   Thumb Code     2  heapauxi.o(.text)
    __rt_heap_expand                         0x00003709   Thumb Code     2  heapauxi.o(.text)
    __cpp_initialize__aeabi_                 0x0000370d   Thumb Code    26  init_aeabi.o(.text)
    __rt_new_handler_addr                    0x00003731   Thumb Code    10  rt_new_handler_addr_twolibspace.o(.text)
    __rt_ddtor_pointer_addr                  0x0000373b   Thumb Code    10  rt_ddtor_pointer_addr_twolibspace.o(.text)
    _malloc_internal                         0x0000374d   Thumb Code   130  h1_alloc_mt.o(.text)
    malloc                                   0x000037cf   Thumb Code    20  h1_alloc_mt.o(.text)
    _free_internal                           0x000037e3   Thumb Code    98  h1_free_mt.o(.text)
    free                                     0x00003845   Thumb Code    20  h1_free_mt.o(.text)
    _printf_pre_padding                      0x00003859   Thumb Code    44  _printf_pad.o(.text)
    _printf_post_padding                     0x00003885   Thumb Code    34  _printf_pad.o(.text)
    _printf_truncate_signed                  0x000038a7   Thumb Code    18  _printf_truncate.o(.text)
    _printf_truncate_unsigned                0x000038b9   Thumb Code    18  _printf_truncate.o(.text)
    _printf_int_common                       0x000038cb   Thumb Code   178  _printf_intcommon.o(.text)
    _printf_charcount                        0x0000397d   Thumb Code    40  _printf_charcount.o(.text)
    _printf_char_common                      0x000039af   Thumb Code    32  _printf_char_common.o(.text)
    _sputc                                   0x000039d5   Thumb Code    10  _sputc.o(.text)
    _printf_cs_common                        0x000039df   Thumb Code    20  _printf_char.o(.text)
    _printf_char                             0x000039f3   Thumb Code    16  _printf_char.o(.text)
    _printf_string                           0x00003a03   Thumb Code     8  _printf_char.o(.text)
    _printf_wctomb                           0x00003a0d   Thumb Code   182  _printf_wctomb.o(.text)
    _printf_longlong_dec                     0x00003ac9   Thumb Code   108  _printf_longlong_dec.o(.text)
    _printf_longlong_oct                     0x00003b45   Thumb Code    68  _printf_oct_int_ll.o(.text)
    _printf_int_oct                          0x00003b89   Thumb Code    24  _printf_oct_int_ll.o(.text)
    _printf_ll_oct                           0x00003ba1   Thumb Code    12  _printf_oct_int_ll.o(.text)
    _chval                                   0x00003bb5   Thumb Code    28  _chval.o(.text)
    __vfscanf_char                           0x00003bdd   Thumb Code    24  scanf_char.o(.text)
    _sgetc                                   0x00003bfd   Thumb Code    30  _sgetc.o(.text)
    _sbackspace                              0x00003c1b   Thumb Code    34  _sgetc.o(.text)
    __flsbuf                                 0x00003c3d   Thumb Code   470  flsbuf.o(.text)
    __flsbuf_byte                            0x00003c3d   Thumb Code     0  flsbuf.o(.text)
    __flsbuf_wide                            0x00003c3d   Thumb Code     0  flsbuf.o(.text)
    _fseek                                   0x00003e15   Thumb Code   242  fseek.o(.text)
    fseek                                    0x00003e15   Thumb Code     0  fseek.o(.text)
    _seterr                                  0x00003f0d   Thumb Code    20  stdio.o(.text)
    _writebuf                                0x00003f21   Thumb Code    84  stdio.o(.text)
    _fflush                                  0x00003f75   Thumb Code    70  stdio.o(.text)
    _deferredlazyseek                        0x00003fbb   Thumb Code    60  stdio.o(.text)
    setvbuf                                  0x00003ffd   Thumb Code   104  setvbuf_locked.o(.text)
    _initio                                  0x00004065   Thumb Code   240  initio_locked.o(.text)
    _terminateio                             0x00004155   Thumb Code   168  initio_locked.o(.text)
    __rt_SIGPVFN                             0x0000422d   Thumb Code    14  defsig_pvfn_outer.o(.text)
    __aeabi_memcpy4                          0x0000423b   Thumb Code     0  rt_memcpy_w.o(.text)
    __aeabi_memcpy8                          0x0000423b   Thumb Code     0  rt_memcpy_w.o(.text)
    __rt_memcpy_w                            0x0000423b   Thumb Code   100  rt_memcpy_w.o(.text)
    _memcpy_lastbytes_aligned                0x00004283   Thumb Code     0  rt_memcpy_w.o(.text)
    asctime                                  0x000042a1   Thumb Code     6  asctime.o(.text)
    _localtime_r                             0x000042ad   Thumb Code   178  localtime_internal.o(.text)
    _n$localtime_r                           0x000042ad   Thumb Code     0  localtime_internal.o(.text)
    __default_new_handler()                  0x00004365   Thumb Code     4  arm_newhandler_noexceptions.o(.text)
    __rt_heap_descriptor                     0x00004369   Thumb Code    10  rt_heap_descriptor_twolibspace.o(.text)
    __use_no_heap                            0x00004373   Thumb Code     2  hguard.o(.text)
    __heap$guard                             0x00004375   Thumb Code     2  hguard.o(.text)
    _terminate_user_alloc                    0x00004377   Thumb Code     2  init_alloc.o(.text)
    _init_user_alloc                         0x00004379   Thumb Code     2  init_alloc.o(.text)
    __Heap_Full                              0x0000437b   Thumb Code    34  init_alloc.o(.text)
    __Heap_Broken                            0x0000439d   Thumb Code     6  init_alloc.o(.text)
    _init_alloc                              0x000043a3   Thumb Code    94  init_alloc.o(.text)
    __Heap_Initialize                        0x00004401   Thumb Code    14  h1_init_mt.o(.text)
    __Heap_DescSize                          0x0000440f   Thumb Code     4  h1_init_mt.o(.text)
    _ll_udiv10                               0x00004413   Thumb Code   138  lludiv10.o(.text)
    isspace                                  0x0000449d   Thumb Code    18  isspace.o(.text)
    __lib_sel_fp_printf                      0x000044af   Thumb Code     2  _printf_fp_dec.o(.text)
    _printf_fp_dec_real                      0x0000465d   Thumb Code   620  _printf_fp_dec.o(.text)
    _printf_fp_hex_real                      0x000048c9   Thumb Code   754  _printf_fp_hex.o(.text)
    _printf_char_file                        0x00004bc5   Thumb Code    58  _printf_char_file_locked.o(.text)
    _printf_lcs_common                       0x00004c05   Thumb Code    20  _printf_wchar.o(.text)
    _printf_wchar                            0x00004c19   Thumb Code    16  _printf_wchar.o(.text)
    _printf_wstring                          0x00004c29   Thumb Code     8  _printf_wchar.o(.text)
    __vfscanf                                0x00004c31   Thumb Code   878  _scanf.o(.text)
    _ftell_internal                          0x00004fa5   Thumb Code    66  ftell.o(.text)
    ftell                                    0x00004fa5   Thumb Code     0  ftell.o(.text)
    _wcrtomb                                 0x00004fe7   Thumb Code    64  _wcrtomb.o(.text)
    __sig_exit                               0x00005027   Thumb Code    10  defsig_exit.o(.text)
    __rt_SIGRTRED                            0x00005031   Thumb Code    14  defsig_rtred_outer.o(.text)
    __rt_SIGPVFN_inner                       0x00005041   Thumb Code    14  defsig_pvfn_inner.o(.text)
    _asctime_r                               0x00005071   Thumb Code    74  asctime_internal.o(.text)
    _n$asctime_r                             0x00005071   Thumb Code     0  asctime_internal.o(.text)
    std::terminate()                         0x000050d9   Thumb Code    26  arm_exceptions_terminate.o(.text)
    __cxa_get_globals                        0x000050fb   Thumb Code    62  arm_exceptions_globs.o(.text)
    _sys_exit                                0x00005145   Thumb Code     8  sys_exit.o(.text)
    __rt_ctype_table                         0x00005151   Thumb Code    16  rt_ctype_table.o(.text)
    __rt_locale                              0x00005161   Thumb Code    10  rt_locale_twolibspace.o(.text)
    __rt_eh_globals_addr                     0x0000516b   Thumb Code    10  rt_eh_globals_addr_twolibspace.o(.text)
    __aeabi_errno_addr                       0x00005175   Thumb Code     4  rt_errno_addr_twolibspace.o(.text)
    __errno$twolibspace                      0x00005175   Thumb Code     0  rt_errno_addr_twolibspace.o(.text)
    __rt_errno_addr$twolibspace              0x00005175   Thumb Code     0  rt_errno_addr_twolibspace.o(.text)
    __Heap_ProvideMemory                     0x00005179   Thumb Code    62  h1_extend_mt.o(.text)
    sprintf                                  0x000051b9   Thumb Code    38  sprintf.o(.text)
    _printf_fp_infnan                        0x000051e5   Thumb Code   112  _printf_fp_infnan.o(.text)
    _btod_etento                             0x00005265   Thumb Code   216  bigflt0.o(.text)
    abort                                    0x00005341   Thumb Code    16  abort.o(.text)
    __default_signal_display                 0x00005351   Thumb Code    50  defsig_general.o(.text)
    __rt_SIGRTRED_inner                      0x00005385   Thumb Code    14  defsig_rtred_inner.o(.text)
    __rt_SIGRTMEM                            0x000053b9   Thumb Code    14  defsig_rtmem_outer.o(.text)
    __ARM_exceptions_buffer_init             0x000053c7   Thumb Code    18  arm_exceptions_mem.o(.text)
    __ARM_exceptions_buffer_allocate         0x000053d9   Thumb Code    22  arm_exceptions_mem.o(.text)
    __ARM_exceptions_buffer_free             0x000053ef   Thumb Code    20  arm_exceptions_mem.o(.text)
    _ttywrch                                 0x00005403   Thumb Code    14  sys_wrch.o(.text)
    __I$use$semihosting                      0x00005411   Thumb Code     0  use_no_semi.o(.text)
    __use_no_semihosting_swi                 0x00005411   Thumb Code     2  use_no_semi.o(.text)
    __rt_SIGABRT                             0x00005413   Thumb Code    14  defsig_abrt_outer.o(.text)
    __semihosting_library_function           0x00005413   Thumb Code     0  indicate_semi.o(.text)
    __rt_SIGRTMEM_inner                      0x00005421   Thumb Code    22  defsig_rtmem_inner.o(.text)
    __rt_SIGABRT_inner                       0x00005471   Thumb Code    14  defsig_abrt_inner.o(.text)
    _btod_d2e                                0x000054a1   Thumb Code    62  btod.o(CL$$btod_d2e)
    _d2e_denorm_low                          0x000054df   Thumb Code    70  btod.o(CL$$btod_d2e_denorm_low)
    _d2e_norm_op1                            0x00005525   Thumb Code    96  btod.o(CL$$btod_d2e_norm_op1)
    __btod_div_common                        0x00005585   Thumb Code   696  btod.o(CL$$btod_div_common)
    _e2e                                     0x000058bd   Thumb Code   198  btod.o(CL$$btod_e2e)
    _btod_ediv                               0x00005983   Thumb Code    40  btod.o(CL$$btod_ediv)
    _btod_emul                               0x000059ab   Thumb Code    40  btod.o(CL$$btod_emul)
    __btod_mult_common                       0x000059d3   Thumb Code   580  btod.o(CL$$btod_mult_common)
    SVC_Count                                0x00005c18   Data           4  svc_table.o(SVC_TABLE)
    SVC_Table                                0x00005c1c   Data           0  svc_table.o(SVC_TABLE)
    main                                     0x00005c1d   Thumb Code    18  retarget.o(i.$Sub$$main)
    NVIC_SetVector                           0x00005c35   Thumb Code   102  cmsis_nvic.o(i.NVIC_SetVector)
    SystemInit                               0x00005ca1   Thumb Code   150  system_LPC17xx.o(i.SystemInit)
    mbed::FileHandle::flen()                 0x00005d41   Thumb Code    58  retarget.o(i._ZN4mbed10FileHandle4flenEv)
    mbed::FileHandle::~FileHandle()          0x00005d7d   Thumb Code     0  retarget.o(i._ZN4mbed10FileHandleD2Ev)
    mbed::FileHandle::~FileHandle__sub_object() 0x00005d7d   Thumb Code    38  retarget.o(i._ZN4mbed10FileHandleD2Ev)
    mbed::SerialBase::_base_putc(int)        0x00005dad   Thumb Code    14  SerialBase.o(i._ZN4mbed10SerialBase10_base_putcEi)
    mbed::SerialBase::_irq_handler(unsigned, SerialIrq) 0x00005dbb   Thumb Code    14  SerialBase.o(i._ZN4mbed10SerialBase12_irq_handlerEj9SerialIrq)
    mbed::SerialBase::SerialBase(PinName, PinName) 0x00005dc9   Thumb Code    62  SerialBase.o(i._ZN4mbed10SerialBaseC1E7PinNameS1_)
    mbed::SerialBase::SerialBase__sub_object(PinName, PinName) 0x00005dc9   Thumb Code     0  SerialBase.o(i._ZN4mbed10SerialBaseC1E7PinNameS1_)
    mbed::FunctionPointer::call()            0x00005e15   Thumb Code    24  FunctionPointer.o(i._ZN4mbed15FunctionPointer4callEv)
    mbed::FunctionPointer::FunctionPointer(void(*)()) 0x00005e2d   Thumb Code    10  FunctionPointer.o(i._ZN4mbed15FunctionPointerC1EPFvvE)
    mbed::FunctionPointer::FunctionPointer__sub_object(void(*)()) 0x00005e2d   Thumb Code     0  FunctionPointer.o(i._ZN4mbed15FunctionPointerC1EPFvvE)
    mbed::Serial::Serial(PinName, PinName, const char*) 0x00005e39   Thumb Code    32  Serial.o(i._ZN4mbed6SerialC1E7PinNameS1_PKc)
    mbed::Serial::Serial__sub_object(PinName, PinName, const char*) 0x00005e39   Thumb Code     0  Serial.o(i._ZN4mbed6SerialC1E7PinNameS1_PKc)
    mbed::Serial::~Serial()                  0x00005e5d   Thumb Code    12  Serial.o(i._ZN4mbed6SerialD1Ev)
    mbed::Serial::~Serial__sub_object()      0x00005e5d   Thumb Code     0  Serial.o(i._ZN4mbed6SerialD1Ev)
    mbed::Stream::flen()                     0x00005e69   Thumb Code     4  Stream.o(i._ZN4mbed6Stream4flenEv)
    mbed::Stream::close()                    0x00005e6d   Thumb Code     4  Stream.o(i._ZN4mbed6Stream5closeEv)
    mbed::Stream::lseek(long, int)           0x00005e71   Thumb Code     4  Stream.o(i._ZN4mbed6Stream5lseekEli)
    mbed::Stream::write(const void*, unsigned) 0x00005e75   Thumb Code    42  Stream.o(i._ZN4mbed6Stream5writeEPKvj)
    mbed::Stream::isatty()                   0x00005e9f   Thumb Code     4  Stream.o(i._ZN4mbed6Stream6isattyEv)
    mbed::Stream::Stream__sub_object(const char*) 0x00005ea5   Thumb Code    54  Stream.o(i._ZN4mbed6StreamC2EPKc)
    mbed::Stream::~Stream()                  0x00005ee9   Thumb Code     0  Stream.o(i._ZN4mbed6StreamD2Ev)
    mbed::Stream::~Stream__sub_object()      0x00005ee9   Thumb Code    28  Stream.o(i._ZN4mbed6StreamD2Ev)
    mbed::FileBase::getPathType()            0x00005f09   Thumb Code     4  FileBase.o(i._ZN4mbed8FileBase11getPathTypeEv)
    mbed::FileBase::lookup(const char*, unsigned) 0x00005f0d   Thumb Code    50  FileBase.o(i._ZN4mbed8FileBase6lookupEPKcj)
    mbed::FileBase::FileBase(const char*, mbed::PathType) 0x00005f45   Thumb Code    28  FileBase.o(i._ZN4mbed8FileBaseC1EPKcNS_8PathTypeE)
    mbed::FileBase::FileBase__sub_object(const char*, mbed::PathType) 0x00005f45   Thumb Code     0  FileBase.o(i._ZN4mbed8FileBaseC1EPKcNS_8PathTypeE)
    mbed::FileBase::~FileBase()              0x00005f69   Thumb Code    46  FileBase.o(i._ZN4mbed8FileBaseD1Ev)
    mbed::FileBase::~FileBase__sub_object()  0x00005f69   Thumb Code     0  FileBase.o(i._ZN4mbed8FileBaseD1Ev)
    mbed::FileLike::FileLike__sub_object(const char*) 0x00005fa1   Thumb Code    26  FileLike.o(i._ZN4mbed8FileLikeC2EPKc)
    mbed::FileLike::~FileLike()              0x00005fc5   Thumb Code     0  FileLike.o(i._ZN4mbed8FileLikeD2Ev)
    mbed::FileLike::~FileLike__sub_object()  0x00005fc5   Thumb Code    18  FileLike.o(i._ZN4mbed8FileLikeD2Ev)
    mbed::FilePath::fileSystem()             0x00005fd7   Thumb Code    24  FilePath.o(i._ZN4mbed8FilePath10fileSystemEv)
    mbed::FilePath::file()                   0x00005fef   Thumb Code    28  FilePath.o(i._ZN4mbed8FilePath4fileEv)
    mbed::FilePath::exists()                 0x0000600b   Thumb Code    10  FilePath.o(i._ZN4mbed8FilePath6existsEv)
    mbed::FilePath::isFile()                 0x00006015   Thumb Code    24  FilePath.o(i._ZN4mbed8FilePath6isFileEv)
    mbed::FilePath::fileName()               0x0000602d   Thumb Code     4  FilePath.o(i._ZN4mbed8FilePath8fileNameEv)
    mbed::FilePath::FilePath(const char*)    0x00006031   Thumb Code    64  FilePath.o(i._ZN4mbed8FilePathC1EPKc)
    mbed::FilePath::FilePath__sub_object(const char*) 0x00006031   Thumb Code     0  FilePath.o(i._ZN4mbed8FilePathC1EPKc)
    mbed::DigitalIn::read()                  0x00006071   Thumb Code    46  main.o(i._ZN4mbed9DigitalIn4readEv)
    thunk{-72} to mbed::Serial::_putc(int)   0x000060f5   Thumb Code     6  Serial.o(i._ZThn72_N4mbed6Serial5_putcEi)
    operator delete[] (void*)                0x000060fb   Thumb Code     8  array_del.o(i._ZdaPv)
    operator delete (void*)                  0x00006103   Thumb Code     8  delete.o(i._ZdlPv)
    operator new[] (unsigned)                0x0000610b   Thumb Code     8  array_new.o(i._Znaj)
    operator new(unsigned)                   0x00006115   Thumb Code    34  new.o(i._Znwj)
    __ARM_fpclassify                         0x0000613d   Thumb Code    40  fpclassify.o(i.__ARM_fpclassify)
    __aeabi_atexit                           0x00006165   Thumb Code    50  aeabi_atexit.o(i.__aeabi_atexit)
    __aeabi_vec_ctor_nocookie_nodtor         0x00006197   Thumb Code    36  aeabi_vec_ctor_nocookie_nodtor.o(i.__aeabi_vec_ctor_nocookie_nodtor)
    __cxa_finalize                           0x000061bb   Thumb Code    66  cxa_finalize.o(i.__cxa_finalize)
    __cxa_pure_virtual                       0x000061fd   Thumb Code     6  pure_virt.o(i.__cxa_pure_virtual)
    __user_setup_stackheap                   0x00006205   Thumb Code    10  sys.o(i.__user_setup_stackheap)
    _is_digit                                0x00006215   Thumb Code    14  __printf_wp.o(i._is_digit)
    _sys_close                               0x00006225   Thumb Code    40  retarget.o(i._sys_close)
    _sys_flen                                0x00006251   Thumb Code    34  retarget.o(i._sys_flen)
    _sys_istty                               0x00006279   Thumb Code    34  retarget.o(i._sys_istty)
    _sys_open                                0x000062a1   Thumb Code   300  retarget.o(i._sys_open)
    _sys_seek                                0x000063ed   Thumb Code    36  retarget.o(i._sys_seek)
    _sys_write                               0x00006415   Thumb Code    82  retarget.o(i._sys_write)
    analogin_init                            0x00006479   Thumb Code   102  analogin_api.o(i.analogin_init)
    error                                    0x00006511   Thumb Code    20  error.o(i.error)
    exit                                     0x00006529   Thumb Code    36  exit.o(i.exit)
    _fputc$unlocked                          0x00006555   Thumb Code    26  fputc.o(i.fputc)
    gpio_dir                                 0x00006571   Thumb Code    52  gpio_api.o(i.gpio_dir)
    gpio_init                                0x000065c1   Thumb Code    56  gpio_api.o(i.gpio_init)
    gpio_init_in                             0x000065f9   Thumb Code    38  gpio.o(i.gpio_init_in)
    gpio_init_out                            0x00006621   Thumb Code    62  gpio.o(i.gpio_init_out)
    gpio_init_out_ex                         0x00006665   Thumb Code    74  gpio.o(i.gpio_init_out_ex)
    gpio_mode                                0x000066b5   Thumb Code     6  gpio_api.o(i.gpio_mode)
    mbed_assert_internal                     0x000066bd   Thumb Code    24  assert.o(i.mbed_assert_internal)
    mbed_die                                 0x0000670d   Thumb Code   242  board.o(i.mbed_die)
    mbed_interface_connected                 0x00006815   Thumb Code     4  mbed_interface.o(i.mbed_interface_connected)
    mbed_main                                0x00006819   Thumb Code     2  retarget.o(i.mbed_main)
    mbed_sdk_init                            0x0000681b   Thumb Code     2  retarget.o(i.mbed_sdk_init)
    pin_function                             0x0000681d   Thumb Code    62  pinmap.o(i.pin_function)
    pin_mode                                 0x00006879   Thumb Code   104  pinmap.o(i.pin_mode)
    pinmap_find_peripheral                   0x000068fd   Thumb Code    30  pinmap_common.o(i.pinmap_find_peripheral)
    pinmap_merge                             0x0000691d   Thumb Code    34  pinmap_common.o(i.pinmap_merge)
    pinmap_peripheral                        0x00006955   Thumb Code    54  pinmap_common.o(i.pinmap_peripheral)
    pinmap_pinout                            0x000069ad   Thumb Code    60  pinmap_common.o(i.pinmap_pinout)
    rtc_init                                 0x000069fd   Thumb Code    26  rtc_api.o(i.rtc_init)
    rtc_isenabled                            0x00006a21   Thumb Code    10  rtc_api.o(i.rtc_isenabled)
    rtc_read                                 0x00006a31   Thumb Code    46  rtc_api.o(i.rtc_read)
    rtc_write                                0x00006a65   Thumb Code    64  rtc_api.o(i.rtc_write)
    semihost_connected                       0x00006aa9   Thumb Code    10  semihost_api.o(i.semihost_connected)
    semihost_exit                            0x00006ab9   Thumb Code    12  semihost_api.o(i.semihost_exit)
    serial_baud                              0x00006ac5   Thumb Code   408  serial_api.o(i.serial_baud)
    serial_format                            0x00006c89   Thumb Code   154  serial_api.o(i.serial_format)
    serial_init                              0x00006d29   Thumb Code   334  serial_api.o(i.serial_init)
    serial_irq_handler                       0x00006ea1   Thumb Code    18  serial_api.o(i.serial_irq_handler)
    serial_putc                              0x00006f91   Thumb Code   100  serial_api.o(i.serial_putc)
    serial_set_flow_control                  0x00006ff9   Thumb Code   252  serial_api.o(i.serial_set_flow_control)
    set_time                                 0x00007105   Thumb Code    18  rtc_time.o(i.set_time)
    time                                     0x00007117   Thumb Code    34  rtc_time.o(i.time)
    uart0_irq                                0x00007139   Thumb Code    14  serial_api.o(i.uart0_irq)
    uart1_irq                                0x0000714d   Thumb Code    14  serial_api.o(i.uart1_irq)
    uart2_irq                                0x00007161   Thumb Code    14  serial_api.o(i.uart2_irq)
    uart3_irq                                0x00007175   Thumb Code    14  serial_api.o(i.uart3_irq)
    us_ticker_clear_interrupt                0x000071ed   Thumb Code     8  us_ticker.o(i.us_ticker_clear_interrupt)
    us_ticker_disable_interrupt              0x000071f9   Thumb Code    12  us_ticker.o(i.us_ticker_disable_interrupt)
    us_ticker_irq_handler                    0x00007209   Thumb Code    62  us_ticker_api.o(i.us_ticker_irq_handler)
    us_ticker_read                           0x0000724d   Thumb Code    72  us_ticker.o(i.us_ticker_read)
    us_ticker_set_interrupt                  0x000072ad   Thumb Code    14  us_ticker.o(i.us_ticker_set_interrupt)
    wait_ms                                  0x000072c1   Thumb Code    28  wait_api.o(i.wait_ms)
    _get_lc_numeric                          0x000072dd   Thumb Code    44  lc_numeric_c.o(locale$$code)
    _get_lc_time                             0x00007309   Thumb Code    44  lc_time_c.o(locale$$code)
    _get_lc_ctype                            0x00007335   Thumb Code    44  lc_ctype_c.o(locale$$code)
    _printf_fp_dec                           0x00007361   Thumb Code     4  printf1.o(x$fpl$printf1)
    _printf_fp_hex                           0x00007365   Thumb Code     4  printf2.o(x$fpl$printf2)
    __I$use$fp                               0x00007368   Number         0  usenofp.o(x$fpl$usenofp)
    os_maxtaskrun                            0x00007368   Data           2  rtx_conf_cm.o(.constdata)
    os_rrobin                                0x0000736c   Data           4  rtx_conf_cm.o(.constdata)
    os_trv                                   0x00007370   Data           4  rtx_conf_cm.o(.constdata)
    os_flags                                 0x00007374   Data           1  rtx_conf_cm.o(.constdata)
    os_clockrate                             0x00007378   Data           4  rtx_conf_cm.o(.constdata)
    os_timernum                              0x0000737c   Data           4  rtx_conf_cm.o(.constdata)
    idle_task_stack_size                     0x00007380   Data           2  rtx_conf_cm.o(.constdata)
    os_fifo_size                             0x00007382   Data           1  rtx_conf_cm.o(.constdata)
    __stdin_name                             0x00007383   Data           7  retarget.o(.constdata)
    __stdout_name                            0x0000738a   Data           8  retarget.o(.constdata)
    __stderr_name                            0x00007392   Data           8  retarget.o(.constdata)
    _monlen                                  0x000078fc   Data          12  _monlen.o(.constdata)
    vtable for mbed::FileHandle              0x000079c4   Data          44  retarget.o(.constdata__ZTVN4mbed10FileHandleE)
    vtable for mbed::SerialBase              0x000079f0   Data          16  SerialBase.o(.constdata__ZTVN4mbed10SerialBaseE)
    vtable for mbed::Serial                  0x00007a00   Data          92  Serial.o(.constdata__ZTVN4mbed6SerialE)
    vtable for mbed::Stream                  0x00007a5c   Data          68  Stream.o(.constdata__ZTVN4mbed6StreamE)
    vtable for mbed::FileBase                0x00007aa0   Data          16  FileBase.o(.constdata__ZTVN4mbed8FileBaseE)
    vtable for mbed::FileLike                0x00007ab0   Data          60  FileLike.o(.constdata__ZTVN4mbed8FileLikeE)
    vtable for rtos::Thread                  0x00007aec   Data          16  thread.o(.constdata__ZTVN4rtos6ThreadE)
    Region$$Table$$Base                      0x00007afc   Number         0  anon$$obj.o(Region$$Table)
    Region$$Table$$Limit                     0x00007b1c   Number         0  anon$$obj.o(Region$$Table)
    __ctype                                  0x00007cc5   Data           0  lc_ctype_c.o(locale$$data)
    SHT$$INIT_ARRAY$$Base                    0x00007dc8   Number         0  main.o(.init_array)
    SHT$$INIT_ARRAY$$Limit                   0x00007dcc   Number         0  init_aeabi.o(.init_array)
    os_tsk                                   0x100000c8   Data           8  rt_task.o(.data)
    os_initialized                           0x100000d0   Data           1  rt_cmsis.o(.data)
    os_running                               0x100000d1   Data           1  rt_cmsis.o(.data)
    os_timer_head                            0x100000d4   Data           4  rt_cmsis.o(.data)
    os_tick_irqn                             0x100000d8   Data           4  rt_system.o(.data)
    os_time                                  0x100000e0   Data           4  rt_time.o(.data)
    os_robin                                 0x100000e4   Data           8  rt_robin.o(.data)
    os_thread_def_osTimerThread              0x100000ec   Data         164  rtx_conf_cm.o(.data)
    osThreadId_osTimerThread                 0x10000190   Data           4  rtx_conf_cm.o(.data)
    os_messageQ_def_osTimerMessageQ          0x10000194   Data           8  rtx_conf_cm.o(.data)
    osMessageQId_osTimerMessageQ             0x1000019c   Data           4  rtx_conf_cm.o(.data)
    os_thread_def_main                       0x100001a4   Data         164  rtx_conf_cm.o(.data)
    ea_1                                     0x10000248   Data           1  main.o(.data)
    SystemCoreClock                          0x1000024c   Data           4  system_LPC17xx.o(.data)
    stdio_uart_inited                        0x10000250   Data           4  serial_api.o(.data)
    stdio_uart                               0x10000258   Data           8  serial_api.o(.data)
    us_ticker_inited                         0x10000260   Data           4  us_ticker.o(.data)
    mbed::FileBase::_head                    0x10000264   Data           4  FileBase.o(.data)
    __aeabi_stdin                            0x10000270   Data           4  stdio_streams.o(.data)
    __aeabi_stdout                           0x10000274   Data           4  stdio_streams.o(.data)
    __aeabi_stderr                           0x10000278   Data           4  stdio_streams.o(.data)
    _stream_list_lock                        0x1000027c   Data           4  streamlock.o(.data)
    os_rdy                                   0x10000280   Data          24  rt_list.o(.bss)
    os_dly                                   0x10000298   Data          24  rt_list.o(.bss)
    os_idle_TCB                              0x100002b0   Data         148  rt_task.o(.bss)
    idle_task_stack                          0x10000344   Data         512  rtx_conf_cm.o(.bss)
    os_fifo                                  0x10000544   Data         132  rtx_conf_cm.o(.bss)
    os_active_TCB                            0x100005c8   Data          60  rtx_conf_cm.o(.bss)
    os_thread_def_stack_osTimerThread        0x10000604   Data        2048  rtx_conf_cm.o(.bss)
    os_messageQ_q_osTimerMessageQ            0x10000e04   Data          32  rtx_conf_cm.o(.bss)
    en_1                                     0x10000eb4   Data          24  main.o(.bss)
    pc                                       0x10000ecc   Data          96  main.o(.bss)
    __libspace_start                         0x1000104c   Data          96  libspace.o(.bss)
    __stdin                                  0x100010ac   Data          84  stdio_streams.o(.bss)
    __temporary_stack_top$libspace           0x100010ac   Data           0  libspace.o(.bss)
    __stdout                                 0x10001100   Data          84  stdio_streams.o(.bss)
    __stderr                                 0x10001154   Data          84  stdio_streams.o(.bss)
    Image$$RW_IRAM1$$ZI$$Limit               0x10001218   Number         0  anon$$obj.o ABSOLUTE



==============================================================================

Memory Map of the image

  Image Entry point : 0x000000c5

  Load Region LR_IROM1 (Base: 0x00000000, Size: 0x00007f84, Max: 0x00080000, ABSOLUTE, COMPRESSED[0x00007dec])

    Execution Region ER_IROM1 (Base: 0x00000000, Size: 0x00007dcc, Max: 0x00080000, ABSOLUTE)

    Base Addr    Size         Type   Attr      Idx    E Section Name        Object

    0x00000000   0x000000c4   Data   RO          812    RESET               startup_LPC17xx.o
    0x000000c4   0x00000008   Code   RO         1506  * !!!main             c_w.l(__main.o)
    0x000000cc   0x00000034   Code   RO         2319    !!!scatter          c_w.l(__scatter.o)
    0x00000100   0x0000003a   Code   RO         2317    !!dczerorl          c_w.l(__dczerorl.o)
    0x0000013a   0x00000002   PAD
    0x0000013c   0x0000001c   Code   RO         2321    !!handler_zi        c_w.l(__scatter_zi.o)
    0x00000158   0x00000000   Code   RO         1438    .ARM.Collect$$_printf_percent$$00000000  c_w.l(_printf_percent.o)
    0x00000158   0x00000006   Code   RO         1763    .ARM.Collect$$_printf_percent$$00000001  c_w.l(_printf_n.o)
    0x0000015e   0x00000006   Code   RO         1436    .ARM.Collect$$_printf_percent$$00000002  c_w.l(_printf_p.o)
    0x00000164   0x00000006   Code   RO         1768    .ARM.Collect$$_printf_percent$$00000003  c_w.l(_printf_f.o)
    0x0000016a   0x00000006   Code   RO         1769    .ARM.Collect$$_printf_percent$$00000004  c_w.l(_printf_e.o)
    0x00000170   0x00000006   Code   RO         1770    .ARM.Collect$$_printf_percent$$00000005  c_w.l(_printf_g.o)
    0x00000176   0x00000006   Code   RO         1771    .ARM.Collect$$_printf_percent$$00000006  c_w.l(_printf_a.o)
    0x0000017c   0x0000000a   Code   RO         1776    .ARM.Collect$$_printf_percent$$00000007  c_w.l(_printf_ll.o)
    0x00000186   0x00000006   Code   RO         1766    .ARM.Collect$$_printf_percent$$00000008  c_w.l(_printf_i.o)
    0x0000018c   0x00000006   Code   RO         1437    .ARM.Collect$$_printf_percent$$00000009  c_w.l(_printf_d.o)
    0x00000192   0x00000006   Code   RO         1767    .ARM.Collect$$_printf_percent$$0000000A  c_w.l(_printf_u.o)
    0x00000198   0x00000006   Code   RO         1765    .ARM.Collect$$_printf_percent$$0000000B  c_w.l(_printf_o.o)
    0x0000019e   0x00000006   Code   RO         1764    .ARM.Collect$$_printf_percent$$0000000C  c_w.l(_printf_x.o)
    0x000001a4   0x00000006   Code   RO         1773    .ARM.Collect$$_printf_percent$$0000000D  c_w.l(_printf_lli.o)
    0x000001aa   0x00000006   Code   RO         1774    .ARM.Collect$$_printf_percent$$0000000E  c_w.l(_printf_lld.o)
    0x000001b0   0x00000006   Code   RO         1775    .ARM.Collect$$_printf_percent$$0000000F  c_w.l(_printf_llu.o)
    0x000001b6   0x00000006   Code   RO         1780    .ARM.Collect$$_printf_percent$$00000010  c_w.l(_printf_llo.o)
    0x000001bc   0x00000006   Code   RO         1781    .ARM.Collect$$_printf_percent$$00000011  c_w.l(_printf_llx.o)
    0x000001c2   0x0000000a   Code   RO         1777    .ARM.Collect$$_printf_percent$$00000012  c_w.l(_printf_l.o)
    0x000001cc   0x00000006   Code   RO         1762    .ARM.Collect$$_printf_percent$$00000013  c_w.l(_printf_c.o)
    0x000001d2   0x00000006   Code   RO         1435    .ARM.Collect$$_printf_percent$$00000014  c_w.l(_printf_s.o)
    0x000001d8   0x00000006   Code   RO         1778    .ARM.Collect$$_printf_percent$$00000015  c_w.l(_printf_lc.o)
    0x000001de   0x00000006   Code   RO         1779    .ARM.Collect$$_printf_percent$$00000016  c_w.l(_printf_ls.o)
    0x000001e4   0x00000004   Code   RO         1772    .ARM.Collect$$_printf_percent$$00000017  c_w.l(_printf_percent_end.o)
    0x000001e8   0x00000002   Code   RO         1505    .ARM.Collect$$libinit$$00000000  c_w.l(libinit.o)
    0x000001ea   0x00000000   Code   RO         1836    .ARM.Collect$$libinit$$00000002  c_w.l(libinit2.o)
    0x000001ea   0x00000000   Code   RO         1838    .ARM.Collect$$libinit$$00000004  c_w.l(libinit2.o)
    0x000001ea   0x00000008   Code   RO         1839    .ARM.Collect$$libinit$$00000005  c_w.l(libinit2.o)
    0x000001f2   0x00000000   Code   RO         1841    .ARM.Collect$$libinit$$0000000A  c_w.l(libinit2.o)
    0x000001f2   0x00000000   Code   RO         1843    .ARM.Collect$$libinit$$0000000C  c_w.l(libinit2.o)
    0x000001f2   0x00000000   Code   RO         1845    .ARM.Collect$$libinit$$0000000E  c_w.l(libinit2.o)
    0x000001f2   0x00000006   Code   RO         1846    .ARM.Collect$$libinit$$0000000F  c_w.l(libinit2.o)
    0x000001f8   0x00000000   Code   RO         1848    .ARM.Collect$$libinit$$00000011  c_w.l(libinit2.o)
    0x000001f8   0x0000000c   Code   RO         1849    .ARM.Collect$$libinit$$00000012  c_w.l(libinit2.o)
    0x00000204   0x00000000   Code   RO         1850    .ARM.Collect$$libinit$$00000013  c_w.l(libinit2.o)
    0x00000204   0x00000000   Code   RO         1852    .ARM.Collect$$libinit$$00000015  c_w.l(libinit2.o)
    0x00000204   0x0000000a   Code   RO         1853    .ARM.Collect$$libinit$$00000016  c_w.l(libinit2.o)
    0x0000020e   0x00000000   Code   RO         1854    .ARM.Collect$$libinit$$00000017  c_w.l(libinit2.o)
    0x0000020e   0x0000000a   Code   RO         1855    .ARM.Collect$$libinit$$00000018  c_w.l(libinit2.o)
    0x00000218   0x00000000   Code   RO         1856    .ARM.Collect$$libinit$$00000019  c_w.l(libinit2.o)
    0x00000218   0x00000000   Code   RO         1858    .ARM.Collect$$libinit$$0000001B  c_w.l(libinit2.o)
    0x00000218   0x00000000   Code   RO         1860    .ARM.Collect$$libinit$$0000001D  c_w.l(libinit2.o)
    0x00000218   0x00000000   Code   RO         1862    .ARM.Collect$$libinit$$0000001F  c_w.l(libinit2.o)
    0x00000218   0x00000000   Code   RO         1864    .ARM.Collect$$libinit$$00000021  c_w.l(libinit2.o)
    0x00000218   0x00000000   Code   RO         1866    .ARM.Collect$$libinit$$00000023  c_w.l(libinit2.o)
    0x00000218   0x00000004   Code   RO         1867    .ARM.Collect$$libinit$$00000024  c_w.l(libinit2.o)
    0x0000021c   0x00000000   Code   RO         1868    .ARM.Collect$$libinit$$00000025  c_w.l(libinit2.o)
    0x0000021c   0x00000000   Code   RO         1872    .ARM.Collect$$libinit$$0000002C  c_w.l(libinit2.o)
    0x0000021c   0x00000000   Code   RO         1874    .ARM.Collect$$libinit$$0000002E  c_w.l(libinit2.o)
    0x0000021c   0x00000000   Code   RO         1876    .ARM.Collect$$libinit$$00000030  c_w.l(libinit2.o)
    0x0000021c   0x00000004   Code   RO         1877    .ARM.Collect$$libinit$$00000031  c_w.l(libinit2.o)
    0x00000220   0x00000000   Code   RO         1878    .ARM.Collect$$libinit$$00000032  c_w.l(libinit2.o)
    0x00000220   0x00000002   Code   RO         1879    .ARM.Collect$$libinit$$00000033  c_w.l(libinit2.o)
    0x00000222   0x00000006   Code   RO         1880    .ARM.Collect$$libshutdown$$00000001  c_w.l(libshutdown2.o)
    0x00000228   0x00000000   Code   RO         1882    .ARM.Collect$$libshutdown$$00000003  c_w.l(libshutdown2.o)
    0x00000228   0x00000028   Code   RO          241    .emb_text           rtx_conf_cm.o
    0x00000250   0x00000000   Code   RO         2108    .emb_text           c_w.l(maybetermalloc1.o)
    0x00000250   0x00000068   Code   RO           93    .text               hal_cm.o
    0x000002b8   0x00000024   Code   RO          814    .text               startup_LPC17xx.o
    0x000002dc   0x00000008   Code   RO         1367    .text               c_w.l(libspace.o)
    0x000002e4   0x0000000a   Code   RO         1372    .text               c_w.l(vfprintf.o)
    0x000002ee   0x0000000e   Code   RO         1496    .text               c_w.l(ctime.o)
    0x000002fc   0x00000004   Code   RO          813    .ARM.__at_0x02FC    startup_LPC17xx.o
    0x00000300   0x00000130   Code   RO          284    .emb_text           hal_cm3.o
    0x00000430   0x00000144   Code   RO            6    .text               rt_semaphore.o
    0x00000574   0x0000017c   Code   RO           45    .text               rt_event.o
    0x000006f0   0x00000294   Code   RO           57    .text               rt_list.o
    0x00000984   0x000001d8   Code   RO           81    .text               rt_mutex.o
    0x00000b5c   0x0000034c   Code   RO          105    .text               rt_task.o
    0x00000ea8   0x000011d4   Code   RO          136    .text               rt_cmsis.o
    0x0000207c   0x000002f8   Code   RO          177    .text               rt_system.o
    0x00002374   0x00000064   Code   RO          199    .text               rt_time.o
    0x000023d8   0x000000c2   Code   RO          214    .text               rt_membox.o
    0x0000249a   0x00000002   PAD
    0x0000249c   0x0000006c   Code   RO          226    .text               rt_robin.o
    0x00002508   0x000000bc   Code   RO          242    .text               rtx_conf_cm.o
    0x000025c4   0x00000350   Code   RO          272    .text               rt_mailbox.o
    0x00002914   0x00000170   Code   RO          296    .text               main.o
    0x00002a84   0x00000124   Code   RO          605    .text               thread.o
    0x00002ba8   0x0000005a   Code   RO          667    .text               rtostimer.o
    0x00002c02   0x00000002   PAD
    0x00002c04   0x00000018   Code   RO         1376    .text               c_w.l(__2printf.o)
    0x00002c1c   0x00000014   Code   RO         1378    .text               c_w.l(__2fprintf.o)
    0x00002c30   0x0000002c   Code   RO         1380    .text               c_w.l(__2sprintf.o)
    0x00002c5c   0x00000052   Code   RO         1390    .text               c_w.l(_printf_str.o)
    0x00002cae   0x00000002   PAD
    0x00002cb0   0x00000078   Code   RO         1392    .text               c_w.l(_printf_dec.o)
    0x00002d28   0x00000094   Code   RO         1412    .text               c_w.l(_printf_hex_int_ll_ptr.o)
    0x00002dbc   0x00000188   Code   RO         1432    .text               c_w.l(__printf_flags_ss_wp.o)
    0x00002f44   0x0000003c   Code   RO         1441    .text               c_w.l(__0sscanf.o)
    0x00002f80   0x0000014c   Code   RO         1443    .text               c_w.l(_scanf_int.o)
    0x000030cc   0x00000014   Code   RO         1461    .text               c_w.l(setbuf.o)
    0x000030e0   0x0000004c   Code   RO         1469    .text               c_w.l(fclose.o)
    0x0000312c   0x00000034   Code   RO         1475    .text               c_w.l(fclose_locked.o)
    0x00003160   0x00000090   Code   RO         1477    .text               c_w.l(fflush_locked.o)
    0x000031f0   0x00000144   Code   RO         1479    .text               c_w.l(fopen_locked.o)
    0x00003334   0x0000003e   Code   RO         1484    .text               c_w.l(strlen.o)
    0x00003372   0x00000096   Code   RO         1486    .text               c_w.l(strncmp.o)
    0x00003408   0x0000007a   Code   RO         1488    .text               c_w.l(rt_memmove_w.o)
    0x00003482   0x0000004e   Code   RO         1490    .text               c_w.l(rt_memclr_w.o)
    0x000034d0   0x00000080   Code   RO         1494    .text               c_w.l(strcmpv7m.o)
    0x00003550   0x0000000c   Code   RO         1498    .text               c_w.l(localtime.o)
    0x0000355c   0x000001a8   Code   RO         1501    .text               c_w.l(mktime.o)
    0x00003704   0x00000006   Code   RO         1503    .text               c_w.l(heapauxi.o)
    0x0000370a   0x00000002   PAD
    0x0000370c   0x00000024   Code   RO         1511    .text               c_w.l(init_aeabi.o)
    0x00003730   0x0000000a   Code   RO         1664    .text               c_w.l(rt_new_handler_addr_twolibspace.o)
    0x0000373a   0x0000000a   Code   RO         1671    .text               c_w.l(rt_ddtor_pointer_addr_twolibspace.o)
    0x00003744   0x0000009e   Code   RO         1681    .text               c_w.l(h1_alloc_mt.o)
    0x000037e2   0x00000076   Code   RO         1683    .text               c_w.l(h1_free_mt.o)
    0x00003858   0x0000004e   Code   RO         1735    .text               c_w.l(_printf_pad.o)
    0x000038a6   0x00000024   Code   RO         1737    .text               c_w.l(_printf_truncate.o)
    0x000038ca   0x000000b2   Code   RO         1739    .text               c_w.l(_printf_intcommon.o)
    0x0000397c   0x00000028   Code   RO         1741    .text               c_w.l(_printf_charcount.o)
    0x000039a4   0x00000030   Code   RO         1743    .text               c_w.l(_printf_char_common.o)
    0x000039d4   0x0000000a   Code   RO         1745    .text               c_w.l(_sputc.o)
    0x000039de   0x0000002c   Code   RO         1747    .text               c_w.l(_printf_char.o)
    0x00003a0a   0x00000002   PAD
    0x00003a0c   0x000000bc   Code   RO         1751    .text               c_w.l(_printf_wctomb.o)
    0x00003ac8   0x0000007c   Code   RO         1754    .text               c_w.l(_printf_longlong_dec.o)
    0x00003b44   0x00000070   Code   RO         1760    .text               c_w.l(_printf_oct_int_ll.o)
    0x00003bb4   0x0000001c   Code   RO         1782    .text               c_w.l(_chval.o)
    0x00003bd0   0x0000002c   Code   RO         1788    .text               c_w.l(scanf_char.o)
    0x00003bfc   0x00000040   Code   RO         1790    .text               c_w.l(_sgetc.o)
    0x00003c3c   0x000001d6   Code   RO         1804    .text               c_w.l(flsbuf.o)
    0x00003e12   0x00000002   PAD
    0x00003e14   0x000000f8   Code   RO         1806    .text               c_w.l(fseek.o)
    0x00003f0c   0x000000f0   Code   RO         1810    .text               c_w.l(stdio.o)
    0x00003ffc   0x00000068   Code   RO         1817    .text               c_w.l(setvbuf_locked.o)
    0x00004064   0x000001c8   Code   RO         1819    .text               c_w.l(initio_locked.o)
    0x0000422c   0x0000000e   Code   RO         1821    .text               c_w.l(defsig_pvfn_outer.o)
    0x0000423a   0x00000064   Code   RO         1825    .text               c_w.l(rt_memcpy_w.o)
    0x0000429e   0x00000002   PAD
    0x000042a0   0x0000000c   Code   RO         1829    .text               c_w.l(asctime.o)
    0x000042ac   0x000000b8   Code   RO         1833    .text               c_w.l(localtime_internal.o)
    0x00004364   0x00000004   Code   RO         1904    .text               cpprt_w.l(arm_newhandler_noexceptions.o)
    0x00004368   0x0000000a   Code   RO         1960    .text               c_w.l(rt_heap_descriptor_twolibspace.o)
    0x00004372   0x00000004   Code   RO         1962    .text               c_w.l(hguard.o)
    0x00004376   0x0000008a   Code   RO         1964    .text               c_w.l(init_alloc.o)
    0x00004400   0x00000012   Code   RO         1970    .text               c_w.l(h1_init_mt.o)
    0x00004412   0x0000008a   Code   RO         1982    .text               c_w.l(lludiv10.o)
    0x0000449c   0x00000012   Code   RO         1984    .text               c_w.l(isspace.o)
    0x000044ae   0x0000041a   Code   RO         1986    .text               c_w.l(_printf_fp_dec.o)
    0x000048c8   0x000002fc   Code   RO         1988    .text               c_w.l(_printf_fp_hex.o)
    0x00004bc4   0x00000040   Code   RO         1993    .text               c_w.l(_printf_char_file_locked.o)
    0x00004c04   0x0000002c   Code   RO         1995    .text               c_w.l(_printf_wchar.o)
    0x00004c30   0x00000374   Code   RO         1997    .text               c_w.l(_scanf.o)
    0x00004fa4   0x00000042   Code   RO         2007    .text               c_w.l(ftell.o)
    0x00004fe6   0x00000040   Code   RO         2033    .text               c_w.l(_wcrtomb.o)
    0x00005026   0x0000000a   Code   RO         2035    .text               c_w.l(defsig_exit.o)
    0x00005030   0x0000000e   Code   RO         2037    .text               c_w.l(defsig_rtred_outer.o)
    0x0000503e   0x00000002   PAD
    0x00005040   0x00000030   Code   RO         2041    .text               c_w.l(defsig_pvfn_inner.o)
    0x00005070   0x00000068   Code   RO         2045    .text               c_w.l(asctime_internal.o)
    0x000050d8   0x0000001a   Code   RO         2073    .text               cpprt_w.l(arm_exceptions_terminate.o)
    0x000050f2   0x00000002   PAD
    0x000050f4   0x00000050   Code   RO         2076    .text               cpprt_w.l(arm_exceptions_globs.o)
    0x00005144   0x0000000c   Code   RO         2081    .text               c_w.l(sys_exit.o)
    0x00005150   0x00000010   Code   RO         2083    .text               c_w.l(rt_ctype_table.o)
    0x00005160   0x0000000a   Code   RO         2090    .text               c_w.l(rt_locale_twolibspace.o)
    0x0000516a   0x0000000a   Code   RO         2097    .text               c_w.l(rt_eh_globals_addr_twolibspace.o)
    0x00005174   0x00000004   Code   RO         2104    .text               c_w.l(rt_errno_addr_twolibspace.o)
    0x00005178   0x0000003e   Code   RO         2112    .text               c_w.l(h1_extend_mt.o)
    0x000051b6   0x00000002   PAD
    0x000051b8   0x0000002c   Code   RO         2114    .text               c_w.l(sprintf.o)
    0x000051e4   0x00000080   Code   RO         2116    .text               c_w.l(_printf_fp_infnan.o)
    0x00005264   0x000000dc   Code   RO         2118    .text               c_w.l(bigflt0.o)
    0x00005340   0x00000010   Code   RO         2151    .text               c_w.l(abort.o)
    0x00005350   0x00000032   Code   RO         2155    .text               c_w.l(defsig_general.o)
    0x00005382   0x00000002   PAD
    0x00005384   0x00000034   Code   RO         2161    .text               c_w.l(defsig_rtred_inner.o)
    0x000053b8   0x0000000e   Code   RO         2163    .text               c_w.l(defsig_rtmem_outer.o)
    0x000053c6   0x0000003c   Code   RO         2185    .text               cpprt_w.l(arm_exceptions_mem.o)
    0x00005402   0x0000000e   Code   RO         2207    .text               c_w.l(sys_wrch.o)
    0x00005410   0x00000002   Code   RO         2209    .text               c_w.l(use_no_semi.o)
    0x00005412   0x00000000   Code   RO         2211    .text               c_w.l(indicate_semi.o)
    0x00005412   0x0000000e   Code   RO         2225    .text               c_w.l(defsig_abrt_outer.o)
    0x00005420   0x00000050   Code   RO         2231    .text               c_w.l(defsig_rtmem_inner.o)
    0x00005470   0x00000030   Code   RO         2251    .text               c_w.l(defsig_abrt_inner.o)
    0x000054a0   0x0000003e   Code   RO         2121    CL$$btod_d2e        c_w.l(btod.o)
    0x000054de   0x00000046   Code   RO         2123    CL$$btod_d2e_denorm_low  c_w.l(btod.o)
    0x00005524   0x00000060   Code   RO         2122    CL$$btod_d2e_norm_op1  c_w.l(btod.o)
    0x00005584   0x00000338   Code   RO         2131    CL$$btod_div_common  c_w.l(btod.o)
    0x000058bc   0x000000c6   Code   RO         2128    CL$$btod_e2e        c_w.l(btod.o)
    0x00005982   0x00000028   Code   RO         2125    CL$$btod_ediv       c_w.l(btod.o)
    0x000059aa   0x00000028   Code   RO         2124    CL$$btod_emul       c_w.l(btod.o)
    0x000059d2   0x00000244   Code   RO         2130    CL$$btod_mult_common  c_w.l(btod.o)
    0x00005c16   0x00000002   PAD
    0x00005c18   0x00000004   Code   RO            1    SVC_TABLE           svc_table.o
    0x00005c1c   0x00000012   Code   RO          684    i.$Sub$$main        retarget.o
    0x00005c2e   0x00000006   Code   RO         1227    i.<Func1>           mbed.ar(SerialBase.o)
    0x00005c34   0x0000006c   Code   RO          807    i.NVIC_SetVector    cmsis_nvic.o
    0x00005ca0   0x000000a0   Code   RO          791    i.SystemInit        system_LPC17xx.o
    0x00005d40   0x0000003a   Code   RO          782    i._ZN4mbed10FileHandle4flenEv  retarget.o
    0x00005d7a   0x00000002   PAD
    0x00005d7c   0x00000030   Code   RO          686    i._ZN4mbed10FileHandleD2Ev  retarget.o
    0x00005dac   0x0000000e   Code   RO         1229    i._ZN4mbed10SerialBase10_base_putcEi  mbed.ar(SerialBase.o)
    0x00005dba   0x0000000e   Code   RO         1231    i._ZN4mbed10SerialBase12_irq_handlerEj9SerialIrq  mbed.ar(SerialBase.o)
    0x00005dc8   0x0000004c   Code   RO         1238    i._ZN4mbed10SerialBaseC1E7PinNameS1_  mbed.ar(SerialBase.o)
    0x00005e14   0x00000018   Code   RO         1343    i._ZN4mbed15FunctionPointer4callEv  mbed.ar(FunctionPointer.o)
    0x00005e2c   0x0000000a   Code   RO         1345    i._ZN4mbed15FunctionPointerC1EPFvvE  mbed.ar(FunctionPointer.o)
    0x00005e36   0x00000002   PAD
    0x00005e38   0x00000024   Code   RO         1032    i._ZN4mbed6SerialC1E7PinNameS1_PKc  mbed.ar(Serial.o)
    0x00005e5c   0x0000000c   Code   RO         1050    i._ZN4mbed6SerialD1Ev  mbed.ar(Serial.o)
    0x00005e68   0x00000004   Code   RO          966    i._ZN4mbed6Stream4flenEv  mbed.ar(Stream.o)
    0x00005e6c   0x00000004   Code   RO          972    i._ZN4mbed6Stream5closeEv  mbed.ar(Stream.o)
    0x00005e70   0x00000004   Code   RO          974    i._ZN4mbed6Stream5lseekEli  mbed.ar(Stream.o)
    0x00005e74   0x0000002a   Code   RO          976    i._ZN4mbed6Stream5writeEPKvj  mbed.ar(Stream.o)
    0x00005e9e   0x00000004   Code   RO          977    i._ZN4mbed6Stream6isattyEv  mbed.ar(Stream.o)
    0x00005ea2   0x00000002   PAD
    0x00005ea4   0x00000044   Code   RO          979    i._ZN4mbed6StreamC2EPKc  mbed.ar(Stream.o)
    0x00005ee8   0x00000020   Code   RO          981    i._ZN4mbed6StreamD2Ev  mbed.ar(Stream.o)
    0x00005f08   0x00000004   Code   RO         1174    i._ZN4mbed8FileBase11getPathTypeEv  mbed.ar(FileBase.o)
    0x00005f0c   0x00000038   Code   RO         1176    i._ZN4mbed8FileBase6lookupEPKcj  mbed.ar(FileBase.o)
    0x00005f44   0x00000024   Code   RO         1178    i._ZN4mbed8FileBaseC1EPKcNS_8PathTypeE  mbed.ar(FileBase.o)
    0x00005f68   0x00000038   Code   RO         1180    i._ZN4mbed8FileBaseD1Ev  mbed.ar(FileBase.o)
    0x00005fa0   0x00000024   Code   RO         1204    i._ZN4mbed8FileLikeC2EPKc  mbed.ar(FileLike.o)
    0x00005fc4   0x00000012   Code   RO         1206    i._ZN4mbed8FileLikeD2Ev  mbed.ar(FileLike.o)
    0x00005fd6   0x00000018   Code   RO          881    i._ZN4mbed8FilePath10fileSystemEv  mbed.ar(FilePath.o)
    0x00005fee   0x0000001c   Code   RO          883    i._ZN4mbed8FilePath4fileEv  mbed.ar(FilePath.o)
    0x0000600a   0x0000000a   Code   RO          884    i._ZN4mbed8FilePath6existsEv  mbed.ar(FilePath.o)
    0x00006014   0x00000018   Code   RO          885    i._ZN4mbed8FilePath6isFileEv  mbed.ar(FilePath.o)
    0x0000602c   0x00000004   Code   RO          886    i._ZN4mbed8FilePath8fileNameEv  mbed.ar(FilePath.o)
    0x00006030   0x00000040   Code   RO          887    i._ZN4mbed8FilePathC1EPKc  mbed.ar(FilePath.o)
    0x00006070   0x00000084   Code   RO          317    i._ZN4mbed9DigitalIn4readEv  main.o
    0x000060f4   0x00000006   Code   RO         1034    i._ZThn72_N4mbed6Serial5_putcEi  mbed.ar(Serial.o)
    0x000060fa   0x00000008   Code   RO         1514    i._ZdaPv            cpprt_w.l(array_del.o)
    0x00006102   0x00000008   Code   RO         1521    i._ZdlPv            cpprt_w.l(delete.o)
    0x0000610a   0x00000008   Code   RO         1517    i._Znaj             cpprt_w.l(array_new.o)
    0x00006112   0x00000002   PAD
    0x00006114   0x00000028   Code   RO         1524    i._Znwj             cpprt_w.l(new.o)
    0x0000613c   0x00000028   Code   RO         2199    i.__ARM_fpclassify  m_ws.l(fpclassify.o)
    0x00006164   0x00000032   Code   RO         1637    i.__aeabi_atexit    cpprt_w.l(aeabi_atexit.o)
    0x00006196   0x00000024   Code   RO         1640    i.__aeabi_vec_ctor_nocookie_nodtor  cpprt_w.l(aeabi_vec_ctor_nocookie_nodtor.o)
    0x000061ba   0x00000042   Code   RO         1920    i.__cxa_finalize    cpprt_w.l(cxa_finalize.o)
    0x000061fc   0x00000006   Code   RO         1528    i.__cxa_pure_virtual  cpprt_w.l(pure_virt.o)
    0x00006202   0x00000002   PAD
    0x00006204   0x00000010   Code   RO          816    i.__user_setup_stackheap  sys.o
    0x00006214   0x0000000e   Code   RO         1425    i._is_digit         c_w.l(__printf_wp.o)
    0x00006222   0x00000002   PAD
    0x00006224   0x0000002c   Code   RO          687    i._sys_close        retarget.o
    0x00006250   0x00000028   Code   RO          690    i._sys_flen         retarget.o
    0x00006278   0x00000028   Code   RO          691    i._sys_istty        retarget.o
    0x000062a0   0x0000014c   Code   RO          692    i._sys_open         retarget.o
    0x000063ec   0x00000028   Code   RO          694    i._sys_seek         retarget.o
    0x00006414   0x00000064   Code   RO          695    i._sys_write        retarget.o
    0x00006478   0x00000098   Code   RO          821    i.analogin_init     mbed.ar(analogin_api.o)
    0x00006510   0x00000018   Code   RO         1080    i.error             mbed.ar(error.o)
    0x00006528   0x0000002c   Code   RO         1086    i.exit              mbed.ar(exit.o)
    0x00006554   0x0000001a   Code   RO         1454    i.fputc             c_w.l(fputc.o)
    0x0000656e   0x00000002   PAD
    0x00006570   0x00000050   Code   RO         1123    i.gpio_dir          mbed.ar(gpio_api.o)
    0x000065c0   0x00000038   Code   RO         1124    i.gpio_init         mbed.ar(gpio_api.o)
    0x000065f8   0x00000026   Code   RO         1092    i.gpio_init_in      mbed.ar(gpio.o)
    0x0000661e   0x00000002   PAD
    0x00006620   0x00000044   Code   RO         1095    i.gpio_init_out     mbed.ar(gpio.o)
    0x00006664   0x00000050   Code   RO         1096    i.gpio_init_out_ex  mbed.ar(gpio.o)
    0x000066b4   0x00000006   Code   RO         1125    i.gpio_mode         mbed.ar(gpio_api.o)
    0x000066ba   0x00000002   PAD
    0x000066bc   0x00000050   Code   RO         1074    i.mbed_assert_internal  mbed.ar(assert.o)
    0x0000670c   0x00000108   Code   RO          799    i.mbed_die          board.o
    0x00006814   0x00000004   Code   RO         1275    i.mbed_interface_connected  mbed.ar(mbed_interface.o)
    0x00006818   0x00000002   Code   RO          697    i.mbed_main         retarget.o
    0x0000681a   0x00000002   Code   RO          698    i.mbed_sdk_init     retarget.o
    0x0000681c   0x0000005c   Code   RO         1136    i.pin_function      mbed.ar(pinmap.o)
    0x00006878   0x00000084   Code   RO         1137    i.pin_mode          mbed.ar(pinmap.o)
    0x000068fc   0x0000001e   Code   RO         1295    i.pinmap_find_peripheral  mbed.ar(pinmap_common.o)
    0x0000691a   0x00000002   PAD
    0x0000691c   0x00000038   Code   RO         1296    i.pinmap_merge      mbed.ar(pinmap_common.o)
    0x00006954   0x00000058   Code   RO         1297    i.pinmap_peripheral  mbed.ar(pinmap_common.o)
    0x000069ac   0x00000050   Code   RO         1298    i.pinmap_pinout     mbed.ar(pinmap_common.o)
    0x000069fc   0x00000024   Code   RO         1146    i.rtc_init          mbed.ar(rtc_api.o)
    0x00006a20   0x00000010   Code   RO         1147    i.rtc_isenabled     mbed.ar(rtc_api.o)
    0x00006a30   0x00000034   Code   RO         1148    i.rtc_read          mbed.ar(rtc_api.o)
    0x00006a64   0x00000044   Code   RO         1149    i.rtc_write         mbed.ar(rtc_api.o)
    0x00006aa8   0x00000010   Code   RO         1308    i.semihost_connected  mbed.ar(semihost_api.o)
    0x00006ab8   0x0000000c   Code   RO         1311    i.semihost_exit     mbed.ar(semihost_api.o)
    0x00006ac4   0x000001c4   Code   RO          832    i.serial_baud       mbed.ar(serial_api.o)
    0x00006c88   0x000000a0   Code   RO          836    i.serial_format     mbed.ar(serial_api.o)
    0x00006d28   0x00000178   Code   RO          839    i.serial_init       mbed.ar(serial_api.o)
    0x00006ea0   0x0000001c   Code   RO          840    i.serial_irq_handler  mbed.ar(serial_api.o)
    0x00006ebc   0x000000d4   Code   RO          842    i.serial_irq_set_internal  mbed.ar(serial_api.o)
    0x00006f90   0x00000068   Code   RO          844    i.serial_putc       mbed.ar(serial_api.o)
    0x00006ff8   0x0000010c   Code   RO          846    i.serial_set_flow_control  mbed.ar(serial_api.o)
    0x00007104   0x00000012   Code   RO         1114    i.set_time          mbed.ar(rtc_time.o)
    0x00007116   0x00000022   Code   RO         1115    i.time              mbed.ar(rtc_time.o)
    0x00007138   0x00000014   Code   RO          848    i.uart0_irq         mbed.ar(serial_api.o)
    0x0000714c   0x00000014   Code   RO          849    i.uart1_irq         mbed.ar(serial_api.o)
    0x00007160   0x00000014   Code   RO          850    i.uart2_irq         mbed.ar(serial_api.o)
    0x00007174   0x00000014   Code   RO          851    i.uart3_irq         mbed.ar(serial_api.o)
    0x00007188   0x00000064   Code   RO          852    i.uart_irq          mbed.ar(serial_api.o)
    0x000071ec   0x0000000c   Code   RO         1159    i.us_ticker_clear_interrupt  mbed.ar(us_ticker.o)
    0x000071f8   0x00000010   Code   RO         1160    i.us_ticker_disable_interrupt  mbed.ar(us_ticker.o)
    0x00007208   0x00000044   Code   RO         1355    i.us_ticker_irq_handler  mbed.ar(us_ticker_api.o)
    0x0000724c   0x00000060   Code   RO         1162    i.us_ticker_read    mbed.ar(us_ticker.o)
    0x000072ac   0x00000014   Code   RO         1163    i.us_ticker_set_interrupt  mbed.ar(us_ticker.o)
    0x000072c0   0x0000001c   Code   RO         1106    i.wait_ms           mbed.ar(wait_api.o)
    0x000072dc   0x0000002c   Code   RO         2146    locale$$code        c_w.l(lc_numeric_c.o)
    0x00007308   0x0000002c   Code   RO         2149    locale$$code        c_w.l(lc_time_c.o)
    0x00007334   0x0000002c   Code   RO         2221    locale$$code        c_w.l(lc_ctype_c.o)
    0x00007360   0x00000004   Code   RO         1940    x$fpl$printf1       fz_ws.l(printf1.o)
    0x00007364   0x00000004   Code   RO         1942    x$fpl$printf2       fz_ws.l(printf2.o)
    0x00007368   0x00000000   Code   RO         1950    x$fpl$usenofp       fz_ws.l(usenofp.o)
    0x00007368   0x0000001b   Data   RO          244    .constdata          rtx_conf_cm.o
    0x00007383   0x00000017   Data   RO          735    .constdata          retarget.o
    0x0000739a   0x00000002   PAD
    0x0000739c   0x00000067   Data   RO          800    .constdata          board.o
    0x00007403   0x00000001   PAD
    0x00007404   0x000000c8   Data   RO          824    .constdata          mbed.ar(analogin_api.o)
    0x000074cc   0x000002c0   Data   RO          854    .constdata          mbed.ar(serial_api.o)
    0x0000778c   0x00000067   Data   RO         1097    .constdata          mbed.ar(gpio.o)
    0x000077f3   0x00000001   PAD
    0x000077f4   0x0000006c   Data   RO         1127    .constdata          mbed.ar(gpio_api.o)
    0x00007860   0x00000058   Data   RO         1138    .constdata          mbed.ar(pinmap.o)
    0x000078b8   0x00000028   Data   RO         1413    .constdata          c_w.l(_printf_hex_int_ll_ptr.o)
    0x000078e0   0x00000011   Data   RO         1433    .constdata          c_w.l(__printf_flags_ss_wp.o)
    0x000078f1   0x00000003   PAD
    0x000078f4   0x00000008   Data   RO         1752    .constdata          c_w.l(_printf_wctomb.o)
    0x000078fc   0x0000000c   Data   RO         1832    .constdata          c_w.l(_monlen.o)
    0x00007908   0x00000026   Data   RO         1989    .constdata          c_w.l(_printf_fp_hex.o)
    0x0000792e   0x00000002   PAD
    0x00007930   0x00000094   Data   RO         2119    .constdata          c_w.l(bigflt0.o)
    0x000079c4   0x0000002c   Data   RO          781    .constdata__ZTVN4mbed10FileHandleE  retarget.o
    0x000079f0   0x00000010   Data   RO         1266    .constdata__ZTVN4mbed10SerialBaseE  mbed.ar(SerialBase.o)
    0x00007a00   0x0000005c   Data   RO         1048    .constdata__ZTVN4mbed6SerialE  mbed.ar(Serial.o)
    0x00007a5c   0x00000044   Data   RO         1025    .constdata__ZTVN4mbed6StreamE  mbed.ar(Stream.o)
    0x00007aa0   0x00000010   Data   RO         1199    .constdata__ZTVN4mbed8FileBaseE  mbed.ar(FileBase.o)
    0x00007ab0   0x0000003c   Data   RO         1222    .constdata__ZTVN4mbed8FileLikeE  mbed.ar(FileLike.o)
    0x00007aec   0x00000010   Data   RO          615    .constdata__ZTVN4rtos6ThreadE  thread.o
    0x00007afc   0x00000020   Data   RO         2316    Region$$Table       anon$$obj.o
    0x00007b1c   0x0000001c   Data   RO         2145    locale$$data        c_w.l(lc_numeric_c.o)
    0x00007b38   0x00000180   Data   RO         2148    locale$$data        c_w.l(lc_time_c.o)
    0x00007cb8   0x00000110   Data   RO         2220    locale$$data        c_w.l(lc_ctype_c.o)
    0x00007dc8   0x00000004   Data   RO          300    .init_array         main.o
    0x00007dcc   0x00000000   Data   RO         1509    .init_array         c_w.l(init_aeabi.o)


    Execution Region RW_IRAM1 (Base: 0x100000c8, Size: 0x00001150, Max: 0x00007f38, ABSOLUTE, COMPRESSED[0x00000020])

    Base Addr    Size         Type   Attr      Idx    E Section Name        Object

    0x100000c8   0x00000008   Data   RW          107    .data               rt_task.o
    0x100000d0   0x00000008   Data   RW          137    .data               rt_cmsis.o
    0x100000d8   0x00000007   Data   RW          178    .data               rt_system.o
    0x100000df   0x00000001   PAD
    0x100000e0   0x00000004   Data   RW          200    .data               rt_time.o
    0x100000e4   0x00000008   Data   RW          227    .data               rt_robin.o
    0x100000ec   0x0000015c   Data   RW          245    .data               rtx_conf_cm.o
    0x10000248   0x00000001   Data   RW          299    .data               main.o
    0x10000249   0x00000003   PAD
    0x1000024c   0x00000004   Data   RW          792    .data               system_LPC17xx.o
    0x10000250   0x00000010   Data   RW          855    .data               mbed.ar(serial_api.o)
    0x10000260   0x00000004   Data   RW         1164    .data               mbed.ar(us_ticker.o)
    0x10000264   0x00000004   Data   RW         1188    .data               mbed.ar(FileBase.o)
    0x10000268   0x00000008   Data   RW         1358    .data               mbed.ar(us_ticker_api.o)
    0x10000270   0x00000004   Data   RW         1466    .data               c_w.l(stdio_streams.o)
    0x10000274   0x00000004   Data   RW         1467    .data               c_w.l(stdio_streams.o)
    0x10000278   0x00000004   Data   RW         1468    .data               c_w.l(stdio_streams.o)
    0x1000027c   0x00000004   Data   RW         1812    .data               c_w.l(streamlock.o)
    0x10000280   0x00000030   Zero   RW           58    .bss                rt_list.o
    0x100002b0   0x00000094   Zero   RW          106    .bss                rt_task.o
    0x10000344   0x00000b70   Zero   RW          243    .bss                rtx_conf_cm.o
    0x10000eb4   0x00000078   Zero   RW          298    .bss                main.o
    0x10000f2c   0x00000040   Zero   RW          734    .bss                retarget.o
    0x10000f6c   0x000000e0   Zero   RW          853    .bss                mbed.ar(serial_api.o)
    0x1000104c   0x00000060   Zero   RW         1368    .bss                c_w.l(libspace.o)
    0x100010ac   0x00000054   Zero   RW         1463    .bss                c_w.l(stdio_streams.o)
    0x10001100   0x00000054   Zero   RW         1464    .bss                c_w.l(stdio_streams.o)
    0x10001154   0x00000054   Zero   RW         1465    .bss                c_w.l(stdio_streams.o)
    0x100011a8   0x0000002c   Zero   RW         1499    .bss                c_w.l(localtime.o)
    0x100011d4   0x00000044   Zero   RW         1830    .bss                c_w.l(asctime.o)


    Execution Region RW_IRAM2 (Base: 0x2007c000, Size: 0x00000000, Max: 0x00004000, ABSOLUTE)

    **** No section assigned to this execution region ****


    Execution Region RW_IRAM3 (Base: 0x20080000, Size: 0x00000000, Max: 0x00004000, ABSOLUTE)

    **** No section assigned to this execution region ****


    Execution Region RW_IRAM4 (Base: 0x40038000, Size: 0x00000000, Max: 0x00000800, ABSOLUTE)

    **** No section assigned to this execution region ****


==============================================================================

Image component sizes


      Code (inc. data)   RO Data    RW Data    ZI Data      Debug   Object Name

       264         22        103          0          0         76   board.o
       108          6          0          0          0         84   cmsis_nvic.o
       104          4          0          0          0       1851   hal_cm.o
       304         36          0          0          0        916   hal_cm3.o
       500        210          4          1        120      49300   main.o
       724         80         67          0         64        848   retarget.o
      4564         76          0          8          0      42869   rt_cmsis.o
       380         14          0          0          0       2062   rt_event.o
       660         22          0          0         48       5806   rt_list.o
       848          8          0          0          0       2707   rt_mailbox.o
       194          0          0          0          0       1649   rt_membox.o
       472         10          0          0          0       1683   rt_mutex.o
       108         18          0          8          0        984   rt_robin.o
       324         10          0          0          0       5784   rt_semaphore.o
       760         52          0          7          0       5488   rt_system.o
       844         58          0          8        148       5892   rt_task.o
       100          8          0          4          0       1383   rt_time.o
        90          0          0          0          0       1868   rtostimer.o
       228         60         27        348       2928       8488   rtx_conf_cm.o
        40         12        196          0          0        228   startup_LPC17xx.o
         4          4          0          0          0        336   svc_table.o
        16          6          0          0          0         68   sys.o
       160         10          0          4          0         68   system_LPC17xx.o
       292         40         16          0          0      10040   thread.o

    ----------------------------------------------------------------------
     12094        766        448        392       3308     150478   Object Totals
         0          0         32          0          0          0   (incl. Generated)
         6          0          3          4          0          0   (incl. Padding)

    ----------------------------------------------------------------------

      Code (inc. data)   RO Data    RW Data    ZI Data      Debug   Library Member Name

        60          8          0          0          0         84   __0sscanf.o
        20          0          0          0          0         84   __2fprintf.o
        24          4          0          0          0         84   __2printf.o
        44          6          0          0          0         84   __2sprintf.o
        58          0          0          0          0          0   __dczerorl.o
         8          0          0          0          0         68   __main.o
       392          4         17          0          0         92   __printf_flags_ss_wp.o
        14          0          0          0          0         68   __printf_wp.o
        52          8          0          0          0          0   __scatter.o
        28          0          0          0          0          0   __scatter_zi.o
        28          0          0          0          0         68   _chval.o
         0          0         12          0          0          0   _monlen.o
         6          0          0          0          0          0   _printf_a.o
         6          0          0          0          0          0   _printf_c.o
        44          0          0          0          0        108   _printf_char.o
        48          6          0          0          0         96   _printf_char_common.o
        64          6          0          0          0         84   _printf_char_file_locked.o
        40          0          0          0          0         68   _printf_charcount.o
         6          0          0          0          0          0   _printf_d.o
       120         16          0          0          0         92   _printf_dec.o
         6          0          0          0          0          0   _printf_e.o
         6          0          0          0          0          0   _printf_f.o
      1050          0          0          0          0        216   _printf_fp_dec.o
       764         10         38          0          0        100   _printf_fp_hex.o
       128         16          0          0          0         84   _printf_fp_infnan.o
         6          0          0          0          0          0   _printf_g.o
       148          4         40          0          0        160   _printf_hex_int_ll_ptr.o
         6          0          0          0          0          0   _printf_i.o
       178          0          0          0          0         88   _printf_intcommon.o
        10          0          0          0          0          0   _printf_l.o
         6          0          0          0          0          0   _printf_lc.o
        10          0          0          0          0          0   _printf_ll.o
         6          0          0          0          0          0   _printf_lld.o
         6          0          0          0          0          0   _printf_lli.o
         6          0          0          0          0          0   _printf_llo.o
         6          0          0          0          0          0   _printf_llu.o
         6          0          0          0          0          0   _printf_llx.o
       124         16          0          0          0         92   _printf_longlong_dec.o
         6          0          0          0          0          0   _printf_ls.o
         6          0          0          0          0          0   _printf_n.o
         6          0          0          0          0          0   _printf_o.o
       112          8          0          0          0        124   _printf_oct_int_ll.o
         6          0          0          0          0          0   _printf_p.o
        78          0          0          0          0        108   _printf_pad.o
         0          0          0          0          0          0   _printf_percent.o
         4          0          0          0          0          0   _printf_percent_end.o
         6          0          0          0          0          0   _printf_s.o
        82          0          0          0          0         80   _printf_str.o
        36          0          0          0          0         84   _printf_truncate.o
         6          0          0          0          0          0   _printf_u.o
        44          0          0          0          0        108   _printf_wchar.o
       188          6          8          0          0         92   _printf_wctomb.o
         6          0          0          0          0          0   _printf_x.o
       884          6          0          0          0        100   _scanf.o
       332          0          0          0          0         96   _scanf_int.o
        64          0          0          0          0         84   _sgetc.o
        10          0          0          0          0         68   _sputc.o
        64          0          0          0          0         92   _wcrtomb.o
        16          0          0          0          0         72   abort.o
        12          6          0          0         68         68   asctime.o
       104         30          0          0          0         88   asctime_internal.o
       220          4        148          0          0         96   bigflt0.o
      1910        128          0          0          0        672   btod.o
        14          0          0          0          0         80   ctime.o
        48         34          0          0          0         76   defsig_abrt_inner.o
        14          0          0          0          0         80   defsig_abrt_outer.o
        10          0          0          0          0         68   defsig_exit.o
        50          0          0          0          0         88   defsig_general.o
        48         34          0          0          0         76   defsig_pvfn_inner.o
        14          0          0          0          0         80   defsig_pvfn_outer.o
        80         58          0          0          0         76   defsig_rtmem_inner.o
        14          0          0          0          0         80   defsig_rtmem_outer.o
        52         38          0          0          0         76   defsig_rtred_inner.o
        14          0          0          0          0         80   defsig_rtred_outer.o
        76          0          0          0          0         88   fclose.o
        52          6          0          0          0         80   fclose_locked.o
       144         10          0          0          0        128   fflush_locked.o
       470          0          0          0          0         88   flsbuf.o
       324          8          0          0          0        152   fopen_locked.o
        26          0          0          0          0         68   fputc.o
       248          6          0          0          0         84   fseek.o
        66          0          0          0          0         76   ftell.o
       158          0          0          0          0        128   h1_alloc_mt.o
        62          0          0          0          0         80   h1_extend_mt.o
       118          0          0          0          0        108   h1_free_mt.o
        18          0          0          0          0         84   h1_init_mt.o
         6          0          0          0          0        152   heapauxi.o
         4          0          0          0          0        136   hguard.o
         0          0          0          0          0          0   indicate_semi.o
        36         10          0          0          0         80   init_aeabi.o
       138          0          0          0          0        168   init_alloc.o
       456         48          0          0          0        116   initio_locked.o
        18          0          0          0          0         76   isspace.o
        44         10        272          0          0         76   lc_ctype_c.o
        44         10         28          0          0         76   lc_numeric_c.o
        44         10        384          0          0         76   lc_time_c.o
         2          0          0          0          0          0   libinit.o
        56          0          0          0          0          0   libinit2.o
         6          0          0          0          0          0   libshutdown2.o
         8          4          0          0         96         68   libspace.o
       138          0          0          0          0         80   lludiv10.o
        12          6          0          0         44         68   localtime.o
       184          6          0          0          0         80   localtime_internal.o
         0          0          0          0          0          0   maybetermalloc1.o
       424         10          0          0          0        124   mktime.o
        16          4          0          0          0         76   rt_ctype_table.o
        10          0          0          0          0         76   rt_ddtor_pointer_addr_twolibspace.o
        10          0          0          0          0         76   rt_eh_globals_addr_twolibspace.o
         4          0          0          0          0         68   rt_errno_addr_twolibspace.o
        10          0          0          0          0         76   rt_heap_descriptor_twolibspace.o
        10          0          0          0          0         76   rt_locale_twolibspace.o
        78          0          0          0          0         80   rt_memclr_w.o
       100          0          0          0          0         80   rt_memcpy_w.o
       122          0          0          0          0         80   rt_memmove_w.o
        10          0          0          0          0         76   rt_new_handler_addr_twolibspace.o
        44          8          0          0          0         84   scanf_char.o
        20          0          0          0          0         68   setbuf.o
       104          0          0          0          0         88   setvbuf_locked.o
        44          6          0          0          0         84   sprintf.o
       240          6          0          0          0        156   stdio.o
         0          0          0         12        252          0   stdio_streams.o
       128          0          0          0          0         68   strcmpv7m.o
         0          0          0          4          0          0   streamlock.o
        62          0          0          0          0         76   strlen.o
       150          0          0          0          0         80   strncmp.o
        12          4          0          0          0         68   sys_exit.o
        14          0          0          0          0         76   sys_wrch.o
         2          0          0          0          0         68   use_no_semi.o
        10          0          0          0          0         68   vfprintf.o
        50          0          0          0          0         84   aeabi_atexit.o
        36          0          0          0          0         84   aeabi_vec_ctor_nocookie_nodtor.o
        80         12          0          0          0        104   arm_exceptions_globs.o
        60          0          0          0          0        108   arm_exceptions_mem.o
        26          0          0          0          0         76   arm_exceptions_terminate.o
         4          0          0          0          0         68   arm_newhandler_noexceptions.o
         8          0          0          0          0         76   array_del.o
         8          0          0          0          0         76   array_new.o
        66          0          0          0          0         84   cxa_finalize.o
         8          0          0          0          0         76   delete.o
        40          6          0          0          0         76   new.o
         6          0          0          0          0         68   pure_virt.o
         4          0          0          0          0         68   printf1.o
         4          0          0          0          0         68   printf2.o
         0          0          0          0          0          0   usenofp.o
        40          0          0          0          0         68   fpclassify.o
       152         24         16          4          0        284   FileBase.o
        54         10         60          0          0        156   FileLike.o
       154          0          0          0          0        440   FilePath.o
        34          0          0          0          0        136   FunctionPointer.o
        54          4         92          0          0        220   Serial.o
       110         14         16          0          0        292   SerialBase.o
       158         18         68          0          0        520   Stream.o
       152         50        200          0          0         88   analogin_api.o
        80         56          0          0          0         80   assert.o
        24          4          0          0          0         80   error.o
        44          8          0          0          0         72   exit.o
       186         12        103          0          0        268   gpio.o
       142         28        108          0          0        228   gpio_api.o
         4          0          0          0          0         68   mbed_interface.o
       224         58         88          0          0        160   pinmap.o
       254         76          0          0          0        308   pinmap_common.o
       172         26          0          0          0        292   rtc_api.o
        52          0          0          0          0        160   rtc_time.o
        28          6          0          0          0        144   semihost_api.o
      1780        180        704         16        224        996   serial_api.o
       144         38          0          4          0        280   us_ticker.o
        68          6          0          8          0         88   us_ticker_api.o
        28          0          0          0          0         80   wait_api.o

    ----------------------------------------------------------------------
     17254       1264       2408         48        684      15624   Library Totals
        40          0          6          0          0          0   (incl. Padding)

    ----------------------------------------------------------------------

      Code (inc. data)   RO Data    RW Data    ZI Data      Debug   Library Name

     12676        628        947         16        460       9000   c_w.l
       392         18          0          0          0        980   cpprt_w.l
         8          0          0          0          0        136   fz_ws.l
        40          0          0          0          0         68   m_ws.l
      4098        618       1455         32        224       5440   mbed.ar

    ----------------------------------------------------------------------
     17254       1264       2408         48        684      15624   Library Totals

    ----------------------------------------------------------------------

==============================================================================


      Code (inc. data)   RO Data    RW Data    ZI Data      Debug   

     29348       2030       2856        440       3992     154294   Grand Totals
     29348       2030       2856         32       3992     154294   ELF Image Totals (compressed)
     29348       2030       2856         32          0          0   ROM Totals

==============================================================================

    Total RO  Size (Code + RO Data)                32204 (  31.45kB)
    Total RW  Size (RW Data + ZI Data)              4432 (   4.33kB)
    Total ROM Size (Code + RO Data + RW Data)      32236 (  31.48kB)

==============================================================================

