Component: ARM Compiler 5.05 update 1 (build 106) Tool: armlink [4d0efa]

==============================================================================

Section Cross References

    rt_semaphore.o(.text) refers to rt_list.o(.text) for rt_get_first
    rt_semaphore.o(.text) refers to hal_cm.o(.text) for rt_ret_val
    rt_semaphore.o(.text) refers to rt_task.o(.text) for rt_dispatch
    rt_semaphore.o(.text) refers to rt_system.o(.text) for rt_psh_req
    rt_semaphore.o(.text) refers to rt_list.o(.bss) for os_rdy
    rt_semaphore.o(.text) refers to rt_task.o(.data) for os_tsk
    rt_event.o(.text) refers to rt_task.o(.text) for rt_block
    rt_event.o(.text) refers to rt_list.o(.text) for rt_rmv_dly
    rt_event.o(.text) refers to hal_cm.o(.text) for rt_ret_val2
    rt_event.o(.text) refers to rt_system.o(.text) for rt_psh_req
    rt_event.o(.text) refers to rt_task.o(.data) for os_tsk
    rt_event.o(.text) refers to rtx_conf_cm.o(.bss) for os_active_TCB
    rt_event.o(.text) refers to rt_list.o(.bss) for os_rdy
    rt_list.o(.text) refers to rtx_conf_cm.o(.text) for os_error
    rt_list.o(.text) refers to rt_list.o(.bss) for os_rdy
    rt_list.o(.text) refers to rt_task.o(.data) for os_tsk
    rt_list.o(.text) refers to rt_time.o(.data) for os_time
    rt_list.o(.text) refers to rtx_conf_cm.o(.bss) for os_fifo
    rt_mutex.o(.text) refers to rt_list.o(.text) for rt_resort_prio
    rt_mutex.o(.text) refers to hal_cm.o(.text) for rt_ret_val
    rt_mutex.o(.text) refers to rt_task.o(.text) for rt_dispatch
    rt_mutex.o(.text) refers to rt_task.o(.data) for os_tsk
    rt_mutex.o(.text) refers to rt_list.o(.bss) for os_rdy
    rt_task.o(.text) refers to hal_cm.o(.text) for rt_init_stack
    rt_task.o(.text) refers to rt_list.o(.text) for rt_get_first
    rt_task.o(.text) refers to hal_cm3.o(.emb_text) for rt_get_PSP
    rt_task.o(.text) refers to rt_system.o(.text) for rt_stk_check
    rt_task.o(.text) refers to rt_robin.o(.text) for rt_init_robin
    rt_task.o(.text) refers to rtx_conf_cm.o(.bss) for os_active_TCB
    rt_task.o(.text) refers to rtx_conf_cm.o(.constdata) for os_maxtaskrun
    rt_task.o(.text) refers to rt_task.o(.data) for os_tsk
    rt_task.o(.text) refers to libspace.o(.bss) for __libspace_start
    rt_task.o(.text) refers to rt_list.o(.bss) for os_rdy
    rt_task.o(.text) refers to rt_task.o(.bss) for os_idle_TCB
    rt_task.o(.text) refers to rtx_conf_cm.o(.text) for os_idle_demon
    rt_task.o(.text) refers to rt_system.o(.data) for os_tick_irqn
    rt_cmsis.o(.text) refers to rt_task.o(.text) for rt_sys_init
    rt_cmsis.o(.text) refers to rtx_conf_cm.o(.text) for sysThreadError
    rt_cmsis.o(.text) refers to rt_mailbox.o(.text) for rt_mbx_init
    rt_cmsis.o(.text) refers to rtx_conf_cm.o(.constdata) for os_clockrate
    rt_cmsis.o(.text) refers to rt_cmsis.o(.data) for os_initialized
    rt_cmsis.o(.text) refers to rt_task.o(.data) for os_tsk
    rt_cmsis.o(.text) refers to rtx_conf_cm.o(.bss) for os_active_TCB
    rt_cmsis.o(.text) refers to rtx_conf_cm.o(.data) for os_messageQ_def_osTimerMessageQ
    rt_cmsis.o(.text) refers to rt_time.o(.text) for rt_dly_wait
    rt_cmsis.o(.text) refers to rt_event.o(.text) for rt_evt_set
    rt_cmsis.o(.text) refers to rt_mutex.o(.text) for rt_mut_init
    rt_cmsis.o(.text) refers to rt_semaphore.o(.text) for rt_sem_init
    rt_cmsis.o(.text) refers to rt_membox.o(.text) for _init_box
    rt_cmsis.o(.text) refers to rt_list.o(.text) for rt_put_prio
    rt_cmsis.o(.text) refers to rt_system.o(.text) for rt_psh_req
    rt_cmsis.o(.text) refers to hal_cm.o(.text) for rt_ret_val
    rt_system.o(.text) refers to rt_list.o(.text) for rt_put_rdy_first
    rt_system.o(.text) refers to rt_task.o(.text) for rt_switch_req
    rt_system.o(.text) refers to rt_event.o(.text) for rt_evt_psh
    rt_system.o(.text) refers to rt_mailbox.o(.text) for rt_mbx_psh
    rt_system.o(.text) refers to rt_semaphore.o(.text) for rt_sem_psh
    rt_system.o(.text) refers to rt_robin.o(.text) for rt_chk_robin
    rt_system.o(.text) refers to rt_cmsis.o(.text) for sysTimerTick
    rt_system.o(.text) refers to rtx_conf_cm.o(.text) for os_error
    rt_system.o(.text) refers to rt_system.o(.data) for os_tick_irqn
    rt_system.o(.text) refers to rt_list.o(.bss) for os_dly
    rt_system.o(.text) refers to rt_task.o(.data) for os_tsk
    rt_system.o(.text) refers to rt_robin.o(.data) for os_robin
    rt_system.o(.text) refers to rt_time.o(.data) for os_time
    rt_system.o(.text) refers to rtx_conf_cm.o(.bss) for os_fifo
    rt_system.o(.text) refers to rtx_conf_cm.o(.constdata) for os_trv
    rt_time.o(.text) refers to rt_task.o(.text) for rt_block
    rt_time.o(.text) refers to rt_time.o(.data) for os_time
    rt_time.o(.text) refers to rt_task.o(.data) for os_tsk
    rt_membox.o(.text) refers to hal_cm3.o(.emb_text) for _alloc_box
    rt_robin.o(.text) refers to rt_list.o(.text) for rt_get_first
    rt_robin.o(.text) refers to rt_robin.o(.data) for os_robin
[...]
    __rt_lib_init_signal_1                   0x0000022f   Thumb Code     0  libinit2.o(.ARM.Collect$$libinit$$0000001D)
    __rt_lib_init_stdio_2                    0x0000022f   Thumb Code     0  libinit2.o(.ARM.Collect$$libinit$$00000024)
    __rt_lib_init_alloca_1                   0x00000233   Thumb Code     0  libinit2.o(.ARM.Collect$$libinit$$0000002E)
    __rt_lib_init_argv_1                     0x00000233   Thumb Code     0  libinit2.o(.ARM.Collect$$libinit$$0000002C)
    __rt_lib_init_cpp_2                      0x00000233   Thumb Code     0  libinit2.o(.ARM.Collect$$libinit$$00000031)
    __rt_lib_init_exceptions_1               0x00000233   Thumb Code     0  libinit2.o(.ARM.Collect$$libinit$$00000030)
    __rt_lib_init_stdio_1                    0x00000233   Thumb Code     0  libinit2.o(.ARM.Collect$$libinit$$00000025)
    __rt_lib_init_cpp_1                      0x00000237   Thumb Code     0  libinit2.o(.ARM.Collect$$libinit$$00000032)
    __rt_lib_init_return                     0x00000237   Thumb Code     0  libinit2.o(.ARM.Collect$$libinit$$00000033)
    __rt_entry                               0x00000239   Thumb Code    36  rtx_conf_cm.o(.emb_text)
    __rt_lib_shutdown_stdio_2                0x00000239   Thumb Code     0  libshutdown2.o(.ARM.Collect$$libshutdown$$00000003)
    _maybe_terminate_alloc                   0x00000261   Thumb Code     0  maybetermalloc1.o(.emb_text)
    rt_init_stack                            0x00000261   Thumb Code    72  hal_cm.o(.text)
    rt_ret_val                               0x000002a9   Thumb Code    12  hal_cm.o(.text)
    rt_ret_val2                              0x000002b5   Thumb Code    16  hal_cm.o(.text)
    Reset_Handler                            0x000002c9   Thumb Code     8  startup_LPC17xx.o(.text)
    NMI_Handler                              0x000002d1   Thumb Code     2  startup_LPC17xx.o(.text)
    HardFault_Handler                        0x000002d3   Thumb Code     2  startup_LPC17xx.o(.text)
    MemManage_Handler                        0x000002d5   Thumb Code     2  startup_LPC17xx.o(.text)
    BusFault_Handler                         0x000002d7   Thumb Code     2  startup_LPC17xx.o(.text)
    UsageFault_Handler                       0x000002d9   Thumb Code     2  startup_LPC17xx.o(.text)
    DebugMon_Handler                         0x000002dd   Thumb Code     2  startup_LPC17xx.o(.text)
    ADC_IRQHandler                           0x000002e3   Thumb Code     0  startup_LPC17xx.o(.text)
    BOD_IRQHandler                           0x000002e3   Thumb Code     0  startup_LPC17xx.o(.text)
    CAN_IRQHandler                           0x000002e3   Thumb Code     0  startup_LPC17xx.o(.text)
    DMA_IRQHandler                           0x000002e3   Thumb Code     0  startup_LPC17xx.o(.text)
    EINT0_IRQHandler                         0x000002e3   Thumb Code     0  startup_LPC17xx.o(.text)
    EINT1_IRQHandler                         0x000002e3   Thumb Code     0  startup_LPC17xx.o(.text)
    EINT2_IRQHandler                         0x000002e3   Thumb Code     0  startup_LPC17xx.o(.text)
    EINT3_IRQHandler                         0x000002e3   Thumb Code     0  startup_LPC17xx.o(.text)
    ENET_IRQHandler                          0x000002e3   Thumb Code     0  startup_LPC17xx.o(.text)
    I2C0_IRQHandler                          0x000002e3   Thumb Code     0  startup_LPC17xx.o(.text)
    I2C1_IRQHandler                          0x000002e3   Thumb Code     0  startup_LPC17xx.o(.text)
    I2C2_IRQHandler                          0x000002e3   Thumb Code     0  startup_LPC17xx.o(.text)
    I2S_IRQHandler                           0x000002e3   Thumb Code     0  startup_LPC17xx.o(.text)
    MCPWM_IRQHandler                         0x000002e3   Thumb Code     0  startup_LPC17xx.o(.text)
    PLL0_IRQHandler                          0x000002e3   Thumb Code     0  startup_LPC17xx.o(.text)
    PLL1_IRQHandler                          0x000002e3   Thumb Code     0  startup_LPC17xx.o(.text)
    PWM1_IRQHandler                          0x000002e3   Thumb Code     0  startup_LPC17xx.o(.text)
    QEI_IRQHandler                           0x000002e3   Thumb Code     0  startup_LPC17xx.o(.text)
    RIT_IRQHandler                           0x000002e3   Thumb Code     0  startup_LPC17xx.o(.text)
    RTC_IRQHandler                           0x000002e3   Thumb Code     0  startup_LPC17xx.o(.text)
    SPI_IRQHandler                           0x000002e3   Thumb Code     0  startup_LPC17xx.o(.text)
    SSP0_IRQHandler                          0x000002e3   Thumb Code     0  startup_LPC17xx.o(.text)
    SSP1_IRQHandler                          0x000002e3   Thumb Code     0  startup_LPC17xx.o(.text)
    TIMER0_IRQHandler                        0x000002e3   Thumb Code     0  startup_LPC17xx.o(.text)
    TIMER1_IRQHandler                        0x000002e3   Thumb Code     0  startup_LPC17xx.o(.text)
    TIMER2_IRQHandler                        0x000002e3   Thumb Code     0  startup_LPC17xx.o(.text)
    TIMER3_IRQHandler                        0x000002e3   Thumb Code     0  startup_LPC17xx.o(.text)
    UART0_IRQHandler                         0x000002e3   Thumb Code     0  startup_LPC17xx.o(.text)
    UART1_IRQHandler                         0x000002e3   Thumb Code     0  startup_LPC17xx.o(.text)
    UART2_IRQHandler                         0x000002e3   Thumb Code     0  startup_LPC17xx.o(.text)
    UART3_IRQHandler                         0x000002e3   Thumb Code     0  startup_LPC17xx.o(.text)
    USB_IRQHandler                           0x000002e3   Thumb Code     0  startup_LPC17xx.o(.text)
    WDT_IRQHandler                           0x000002e3   Thumb Code     0  startup_LPC17xx.o(.text)
    __user_libspace                          0x000002ed   Thumb Code     8  libspace.o(.text)
    __user_perproc_libspace                  0x000002ed   Thumb Code     0  libspace.o(.text)
    __use_two_region_memory                  0x000002f5   Thumb Code     2  heapauxi.o(.text)
    __rt_heap_escrow                         0x000002f7   Thumb Code     2  heapauxi.o(.text)
    __rt_heap_expand                         0x000002f9   Thumb Code     2  heapauxi.o(.text)
    __I$use$semihosting                      0x000002fb   Thumb Code     0  use_no_semi.o(.text)
    __use_no_semihosting_swi                 0x000002fb   Thumb Code     2  use_no_semi.o(.text)
    rt_set_PSP                               0x00000301   Thumb Code     6  hal_cm3.o(.emb_text)
    rt_get_PSP                               0x00000307   Thumb Code     6  hal_cm3.o(.emb_text)
    os_set_env                               0x0000030d   Thumb Code    24  hal_cm3.o(.emb_text)
    _alloc_box                               0x00000329   Thumb Code    28  hal_cm3.o(.emb_text)
    _free_box                                0x00000349   Thumb Code    28  hal_cm3.o(.emb_text)
    SVC_Handler                              0x00000369   Thumb Code   108  hal_cm3.o(.emb_text)
    PendSV_Handler                           0x000003e1   Thumb Code    56  hal_cm3.o(.emb_text)
    SysTick_Handler                          0x0000041d   Thumb Code     8  hal_cm3.o(.emb_text)
    OS_Tick_Handler                          0x00000425   Thumb Code    12  hal_cm3.o(.emb_text)
    rt_sem_init                              0x00000431   Thumb Code    16  rt_semaphore.o(.text)
    rt_sem_delete                            0x00000441   Thumb Code   100  rt_semaphore.o(.text)
    __RL_RTX_VER                             0x00000450   Number         0  rt_system.o ABSOLUTE
    rt_sem_send                              0x000004a5   Thumb Code    50  rt_semaphore.o(.text)
    rt_sem_wait                              0x000004d7   Thumb Code    76  rt_semaphore.o(.text)
    isr_sem_send                             0x00000523   Thumb Code    20  rt_semaphore.o(.text)
    rt_sem_psh                               0x00000537   Thumb Code    52  rt_semaphore.o(.text)
    rt_evt_wait                              0x00000575   Thumb Code   110  rt_event.o(.text)
    rt_evt_set                               0x000005e3   Thumb Code   100  rt_event.o(.text)
    rt_evt_clr                               0x00000647   Thumb Code    26  rt_event.o(.text)
    isr_evt_set                              0x00000661   Thumb Code    34  rt_event.o(.text)
    rt_evt_get                               0x00000683   Thumb Code     8  rt_event.o(.text)
    rt_evt_psh                               0x0000068b   Thumb Code    88  rt_event.o(.text)
    rt_put_prio                              0x000006f1   Thumb Code    64  rt_list.o(.text)
    rt_get_first                             0x00000731   Thumb Code    50  rt_list.o(.text)
    rt_put_rdy_first                         0x00000763   Thumb Code    16  rt_list.o(.text)
    rt_get_same_rdy_prio                     0x00000773   Thumb Code    34  rt_list.o(.text)
    rt_rmv_list                              0x00000795   Thumb Code    48  rt_list.o(.text)
    rt_resort_prio                           0x000007c5   Thumb Code    48  rt_list.o(.text)
    rt_put_dly                               0x000007f5   Thumb Code    88  rt_list.o(.text)
    rt_dec_dly                               0x0000084d   Thumb Code   130  rt_list.o(.text)
    rt_rmv_dly                               0x000008cf   Thumb Code    40  rt_list.o(.text)
    rt_psq_enq                               0x000008f7   Thumb Code   120  rt_list.o(.text)
    rt_mut_init                              0x00000985   Thumb Code    18  rt_mutex.o(.text)
    rt_mut_delete                            0x00000997   Thumb Code   126  rt_mutex.o(.text)
    rt_mut_release                           0x00000a15   Thumb Code   186  rt_mutex.o(.text)
    rt_mut_wait                              0x00000acf   Thumb Code   132  rt_mutex.o(.text)
    rt_get_TID                               0x00000b5d   Thumb Code    32  rt_task.o(.text)
    __user_perthread_libspace                0x00000b7d   Thumb Code    18  rt_task.o(.text)
    rt_init_context                          0x00000b8f   Thumb Code    50  rt_task.o(.text)
    rt_switch_req                            0x00000bc1   Thumb Code    10  rt_task.o(.text)
    rt_dispatch                              0x00000bcb   Thumb Code    72  rt_task.o(.text)
    rt_block                                 0x00000c13   Thumb Code    48  rt_task.o(.text)
    rt_tsk_pass                              0x00000c43   Thumb Code    36  rt_task.o(.text)
    rt_tsk_self                              0x00000c67   Thumb Code    18  rt_task.o(.text)
    rt_tsk_prio                              0x00000c79   Thumb Code   126  rt_task.o(.text)
    rt_tsk_delete                            0x00000cf7   Thumb Code   132  rt_task.o(.text)
    rt_sys_init                              0x00000d7b   Thumb Code   182  rt_task.o(.text)
    rt_sys_start                             0x00000e31   Thumb Code    62  rt_task.o(.text)
    svcKernelInitialize                      0x00000f15   Thumb Code    40  rt_cmsis.o(.text)
    svcThreadGetId                           0x00000f3d   Thumb Code    24  rt_cmsis.o(.text)
    svcThreadTerminate                       0x00000f55   Thumb Code    38  rt_cmsis.o(.text)
    osThreadExit                             0x00000f7b   Thumb Code    22  rt_cmsis.o(.text)
    svcThreadCreate                          0x00000f91   Thumb Code   128  rt_cmsis.o(.text)
    svcMessageCreate                         0x00001011   Thumb Code    60  rt_cmsis.o(.text)
    svcKernelStart                           0x0000104d   Thumb Code    80  rt_cmsis.o(.text)
    svcKernelRunning                         0x0000109d   Thumb Code     6  rt_cmsis.o(.text)
    osKernelInitialize                       0x000010a3   Thumb Code    40  rt_cmsis.o(.text)
    osKernelStart                            0x000010cb   Thumb Code   150  rt_cmsis.o(.text)
    osKernelRunning                          0x00001161   Thumb Code    36  rt_cmsis.o(.text)
    svcThreadYield                           0x00001185   Thumb Code    10  rt_cmsis.o(.text)
    svcThreadSetPriority                     0x0000118f   Thumb Code    62  rt_cmsis.o(.text)
    svcThreadGetPriority                     0x000011cd   Thumb Code    24  rt_cmsis.o(.text)
    osThreadCreate                           0x000011e5   Thumb Code    58  rt_cmsis.o(.text)
    osThreadGetId                            0x0000121f   Thumb Code    24  rt_cmsis.o(.text)
    osThreadTerminate                        0x00001237   Thumb Code    28  rt_cmsis.o(.text)
    osThreadYield                            0x00001253   Thumb Code    24  rt_cmsis.o(.text)
    osThreadSetPriority                      0x0000126b   Thumb Code    32  rt_cmsis.o(.text)
    osThreadGetPriority                      0x0000128b   Thumb Code    72  rt_cmsis.o(.text)
    svcDelay                                 0x000012d3   Thumb Code    28  rt_cmsis.o(.text)
    osDelay                                  0x000012ef   Thumb Code    28  rt_cmsis.o(.text)
    osWait                                   0x0000130b   Thumb Code    16  rt_cmsis.o(.text)
    svcTimerCreate                           0x0000139d   Thumb Code   102  rt_cmsis.o(.text)
    svcTimerStart                            0x00001403   Thumb Code    88  rt_cmsis.o(.text)
    svcTimerStop                             0x0000145b   Thumb Code    48  rt_cmsis.o(.text)
    svcTimerDelete                           0x0000148b   Thumb Code    52  rt_cmsis.o(.text)
    svcTimerCall                             0x000014bf   Thumb Code    42  rt_cmsis.o(.text)
    sysTimerTick                             0x0000151b   Thumb Code    70  rt_cmsis.o(.text)
    osTimerCreate                            0x00001561   Thumb Code    64  rt_cmsis.o(.text)
    osTimerStart                             0x000015a1   Thumb Code    32  rt_cmsis.o(.text)
    osTimerStop                              0x000015c1   Thumb Code    28  rt_cmsis.o(.text)
    osTimerDelete                            0x000015dd   Thumb Code    28  rt_cmsis.o(.text)
    osTimerCall                              0x000015f9   Thumb Code    26  rt_cmsis.o(.text)
    svcMessageGet                            0x00001613   Thumb Code    86  rt_cmsis.o(.text)
    osMessageGet                             0x00001669   Thumb Code   118  rt_cmsis.o(.text)
    osTimerThread                            0x000016df   Thumb Code    66  rt_cmsis.o(.text)
    svcSignalSet                             0x00001721   Thumb Code    52  rt_cmsis.o(.text)
    svcSignalClear                           0x00001755   Thumb Code    52  rt_cmsis.o(.text)
    svcSignalGet                             0x00001789   Thumb Code    24  rt_cmsis.o(.text)
    svcSignalWait                            0x000017a1   Thumb Code   114  rt_cmsis.o(.text)
    osSignalSet                              0x00001813   Thumb Code    80  rt_cmsis.o(.text)
    osSignalClear                            0x00001863   Thumb Code    32  rt_cmsis.o(.text)
    osSignalGet                              0x00001883   Thumb Code    28  rt_cmsis.o(.text)
    osSignalWait                             0x0000189f   Thumb Code    48  rt_cmsis.o(.text)
    svcMutexCreate                           0x000018cf   Thumb Code    54  rt_cmsis.o(.text)
    svcMutexWait                             0x00001905   Thumb Code    72  rt_cmsis.o(.text)
    svcMutexRelease                          0x0000194d   Thumb Code    48  rt_cmsis.o(.text)
    svcMutexDelete                           0x0000197d   Thumb Code    38  rt_cmsis.o(.text)
    osMutexCreate                            0x000019a3   Thumb Code    52  rt_cmsis.o(.text)
    osMutexWait                              0x000019d7   Thumb Code    32  rt_cmsis.o(.text)
    osMutexRelease                           0x000019f7   Thumb Code    28  rt_cmsis.o(.text)
    osMutexDelete                            0x00001a13   Thumb Code    28  rt_cmsis.o(.text)
    svcSemaphoreCreate                       0x00001a2f   Thumb Code    74  rt_cmsis.o(.text)
    svcSemaphoreWait                         0x00001a79   Thumb Code    72  rt_cmsis.o(.text)
    svcSemaphoreRelease                      0x00001ac1   Thumb Code    52  rt_cmsis.o(.text)
    svcSemaphoreDelete                       0x00001af5   Thumb Code    38  rt_cmsis.o(.text)
    osSemaphoreCreate                        0x00001b1b   Thumb Code    58  rt_cmsis.o(.text)
    osSemaphoreWait                          0x00001b55   Thumb Code    34  rt_cmsis.o(.text)
    osSemaphoreRelease                       0x00001b77   Thumb Code    74  rt_cmsis.o(.text)
    osSemaphoreDelete                        0x00001bc1   Thumb Code    36  rt_cmsis.o(.text)
    svcPoolCreate                            0x00001bfd   Thumb Code    56  rt_cmsis.o(.text)
    sysPoolAlloc                             0x00001c35   Thumb Code    34  rt_cmsis.o(.text)
    sysPoolFree                              0x00001c57   Thumb Code    32  rt_cmsis.o(.text)
    osPoolCreate                             0x00001c77   Thumb Code    52  rt_cmsis.o(.text)
    osPoolAlloc                              0x00001cab   Thumb Code    46  rt_cmsis.o(.text)
    osPoolCAlloc                             0x00001cd9   Thumb Code    46  rt_cmsis.o(.text)
    osPoolFree                               0x00001d07   Thumb Code    48  rt_cmsis.o(.text)
    svcMessagePut                            0x00001d37   Thumb Code    68  rt_cmsis.o(.text)
    osMessageCreate                          0x00001d7b   Thumb Code    58  rt_cmsis.o(.text)
    osMessagePut                             0x00001db5   Thumb Code    44  rt_cmsis.o(.text)
    svcMailCreate                            0x00001de1   Thumb Code   102  rt_cmsis.o(.text)
    sysMailAlloc                             0x00001e47   Thumb Code   138  rt_cmsis.o(.text)
    sysMailFree                              0x00001ed1   Thumb Code   126  rt_cmsis.o(.text)
    osMailCreate                             0x00001f4f   Thumb Code    58  rt_cmsis.o(.text)
    osMailAlloc                              0x00001f89   Thumb Code    52  rt_cmsis.o(.text)
    osMailCAlloc                             0x00001fbd   Thumb Code    52  rt_cmsis.o(.text)
    osMailFree                               0x00001ff1   Thumb Code    42  rt_cmsis.o(.text)
    osMailPut                                0x0000201b   Thumb Code    30  rt_cmsis.o(.text)
    osMailGet                                0x00002039   Thumb Code    56  rt_cmsis.o(.text)
    rt_tsk_lock                              0x0000207d   Thumb Code    98  rt_system.o(.text)
    rt_suspend                               0x000020df   Thumb Code    24  rt_system.o(.text)
    rt_tsk_unlock                            0x000020f7   Thumb Code   106  rt_system.o(.text)
    rt_resume                                0x00002161   Thumb Code   152  rt_system.o(.text)
    rt_psh_req                               0x000021f9   Thumb Code    24  rt_system.o(.text)
    rt_pop_req                               0x00002211   Thumb Code   154  rt_system.o(.text)
    os_tick_init                             0x000022ab   Thumb Code    42  rt_system.o(.text)
    os_tick_irqack                           0x000022d5   Thumb Code     2  rt_system.o(.text)
    rt_systick                               0x000022d7   Thumb Code    56  rt_system.o(.text)
    rt_stk_check                             0x0000230f   Thumb Code    50  rt_system.o(.text)
    rt_time_get                              0x00002375   Thumb Code     6  rt_time.o(.text)
    rt_dly_wait                              0x0000237b   Thumb Code    14  rt_time.o(.text)
    rt_itv_set                               0x00002389   Thumb Code    20  rt_time.o(.text)
    rt_itv_wait                              0x0000239d   Thumb Code    52  rt_time.o(.text)
    _init_box                                0x000023d9   Thumb Code    88  rt_membox.o(.text)
    rt_alloc_box                             0x00002431   Thumb Code    30  rt_membox.o(.text)
    _calloc_box                              0x0000244f   Thumb Code    40  rt_membox.o(.text)
    rt_free_box                              0x00002477   Thumb Code    36  rt_membox.o(.text)
    rt_init_robin                            0x0000249d   Thumb Code    14  rt_robin.o(.text)
    rt_chk_robin                             0x000024ab   Thumb Code    76  rt_robin.o(.text)
    os_idle_demon                            0x00002509   Thumb Code     4  rtx_conf_cm.o(.text)
    os_error                                 0x0000250d   Thumb Code    10  rtx_conf_cm.o(.text)
    sysThreadError                           0x00002517   Thumb Code    12  rtx_conf_cm.o(.text)
    _mutex_initialize                        0x00002523   Thumb Code    44  rtx_conf_cm.o(.text)
    _mutex_acquire                           0x0000254f   Thumb Code    26  rtx_conf_cm.o(.text)
    _mutex_release                           0x00002569   Thumb Code    22  rtx_conf_cm.o(.text)
    set_main_stack                           0x0000257f   Thumb Code    16  rtx_conf_cm.o(.text)
    rt_mbx_init                              0x000025c5   Thumb Code    34  rt_mailbox.o(.text)
    rt_mbx_send                              0x000025e7   Thumb Code   186  rt_mailbox.o(.text)
    rt_mbx_wait                              0x000026a1   Thumb Code   210  rt_mailbox.o(.text)
    rt_mbx_check                             0x00002773   Thumb Code    12  rt_mailbox.o(.text)
    isr_mbx_send                             0x0000277f   Thumb Code    22  rt_mailbox.o(.text)
    isr_mbx_receive                          0x00002795   Thumb Code    94  rt_mailbox.o(.text)
    rt_mbx_psh                               0x000027f3   Thumb Code   282  rt_mailbox.o(.text)
    led1_thread(const void*)                 0x00002915   Thumb Code    30  main.o(.text)
    led2_thread(const void*)                 0x00002933   Thumb Code    30  main.o(.text)
    $Super$$main                             0x00002951   Thumb Code    54  main.o(.text)
    rtos::Thread::Thread(void(*)(const void*), void*, osPriority, unsigned, unsigned char*) 0x000029c5   Thumb Code    92  thread.o(.text)
    rtos::Thread::Thread__sub_object(void(*)(const void*), void*, osPriority, unsigned, unsigned char*) 0x000029c5   Thumb Code     0  thread.o(.text)
    rtos::Thread::terminate()                0x00002a21   Thumb Code    12  thread.o(.text)
    rtos::Thread::set_priority(osPriority)   0x00002a2d   Thumb Code    16  thread.o(.text)
    rtos::Thread::get_priority()             0x00002a3d   Thumb Code    12  thread.o(.text)
    rtos::Thread::signal_set(int)            0x00002a49   Thumb Code    16  thread.o(.text)
    rtos::Thread::get_state()                0x00002a59   Thumb Code     6  thread.o(.text)
    rtos::Thread::signal_wait(int, unsigned) 0x00002a5f   Thumb Code    22  thread.o(.text)
    rtos::Thread::wait(unsigned)             0x00002a75   Thumb Code    12  thread.o(.text)
    rtos::Thread::yield()                    0x00002a81   Thumb Code     8  thread.o(.text)
    rtos::Thread::gettid()                   0x00002a89   Thumb Code     8  thread.o(.text)
    rtos::Thread::~Thread()                  0x00002a91   Thumb Code    30  thread.o(.text)
    rtos::Thread::~Thread__sub_object()      0x00002a91   Thumb Code     0  thread.o(.text)
    rtos::Thread::~Thread__deallocating()    0x00002aaf   Thumb Code    18  thread.o(.text)
    vfprintf                                 0x00002ae9   Thumb Code    10  vfprintf.o(.text)
    __2fprintf                               0x00002af3   Thumb Code    20  __2fprintf.o(.text)
    _printf_str                              0x00002b07   Thumb Code    82  _printf_str.o(.text)
    _printf_int_dec                          0x00002b59   Thumb Code   104  _printf_dec.o(.text)
    __printf                                 0x00002bd1   Thumb Code   388  __printf_flags_ss_wp.o(.text)
    __0sscanf                                0x00002d59   Thumb Code    52  __0sscanf.o(.text)
    _scanf_int                               0x00002d95   Thumb Code   332  _scanf_int.o(.text)
    _do_fflush                               0x00002ee1   Thumb Code    74  fflush_locked.o(.text)
    fflush                                   0x00002f2b   Thumb Code    60  fflush_locked.o(.text)
    strlen                                   0x00002f71   Thumb Code    62  strlen.o(.text)
    strncmp                                  0x00002faf   Thumb Code   150  strncmp.o(.text)
    __aeabi_memmove4                         0x00003045   Thumb Code     0  rt_memmove_w.o(.text)
    __aeabi_memmove8                         0x00003045   Thumb Code     0  rt_memmove_w.o(.text)
    __rt_memmove_w                           0x00003045   Thumb Code   122  rt_memmove_w.o(.text)
    __memmove_aligned                        0x0000306b   Thumb Code     0  rt_memmove_w.o(.text)
    __memmove_lastfew_aligned                0x000030a3   Thumb Code     0  rt_memmove_w.o(.text)
    __aeabi_memclr4                          0x000030bf   Thumb Code     0  rt_memclr_w.o(.text)
    __aeabi_memclr8                          0x000030bf   Thumb Code     0  rt_memclr_w.o(.text)
    __rt_memclr_w                            0x000030bf   Thumb Code    78  rt_memclr_w.o(.text)
    _memset_w                                0x000030c3   Thumb Code     0  rt_memclr_w.o(.text)
    strcmp                                   0x0000310d   Thumb Code   128  strcmpv7m.o(.text)
    __cpp_initialize__aeabi_                 0x0000318d   Thumb Code    26  init_aeabi.o(.text)
    __rt_new_handler_addr                    0x000031b1   Thumb Code    10  rt_new_handler_addr_twolibspace.o(.text)
    _malloc_internal                         0x000031c3   Thumb Code   130  h1_alloc_mt.o(.text)
    malloc                                   0x00003245   Thumb Code    20  h1_alloc_mt.o(.text)
    _free_internal                           0x00003259   Thumb Code    98  h1_free_mt.o(.text)
    free                                     0x000032bb   Thumb Code    20  h1_free_mt.o(.text)
    _printf_pre_padding                      0x000032cf   Thumb Code    44  _printf_pad.o(.text)
    _printf_post_padding                     0x000032fb   Thumb Code    34  _printf_pad.o(.text)
    _printf_truncate_signed                  0x0000331d   Thumb Code    18  _printf_truncate.o(.text)
    _printf_truncate_unsigned                0x0000332f   Thumb Code    18  _printf_truncate.o(.text)
    _printf_int_common                       0x00003341   Thumb Code   178  _printf_intcommon.o(.text)
    _printf_charcount                        0x000033f3   Thumb Code    40  _printf_charcount.o(.text)
    _printf_cs_common                        0x0000341b   Thumb Code    20  _printf_char.o(.text)
    _printf_char                             0x0000342f   Thumb Code    16  _printf_char.o(.text)
    _printf_string                           0x0000343f   Thumb Code     8  _printf_char.o(.text)
    _printf_wctomb                           0x00003449   Thumb Code   182  _printf_wctomb.o(.text)
    _printf_longlong_dec                     0x00003505   Thumb Code   108  _printf_longlong_dec.o(.text)
    _printf_longlong_oct                     0x00003581   Thumb Code    68  _printf_oct_int_ll.o(.text)
    _printf_int_oct                          0x000035c5   Thumb Code    24  _printf_oct_int_ll.o(.text)
    _printf_ll_oct                           0x000035dd   Thumb Code    12  _printf_oct_int_ll.o(.text)
    _printf_longlong_hex                     0x000035f1   Thumb Code    86  _printf_hex_int_ll_ptr.o(.text)
    _printf_int_hex                          0x00003647   Thumb Code    28  _printf_hex_int_ll_ptr.o(.text)
    _printf_ll_hex                           0x00003663   Thumb Code    12  _printf_hex_int_ll_ptr.o(.text)
    _printf_hex_ptr                          0x0000366f   Thumb Code    18  _printf_hex_int_ll_ptr.o(.text)
    _chval                                   0x00003685   Thumb Code    28  _chval.o(.text)
    __vfscanf_char                           0x000036ad   Thumb Code    24  scanf_char.o(.text)
    _sgetc                                   0x000036cd   Thumb Code    30  _sgetc.o(.text)
    _sbackspace                              0x000036eb   Thumb Code    34  _sgetc.o(.text)
    _fseek                                   0x0000370d   Thumb Code   242  fseek.o(.text)
    fseek                                    0x0000370d   Thumb Code     0  fseek.o(.text)
    _seterr                                  0x00003805   Thumb Code    20  stdio.o(.text)
    _writebuf                                0x00003819   Thumb Code    84  stdio.o(.text)
    _fflush                                  0x0000386d   Thumb Code    70  stdio.o(.text)
    _deferredlazyseek                        0x000038b3   Thumb Code    60  stdio.o(.text)
    _initio                                  0x000038f5   Thumb Code   240  initio_locked.o(.text)
    _terminateio                             0x000039e5   Thumb Code   168  initio_locked.o(.text)
    __aeabi_memcpy4                          0x00003abd   Thumb Code     0  rt_memcpy_w.o(.text)
    __aeabi_memcpy8                          0x00003abd   Thumb Code     0  rt_memcpy_w.o(.text)
    __rt_memcpy_w                            0x00003abd   Thumb Code   100  rt_memcpy_w.o(.text)
    _memcpy_lastbytes_aligned                0x00003b05   Thumb Code     0  rt_memcpy_w.o(.text)
    __default_new_handler()                  0x00003b21   Thumb Code     4  arm_newhandler_noexceptions.o(.text)
    __rt_heap_descriptor                     0x00003b25   Thumb Code    10  rt_heap_descriptor_twolibspace.o(.text)
    __use_no_heap                            0x00003b2f   Thumb Code     2  hguard.o(.text)
    __heap$guard                             0x00003b31   Thumb Code     2  hguard.o(.text)
    _terminate_user_alloc                    0x00003b33   Thumb Code     2  init_alloc.o(.text)
    _init_user_alloc                         0x00003b35   Thumb Code     2  init_alloc.o(.text)
    __Heap_Full                              0x00003b37   Thumb Code    34  init_alloc.o(.text)
    __Heap_Broken                            0x00003b59   Thumb Code     6  init_alloc.o(.text)
    _init_alloc                              0x00003b5f   Thumb Code    94  init_alloc.o(.text)
    __Heap_Initialize                        0x00003bbd   Thumb Code    14  h1_init_mt.o(.text)
    __Heap_DescSize                          0x00003bcb   Thumb Code     4  h1_init_mt.o(.text)
    _ll_udiv10                               0x00003bcf   Thumb Code   138  lludiv10.o(.text)
    isspace                                  0x00003c59   Thumb Code    18  isspace.o(.text)
    __lib_sel_fp_printf                      0x00003c6b   Thumb Code     2  _printf_fp_dec.o(.text)
    _printf_fp_dec_real                      0x00003e19   Thumb Code   620  _printf_fp_dec.o(.text)
    _printf_fp_hex_real                      0x00004085   Thumb Code   754  _printf_fp_hex.o(.text)
    _printf_char_common                      0x0000438b   Thumb Code    32  _printf_char_common.o(.text)
    _printf_lcs_common                       0x000043b1   Thumb Code    20  _printf_wchar.o(.text)
    _printf_wchar                            0x000043c5   Thumb Code    16  _printf_wchar.o(.text)
    _printf_wstring                          0x000043d5   Thumb Code     8  _printf_wchar.o(.text)
    __vfscanf                                0x000043dd   Thumb Code   878  _scanf.o(.text)
    _ftell_internal                          0x00004751   Thumb Code    66  ftell.o(.text)
    ftell                                    0x00004751   Thumb Code     0  ftell.o(.text)
    _fclose_internal                         0x00004793   Thumb Code    76  fclose.o(.text)
    fclose                                   0x00004793   Thumb Code     0  fclose.o(.text)
    setvbuf                                  0x000047df   Thumb Code   104  setvbuf_locked.o(.text)
    freopen                                  0x000048f7   Thumb Code    42  fopen_locked.o(.text)
    _fopen$locked                            0x00004921   Thumb Code   100  fopen_locked.o(.text)
    _wcrtomb                                 0x0000498d   Thumb Code    64  _wcrtomb.o(.text)
    __sig_exit                               0x000049cd   Thumb Code    10  defsig_exit.o(.text)
    __rt_SIGRTRED                            0x000049d7   Thumb Code    14  defsig_rtred_outer.o(.text)
    std::terminate()                         0x000049e5   Thumb Code    26  arm_exceptions_terminate.o(.text)
    __cxa_get_globals                        0x00004a07   Thumb Code    62  arm_exceptions_globs.o(.text)
    _sys_exit                                0x00004a51   Thumb Code     8  sys_exit.o(.text)
    __rt_ctype_table                         0x00004a5d   Thumb Code    16  rt_ctype_table.o(.text)
    __rt_locale                              0x00004a6d   Thumb Code    10  rt_locale_twolibspace.o(.text)
    __rt_eh_globals_addr                     0x00004a77   Thumb Code    10  rt_eh_globals_addr_twolibspace.o(.text)
    __aeabi_errno_addr                       0x00004a81   Thumb Code     4  rt_errno_addr_twolibspace.o(.text)
    __errno$twolibspace                      0x00004a81   Thumb Code     0  rt_errno_addr_twolibspace.o(.text)
    __rt_errno_addr$twolibspace              0x00004a81   Thumb Code     0  rt_errno_addr_twolibspace.o(.text)
    __Heap_ProvideMemory                     0x00004a85   Thumb Code    62  h1_extend_mt.o(.text)
    _printf_fp_infnan                        0x00004ac5   Thumb Code   112  _printf_fp_infnan.o(.text)
    _btod_etento                             0x00004b45   Thumb Code   216  bigflt0.o(.text)
    __flsbuf                                 0x00004c21   Thumb Code   470  flsbuf.o(.text)
    __flsbuf_byte                            0x00004c21   Thumb Code     0  flsbuf.o(.text)
    __flsbuf_wide                            0x00004c21   Thumb Code     0  flsbuf.o(.text)
    abort                                    0x00004df7   Thumb Code    16  abort.o(.text)
    __default_signal_display                 0x00004e07   Thumb Code    50  defsig_general.o(.text)
    __rt_SIGRTRED_inner                      0x00004e39   Thumb Code    14  defsig_rtred_inner.o(.text)
    __rt_SIGRTMEM                            0x00004e6d   Thumb Code    14  defsig_rtmem_outer.o(.text)
    __ARM_exceptions_buffer_init             0x00004e7b   Thumb Code    18  arm_exceptions_mem.o(.text)
    __ARM_exceptions_buffer_allocate         0x00004e8d   Thumb Code    22  arm_exceptions_mem.o(.text)
    __ARM_exceptions_buffer_free             0x00004ea3   Thumb Code    20  arm_exceptions_mem.o(.text)
    _ttywrch                                 0x00004eb7   Thumb Code    14  sys_wrch.o(.text)
    __semihosting_library_function           0x00004ec5   Thumb Code     0  indicate_semi.o(.text)
    _printf_char_file                        0x00004ec5   Thumb Code    58  _printf_char_file_locked.o(.text)
    __rt_SIGABRT                             0x00004f05   Thumb Code    14  defsig_abrt_outer.o(.text)
    __rt_SIGRTMEM_inner                      0x00004f15   Thumb Code    22  defsig_rtmem_inner.o(.text)
    __rt_SIGABRT_inner                       0x00004f65   Thumb Code    14  defsig_abrt_inner.o(.text)
    _btod_d2e                                0x00004f95   Thumb Code    62  btod.o(CL$$btod_d2e)
    _d2e_denorm_low                          0x00004fd3   Thumb Code    70  btod.o(CL$$btod_d2e_denorm_low)
    _d2e_norm_op1                            0x00005019   Thumb Code    96  btod.o(CL$$btod_d2e_norm_op1)
    __btod_div_common                        0x00005079   Thumb Code   696  btod.o(CL$$btod_div_common)
    _e2e                                     0x000053b1   Thumb Code   198  btod.o(CL$$btod_e2e)
    _btod_ediv                               0x00005477   Thumb Code    40  btod.o(CL$$btod_ediv)
    _btod_emul                               0x0000549f   Thumb Code    40  btod.o(CL$$btod_emul)
    __btod_mult_common                       0x000054c7   Thumb Code   580  btod.o(CL$$btod_mult_common)
    SVC_Count                                0x0000570c   Data           4  svc_table.o(SVC_TABLE)
    SVC_Table                                0x00005710   Data           0  svc_table.o(SVC_TABLE)
    main                                     0x00005711   Thumb Code    18  retarget.o(i.$Sub$$main)
    NVIC_SetVector                           0x00005725   Thumb Code   102  cmsis_nvic.o(i.NVIC_SetVector)
    SystemInit                               0x00005791   Thumb Code   150  system_LPC17xx.o(i.SystemInit)
    mbed::DigitalOut::write(int)             0x00005831   Thumb Code    50  main.o(i._ZN4mbed10DigitalOut5writeEi)
    mbed::DigitalOut::DigitalOut(PinName)    0x000058b9   Thumb Code    26  main.o(i._ZN4mbed10DigitalOutC1E7PinName)
    mbed::DigitalOut::DigitalOut__sub_object(PinName) 0x000058b9   Thumb Code     0  main.o(i._ZN4mbed10DigitalOutC1E7PinName)
    mbed::DigitalOut::operator =(int)        0x000058d3   Thumb Code    18  main.o(i._ZN4mbed10DigitalOutaSEi)
    mbed::FileBase::getPathType()            0x000058e5   Thumb Code     4  FileBase.o(i._ZN4mbed8FileBase11getPathTypeEv)
    mbed::FileBase::lookup(const char*, unsigned) 0x000058e9   Thumb Code    50  FileBase.o(i._ZN4mbed8FileBase6lookupEPKcj)
    mbed::FilePath::fileSystem()             0x00005921   Thumb Code    24  FilePath.o(i._ZN4mbed8FilePath10fileSystemEv)
    mbed::FilePath::file()                   0x00005939   Thumb Code    28  FilePath.o(i._ZN4mbed8FilePath4fileEv)
    mbed::FilePath::exists()                 0x00005955   Thumb Code    10  FilePath.o(i._ZN4mbed8FilePath6existsEv)
    mbed::FilePath::isFile()                 0x0000595f   Thumb Code    24  FilePath.o(i._ZN4mbed8FilePath6isFileEv)
    mbed::FilePath::fileName()               0x00005977   Thumb Code     4  FilePath.o(i._ZN4mbed8FilePath8fileNameEv)
    mbed::FilePath::FilePath(const char*)    0x0000597b   Thumb Code    64  FilePath.o(i._ZN4mbed8FilePathC1EPKc)
    mbed::FilePath::FilePath__sub_object(const char*) 0x0000597b   Thumb Code     0  FilePath.o(i._ZN4mbed8FilePathC1EPKc)
    mbed::DigitalIn::DigitalIn(PinName)      0x000059bb   Thumb Code    26  main.o(i._ZN4mbed9DigitalInC1E7PinName)
    mbed::DigitalIn::DigitalIn__sub_object(PinName) 0x000059bb   Thumb Code     0  main.o(i._ZN4mbed9DigitalInC1E7PinName)
    mbed::DigitalIn::operator int()          0x000059d5   Thumb Code    50  main.o(i._ZN4mbed9DigitalIncviEv)
    operator delete[] (void*)                0x00005a5d   Thumb Code     8  array_del.o(i._ZdaPv)
    operator delete (void*)                  0x00005a65   Thumb Code     8  delete.o(i._ZdlPv)
    operator new[] (unsigned)                0x00005a6d   Thumb Code     8  array_new.o(i._Znaj)
    operator new(unsigned)                   0x00005a75   Thumb Code    34  new.o(i._Znwj)
    __ARM_fpclassify                         0x00005a9d   Thumb Code    40  fpclassify.o(i.__ARM_fpclassify)
    __user_setup_stackheap                   0x00005ac5   Thumb Code    10  sys.o(i.__user_setup_stackheap)
    _is_digit                                0x00005ad5   Thumb Code    14  __printf_wp.o(i._is_digit)
    _sys_close                               0x00005ae5   Thumb Code    40  retarget.o(i._sys_close)
    _sys_flen                                0x00005b11   Thumb Code    34  retarget.o(i._sys_flen)
    _sys_istty                               0x00005b39   Thumb Code    34  retarget.o(i._sys_istty)
    _sys_open                                0x00005b61   Thumb Code   300  retarget.o(i._sys_open)
    _sys_seek                                0x00005cad   Thumb Code    36  retarget.o(i._sys_seek)
    _sys_write                               0x00005cd5   Thumb Code    82  retarget.o(i._sys_write)
    error                                    0x00005d39   Thumb Code    20  error.o(i.error)
    exit                                     0x00005d51   Thumb Code    36  exit.o(i.exit)
    _fputc$unlocked                          0x00005d7d   Thumb Code    26  fputc.o(i.fputc)
    gpio_dir                                 0x00005d99   Thumb Code    52  gpio_api.o(i.gpio_dir)
    gpio_init                                0x00005de9   Thumb Code    56  gpio_api.o(i.gpio_init)
    gpio_init_in                             0x00005e21   Thumb Code    38  gpio.o(i.gpio_init_in)
    gpio_init_out                            0x00005e49   Thumb Code    62  gpio.o(i.gpio_init_out)
    gpio_init_out_ex                         0x00005e8d   Thumb Code    74  gpio.o(i.gpio_init_out_ex)
    gpio_mode                                0x00005edd   Thumb Code     6  gpio_api.o(i.gpio_mode)
    mbed_assert_internal                     0x00005ee5   Thumb Code    24  assert.o(i.mbed_assert_internal)
    mbed_die                                 0x00005f35   Thumb Code   242  board.o(i.mbed_die)
    mbed_interface_connected                 0x0000603d   Thumb Code     4  mbed_interface.o(i.mbed_interface_connected)
    mbed_main                                0x00006041   Thumb Code     2  retarget.o(i.mbed_main)
    mbed_sdk_init                            0x00006043   Thumb Code     2  retarget.o(i.mbed_sdk_init)
    pin_function                             0x00006045   Thumb Code    62  pinmap.o(i.pin_function)
    pin_mode                                 0x000060a1   Thumb Code   104  pinmap.o(i.pin_mode)
    pinmap_find_peripheral                   0x00006125   Thumb Code    30  pinmap_common.o(i.pinmap_find_peripheral)
    pinmap_merge                             0x00006145   Thumb Code    34  pinmap_common.o(i.pinmap_merge)
    pinmap_peripheral                        0x0000617d   Thumb Code    54  pinmap_common.o(i.pinmap_peripheral)
    pinmap_pinout                            0x000061d5   Thumb Code    60  pinmap_common.o(i.pinmap_pinout)
    semihost_connected                       0x00006225   Thumb Code    10  semihost_api.o(i.semihost_connected)
    semihost_exit                            0x00006235   Thumb Code    12  semihost_api.o(i.semihost_exit)
    serial_baud                              0x00006241   Thumb Code   408  serial_api.o(i.serial_baud)
    serial_format                            0x00006405   Thumb Code   154  serial_api.o(i.serial_format)
    serial_init                              0x000064a5   Thumb Code   334  serial_api.o(i.serial_init)
    serial_putc                              0x000066f1   Thumb Code   100  serial_api.o(i.serial_putc)
    serial_set_flow_control                  0x00006759   Thumb Code   252  serial_api.o(i.serial_set_flow_control)
    uart0_irq                                0x00006865   Thumb Code    14  serial_api.o(i.uart0_irq)
    uart1_irq                                0x00006879   Thumb Code    14  serial_api.o(i.uart1_irq)
    uart2_irq                                0x0000688d   Thumb Code    14  serial_api.o(i.uart2_irq)
    uart3_irq                                0x000068a1   Thumb Code    14  serial_api.o(i.uart3_irq)
    us_ticker_clear_interrupt                0x00006919   Thumb Code     8  us_ticker.o(i.us_ticker_clear_interrupt)
    us_ticker_disable_interrupt              0x00006925   Thumb Code    12  us_ticker.o(i.us_ticker_disable_interrupt)
    us_ticker_irq_handler                    0x00006935   Thumb Code    62  us_ticker_api.o(i.us_ticker_irq_handler)
    us_ticker_read                           0x00006979   Thumb Code    72  us_ticker.o(i.us_ticker_read)
    us_ticker_set_interrupt                  0x000069d9   Thumb Code    14  us_ticker.o(i.us_ticker_set_interrupt)
    wait_ms                                  0x000069ed   Thumb Code    28  wait_api.o(i.wait_ms)
    _get_lc_numeric                          0x00006a09   Thumb Code    44  lc_numeric_c.o(locale$$code)
    _get_lc_ctype                            0x00006a35   Thumb Code    44  lc_ctype_c.o(locale$$code)
    _printf_fp_dec                           0x00006a61   Thumb Code     4  printf1.o(x$fpl$printf1)
    _printf_fp_hex                           0x00006a65   Thumb Code     4  printf2.o(x$fpl$printf2)
    __I$use$fp                               0x00006a68   Number         0  usenofp.o(x$fpl$usenofp)
    os_maxtaskrun                            0x00006a68   Data           2  rtx_conf_cm.o(.constdata)
    os_rrobin                                0x00006a6c   Data           4  rtx_conf_cm.o(.constdata)
    os_trv                                   0x00006a70   Data           4  rtx_conf_cm.o(.constdata)
    os_flags                                 0x00006a74   Data           1  rtx_conf_cm.o(.constdata)
    os_clockrate                             0x00006a78   Data           4  rtx_conf_cm.o(.constdata)
    os_timernum                              0x00006a7c   Data           4  rtx_conf_cm.o(.constdata)
    idle_task_stack_size                     0x00006a80   Data           2  rtx_conf_cm.o(.constdata)
    os_fifo_size                             0x00006a82   Data           1  rtx_conf_cm.o(.constdata)
    __stdin_name                             0x00006a83   Data           7  retarget.o(.constdata)
    __stdout_name                            0x00006a8a   Data           8  retarget.o(.constdata)
    __stderr_name                            0x00006a92   Data           8  retarget.o(.constdata)
    vtable for rtos::Thread                  0x00006ff0   Data          16  thread.o(.constdata__ZTVN4rtos6ThreadE)
    Region$$Table$$Base                      0x00007000   Number         0  anon$$obj.o(Region$$Table)
    Region$$Table$$Limit                     0x00007020   Number         0  anon$$obj.o(Region$$Table)
    __ctype                                  0x00007049   Data           0  lc_ctype_c.o(locale$$data)
    SHT$$INIT_ARRAY$$Base                    0x0000714c   Number         0  main.o(.init_array)
    SHT$$INIT_ARRAY$$Limit                   0x00007150   Number         0  init_aeabi.o(.init_array)
    os_tsk                                   0x100000c8   Data           8  rt_task.o(.data)
    os_initialized                           0x100000d0   Data           1  rt_cmsis.o(.data)
    os_running                               0x100000d1   Data           1  rt_cmsis.o(.data)
    os_timer_head                            0x100000d4   Data           4  rt_cmsis.o(.data)
    os_tick_irqn                             0x100000d8   Data           4  rt_system.o(.data)
    os_time                                  0x100000e0   Data           4  rt_time.o(.data)
    os_robin                                 0x100000e4   Data           8  rt_robin.o(.data)
    os_thread_def_osTimerThread              0x100000ec   Data         164  rtx_conf_cm.o(.data)
    osThreadId_osTimerThread                 0x10000190   Data           4  rtx_conf_cm.o(.data)
    os_messageQ_def_osTimerMessageQ          0x10000194   Data           8  rtx_conf_cm.o(.data)
    osMessageQId_osTimerMessageQ             0x1000019c   Data           4  rtx_conf_cm.o(.data)
    os_thread_def_main                       0x100001a4   Data         164  rtx_conf_cm.o(.data)
    SystemCoreClock                          0x10000248   Data           4  system_LPC17xx.o(.data)
    stdio_uart_inited                        0x1000024c   Data           4  serial_api.o(.data)
    stdio_uart                               0x10000254   Data           8  serial_api.o(.data)
    us_ticker_inited                         0x1000025c   Data           4  us_ticker.o(.data)
    mbed::FileBase::_head                    0x10000260   Data           4  FileBase.o(.data)
    __aeabi_stdin                            0x1000026c   Data           4  stdio_streams.o(.data)
    __aeabi_stdout                           0x10000270   Data           4  stdio_streams.o(.data)
    __aeabi_stderr                           0x10000274   Data           4  stdio_streams.o(.data)
    _stream_list_lock                        0x10000278   Data           4  streamlock.o(.data)
    os_rdy                                   0x1000027c   Data          24  rt_list.o(.bss)
    os_dly                                   0x10000294   Data          24  rt_list.o(.bss)
    os_idle_TCB                              0x100002ac   Data         148  rt_task.o(.bss)
    idle_task_stack                          0x10000340   Data         512  rtx_conf_cm.o(.bss)
    os_fifo                                  0x10000540   Data         132  rtx_conf_cm.o(.bss)
    os_active_TCB                            0x100005c4   Data          60  rtx_conf_cm.o(.bss)
    os_thread_def_stack_osTimerThread        0x10000600   Data        2048  rtx_conf_cm.o(.bss)
    os_messageQ_q_osTimerMessageQ            0x10000e00   Data          32  rtx_conf_cm.o(.bss)
    led1                                     0x10000eb0   Data          24  main.o(.bss)
    led2                                     0x10000ec8   Data          24  main.o(.bss)
    sw1                                      0x10000ee0   Data          24  main.o(.bss)
    sw2                                      0x10000ef8   Data          24  main.o(.bss)
    __libspace_start                         0x10001030   Data          96  libspace.o(.bss)
    __stdin                                  0x10001090   Data          84  stdio_streams.o(.bss)
    __temporary_stack_top$libspace           0x10001090   Data           0  libspace.o(.bss)
    __stdout                                 0x100010e4   Data          84  stdio_streams.o(.bss)
    __stderr                                 0x10001138   Data          84  stdio_streams.o(.bss)
    Image$$RW_IRAM1$$ZI$$Limit               0x1000118c   Number         0  anon$$obj.o ABSOLUTE



==============================================================================

Memory Map of the image

  Image Entry point : 0x000000c5

  Load Region LR_IROM1 (Base: 0x00000000, Size: 0x00007304, Max: 0x00080000, ABSOLUTE, COMPRESSED[0x0000716c])

    Execution Region ER_IROM1 (Base: 0x00000000, Size: 0x00007150, Max: 0x00080000, ABSOLUTE)

    Base Addr    Size         Type   Attr      Idx    E Section Name        Object

    0x00000000   0x000000c4   Data   RO          835    RESET               startup_LPC17xx.o
    0x000000c4   0x00000008   Code   RO         1236  * !!!main             c_w.l(__main.o)
    0x000000cc   0x00000034   Code   RO         1912    !!!scatter          c_w.l(__scatter.o)
    0x00000100   0x0000005a   Code   RO         1910    !!dczerorl2         c_w.l(__dczerorl2.o)
    0x0000015a   0x00000002   PAD
    0x0000015c   0x0000001c   Code   RO         1914    !!handler_zi        c_w.l(__scatter_zi.o)
    0x00000178   0x00000000   Code   RO         1206    .ARM.Collect$$_printf_percent$$00000000  c_w.l(_printf_percent.o)
    0x00000178   0x00000006   Code   RO         1491    .ARM.Collect$$_printf_percent$$00000001  c_w.l(_printf_n.o)
    0x0000017e   0x00000006   Code   RO         1493    .ARM.Collect$$_printf_percent$$00000002  c_w.l(_printf_p.o)
    0x00000184   0x00000006   Code   RO         1497    .ARM.Collect$$_printf_percent$$00000003  c_w.l(_printf_f.o)
    0x0000018a   0x00000006   Code   RO         1498    .ARM.Collect$$_printf_percent$$00000004  c_w.l(_printf_e.o)
    0x00000190   0x00000006   Code   RO         1499    .ARM.Collect$$_printf_percent$$00000005  c_w.l(_printf_g.o)
    0x00000196   0x00000006   Code   RO         1500    .ARM.Collect$$_printf_percent$$00000006  c_w.l(_printf_a.o)
    0x0000019c   0x0000000a   Code   RO         1505    .ARM.Collect$$_printf_percent$$00000007  c_w.l(_printf_ll.o)
    0x000001a6   0x00000006   Code   RO         1495    .ARM.Collect$$_printf_percent$$00000008  c_w.l(_printf_i.o)
    0x000001ac   0x00000006   Code   RO         1205    .ARM.Collect$$_printf_percent$$00000009  c_w.l(_printf_d.o)
    0x000001b2   0x00000006   Code   RO         1496    .ARM.Collect$$_printf_percent$$0000000A  c_w.l(_printf_u.o)
    0x000001b8   0x00000006   Code   RO         1494    .ARM.Collect$$_printf_percent$$0000000B  c_w.l(_printf_o.o)
    0x000001be   0x00000006   Code   RO         1492    .ARM.Collect$$_printf_percent$$0000000C  c_w.l(_printf_x.o)
    0x000001c4   0x00000006   Code   RO         1502    .ARM.Collect$$_printf_percent$$0000000D  c_w.l(_printf_lli.o)
    0x000001ca   0x00000006   Code   RO         1503    .ARM.Collect$$_printf_percent$$0000000E  c_w.l(_printf_lld.o)
    0x000001d0   0x00000006   Code   RO         1504    .ARM.Collect$$_printf_percent$$0000000F  c_w.l(_printf_llu.o)
    0x000001d6   0x00000006   Code   RO         1509    .ARM.Collect$$_printf_percent$$00000010  c_w.l(_printf_llo.o)
    0x000001dc   0x00000006   Code   RO         1510    .ARM.Collect$$_printf_percent$$00000011  c_w.l(_printf_llx.o)
    0x000001e2   0x0000000a   Code   RO         1506    .ARM.Collect$$_printf_percent$$00000012  c_w.l(_printf_l.o)
    0x000001ec   0x00000006   Code   RO         1490    .ARM.Collect$$_printf_percent$$00000013  c_w.l(_printf_c.o)
    0x000001f2   0x00000006   Code   RO         1204    .ARM.Collect$$_printf_percent$$00000014  c_w.l(_printf_s.o)
    0x000001f8   0x00000006   Code   RO         1507    .ARM.Collect$$_printf_percent$$00000015  c_w.l(_printf_lc.o)
    0x000001fe   0x00000006   Code   RO         1508    .ARM.Collect$$_printf_percent$$00000016  c_w.l(_printf_ls.o)
    0x00000204   0x00000004   Code   RO         1501    .ARM.Collect$$_printf_percent$$00000017  c_w.l(_printf_percent_end.o)
    0x00000208   0x00000002   Code   RO         1235    .ARM.Collect$$libinit$$00000000  c_w.l(libinit.o)
    0x0000020a   0x00000000   Code   RO         1535    .ARM.Collect$$libinit$$00000002  c_w.l(libinit2.o)
    0x0000020a   0x00000000   Code   RO         1537    .ARM.Collect$$libinit$$00000004  c_w.l(libinit2.o)
    0x0000020a   0x00000008   Code   RO         1538    .ARM.Collect$$libinit$$00000005  c_w.l(libinit2.o)
    0x00000212   0x00000000   Code   RO         1540    .ARM.Collect$$libinit$$0000000A  c_w.l(libinit2.o)
    0x00000212   0x00000000   Code   RO         1542    .ARM.Collect$$libinit$$0000000C  c_w.l(libinit2.o)
    0x00000212   0x00000000   Code   RO         1544    .ARM.Collect$$libinit$$0000000E  c_w.l(libinit2.o)
    0x00000212   0x00000006   Code   RO         1545    .ARM.Collect$$libinit$$0000000F  c_w.l(libinit2.o)
    0x00000218   0x00000000   Code   RO         1547    .ARM.Collect$$libinit$$00000011  c_w.l(libinit2.o)
    0x00000218   0x0000000c   Code   RO         1548    .ARM.Collect$$libinit$$00000012  c_w.l(libinit2.o)
    0x00000224   0x00000000   Code   RO         1549    .ARM.Collect$$libinit$$00000013  c_w.l(libinit2.o)
    0x00000224   0x00000000   Code   RO         1551    .ARM.Collect$$libinit$$00000015  c_w.l(libinit2.o)
    0x00000224   0x0000000a   Code   RO         1552    .ARM.Collect$$libinit$$00000016  c_w.l(libinit2.o)
    0x0000022e   0x00000000   Code   RO         1553    .ARM.Collect$$libinit$$00000017  c_w.l(libinit2.o)
    0x0000022e   0x00000000   Code   RO         1555    .ARM.Collect$$libinit$$00000019  c_w.l(libinit2.o)
    0x0000022e   0x00000000   Code   RO         1557    .ARM.Collect$$libinit$$0000001B  c_w.l(libinit2.o)
    0x0000022e   0x00000000   Code   RO         1559    .ARM.Collect$$libinit$$0000001D  c_w.l(libinit2.o)
    0x0000022e   0x00000000   Code   RO         1561    .ARM.Collect$$libinit$$0000001F  c_w.l(libinit2.o)
    0x0000022e   0x00000000   Code   RO         1563    .ARM.Collect$$libinit$$00000021  c_w.l(libinit2.o)
    0x0000022e   0x00000000   Code   RO         1565    .ARM.Collect$$libinit$$00000023  c_w.l(libinit2.o)
    0x0000022e   0x00000004   Code   RO         1566    .ARM.Collect$$libinit$$00000024  c_w.l(libinit2.o)
    0x00000232   0x00000000   Code   RO         1567    .ARM.Collect$$libinit$$00000025  c_w.l(libinit2.o)
    0x00000232   0x00000000   Code   RO         1571    .ARM.Collect$$libinit$$0000002C  c_w.l(libinit2.o)
    0x00000232   0x00000000   Code   RO         1573    .ARM.Collect$$libinit$$0000002E  c_w.l(libinit2.o)
    0x00000232   0x00000000   Code   RO         1575    .ARM.Collect$$libinit$$00000030  c_w.l(libinit2.o)
    0x00000232   0x00000004   Code   RO         1576    .ARM.Collect$$libinit$$00000031  c_w.l(libinit2.o)
    0x00000236   0x00000000   Code   RO         1577    .ARM.Collect$$libinit$$00000032  c_w.l(libinit2.o)
    0x00000236   0x00000002   Code   RO         1578    .ARM.Collect$$libinit$$00000033  c_w.l(libinit2.o)
    0x00000238   0x00000000   Code   RO         1707    .ARM.Collect$$libshutdown$$00000003  c_w.l(libshutdown2.o)
    0x00000238   0x00000028   Code   RO          241    .emb_text           rtx_conf_cm.o
    0x00000260   0x00000000   Code   RO         1777    .emb_text           c_w.l(maybetermalloc1.o)
    0x00000260   0x00000068   Code   RO           93    .text               hal_cm.o
    0x000002c8   0x00000024   Code   RO          837    .text               startup_LPC17xx.o
    0x000002ec   0x00000008   Code   RO         1167    .text               c_w.l(libspace.o)
    0x000002f4   0x00000006   Code   RO         1233    .text               c_w.l(heapauxi.o)
    0x000002fa   0x00000002   Code   RO         1860    .text               c_w.l(use_no_semi.o)
    0x000002fc   0x00000004   Code   RO          836    .ARM.__at_0x02FC    startup_LPC17xx.o
    0x00000300   0x00000130   Code   RO          284    .emb_text           hal_cm3.o
    0x00000430   0x00000144   Code   RO            6    .text               rt_semaphore.o
    0x00000574   0x0000017c   Code   RO           45    .text               rt_event.o
    0x000006f0   0x00000294   Code   RO           57    .text               rt_list.o
    0x00000984   0x000001d8   Code   RO           81    .text               rt_mutex.o
    0x00000b5c   0x0000034c   Code   RO          105    .text               rt_task.o
    0x00000ea8   0x000011d4   Code   RO          136    .text               rt_cmsis.o
    0x0000207c   0x000002f8   Code   RO          177    .text               rt_system.o
    0x00002374   0x00000064   Code   RO          199    .text               rt_time.o
    0x000023d8   0x000000c2   Code   RO          214    .text               rt_membox.o
    0x0000249a   0x00000002   PAD
    0x0000249c   0x0000006c   Code   RO          226    .text               rt_robin.o
    0x00002508   0x000000bc   Code   RO          242    .text               rtx_conf_cm.o
    0x000025c4   0x00000350   Code   RO          272    .text               rt_mailbox.o
    0x00002914   0x000000b0   Code   RO          296    .text               main.o
    0x000029c4   0x00000124   Code   RO          628    .text               thread.o
    0x00002ae8   0x0000000a   Code   RO         1172    .text               c_w.l(vfprintf.o)
    0x00002af2   0x00000014   Code   RO         1174    .text               c_w.l(__2fprintf.o)
    0x00002b06   0x00000052   Code   RO         1180    .text               c_w.l(_printf_str.o)
    0x00002b58   0x00000078   Code   RO         1182    .text               c_w.l(_printf_dec.o)
    0x00002bd0   0x00000188   Code   RO         1201    .text               c_w.l(__printf_flags_ss_wp.o)
    0x00002d58   0x0000003c   Code   RO         1207    .text               c_w.l(__0sscanf.o)
    0x00002d94   0x0000014c   Code   RO         1209    .text               c_w.l(_scanf_int.o)
    0x00002ee0   0x00000090   Code   RO         1219    .text               c_w.l(fflush_locked.o)
    0x00002f70   0x0000003e   Code   RO         1221    .text               c_w.l(strlen.o)
    0x00002fae   0x00000096   Code   RO         1223    .text               c_w.l(strncmp.o)
    0x00003044   0x0000007a   Code   RO         1225    .text               c_w.l(rt_memmove_w.o)
    0x000030be   0x0000004e   Code   RO         1227    .text               c_w.l(rt_memclr_w.o)
    0x0000310c   0x00000080   Code   RO         1231    .text               c_w.l(strcmpv7m.o)
    0x0000318c   0x00000024   Code   RO         1241    .text               c_w.l(init_aeabi.o)
    0x000031b0   0x0000000a   Code   RO         1382    .text               c_w.l(rt_new_handler_addr_twolibspace.o)
    0x000031ba   0x0000009e   Code   RO         1392    .text               c_w.l(h1_alloc_mt.o)
    0x00003258   0x00000076   Code   RO         1394    .text               c_w.l(h1_free_mt.o)
    0x000032ce   0x0000004e   Code   RO         1446    .text               c_w.l(_printf_pad.o)
    0x0000331c   0x00000024   Code   RO         1448    .text               c_w.l(_printf_truncate.o)
    0x00003340   0x000000b2   Code   RO         1450    .text               c_w.l(_printf_intcommon.o)
    0x000033f2   0x00000028   Code   RO         1452    .text               c_w.l(_printf_charcount.o)
    0x0000341a   0x0000002c   Code   RO         1454    .text               c_w.l(_printf_char.o)
    0x00003446   0x00000002   PAD
    0x00003448   0x000000bc   Code   RO         1458    .text               c_w.l(_printf_wctomb.o)
    0x00003504   0x0000007c   Code   RO         1461    .text               c_w.l(_printf_longlong_dec.o)
    0x00003580   0x00000070   Code   RO         1467    .text               c_w.l(_printf_oct_int_ll.o)
    0x000035f0   0x00000094   Code   RO         1487    .text               c_w.l(_printf_hex_int_ll_ptr.o)
    0x00003684   0x0000001c   Code   RO         1511    .text               c_w.l(_chval.o)
    0x000036a0   0x0000002c   Code   RO         1513    .text               c_w.l(scanf_char.o)
    0x000036cc   0x00000040   Code   RO         1515    .text               c_w.l(_sgetc.o)
    0x0000370c   0x000000f8   Code   RO         1517    .text               c_w.l(fseek.o)
    0x00003804   0x000000f0   Code   RO         1519    .text               c_w.l(stdio.o)
    0x000038f4   0x000001c8   Code   RO         1524    .text               c_w.l(initio_locked.o)
    0x00003abc   0x00000064   Code   RO         1530    .text               c_w.l(rt_memcpy_w.o)
    0x00003b20   0x00000004   Code   RO         1584    .text               cpprt_w.l(arm_newhandler_noexceptions.o)
    0x00003b24   0x0000000a   Code   RO         1632    .text               c_w.l(rt_heap_descriptor_twolibspace.o)
    0x00003b2e   0x00000004   Code   RO         1634    .text               c_w.l(hguard.o)
    0x00003b32   0x0000008a   Code   RO         1636    .text               c_w.l(init_alloc.o)
    0x00003bbc   0x00000012   Code   RO         1642    .text               c_w.l(h1_init_mt.o)
    0x00003bce   0x0000008a   Code   RO         1654    .text               c_w.l(lludiv10.o)
    0x00003c58   0x00000012   Code   RO         1656    .text               c_w.l(isspace.o)
    0x00003c6a   0x0000041a   Code   RO         1658    .text               c_w.l(_printf_fp_dec.o)
    0x00004084   0x000002fc   Code   RO         1660    .text               c_w.l(_printf_fp_hex.o)
    0x00004380   0x00000030   Code   RO         1663    .text               c_w.l(_printf_char_common.o)
    0x000043b0   0x0000002c   Code   RO         1665    .text               c_w.l(_printf_wchar.o)
    0x000043dc   0x00000374   Code   RO         1667    .text               c_w.l(_scanf.o)
    0x00004750   0x00000042   Code   RO         1675    .text               c_w.l(ftell.o)
    0x00004792   0x0000004c   Code   RO         1681    .text               c_w.l(fclose.o)
    0x000047de   0x00000068   Code   RO         1687    .text               c_w.l(setvbuf_locked.o)
    0x00004846   0x00000002   PAD
    0x00004848   0x00000144   Code   RO         1689    .text               c_w.l(fopen_locked.o)
    0x0000498c   0x00000040   Code   RO         1691    .text               c_w.l(_wcrtomb.o)
    0x000049cc   0x0000000a   Code   RO         1693    .text               c_w.l(defsig_exit.o)
    0x000049d6   0x0000000e   Code   RO         1695    .text               c_w.l(defsig_rtred_outer.o)
    0x000049e4   0x0000001a   Code   RO         1742    .text               cpprt_w.l(arm_exceptions_terminate.o)
    0x000049fe   0x00000002   PAD
    0x00004a00   0x00000050   Code   RO         1745    .text               cpprt_w.l(arm_exceptions_globs.o)
    0x00004a50   0x0000000c   Code   RO         1750    .text               c_w.l(sys_exit.o)
    0x00004a5c   0x00000010   Code   RO         1752    .text               c_w.l(rt_ctype_table.o)
    0x00004a6c   0x0000000a   Code   RO         1759    .text               c_w.l(rt_locale_twolibspace.o)
    0x00004a76   0x0000000a   Code   RO         1766    .text               c_w.l(rt_eh_globals_addr_twolibspace.o)
    0x00004a80   0x00000004   Code   RO         1773    .text               c_w.l(rt_errno_addr_twolibspace.o)
    0x00004a84   0x0000003e   Code   RO         1781    .text               c_w.l(h1_extend_mt.o)
    0x00004ac2   0x00000002   PAD
    0x00004ac4   0x00000080   Code   RO         1783    .text               c_w.l(_printf_fp_infnan.o)
    0x00004b44   0x000000dc   Code   RO         1787    .text               c_w.l(bigflt0.o)
    0x00004c20   0x000001d6   Code   RO         1812    .text               c_w.l(flsbuf.o)
    0x00004df6   0x00000010   Code   RO         1817    .text               c_w.l(abort.o)
    0x00004e06   0x00000032   Code   RO         1821    .text               c_w.l(defsig_general.o)
    0x00004e38   0x00000034   Code   RO         1827    .text               c_w.l(defsig_rtred_inner.o)
    0x00004e6c   0x0000000e   Code   RO         1829    .text               c_w.l(defsig_rtmem_outer.o)
    0x00004e7a   0x0000003c   Code   RO         1851    .text               cpprt_w.l(arm_exceptions_mem.o)
    0x00004eb6   0x0000000e   Code   RO         1858    .text               c_w.l(sys_wrch.o)
    0x00004ec4   0x00000000   Code   RO         1862    .text               c_w.l(indicate_semi.o)
    0x00004ec4   0x00000040   Code   RO         1865    .text               c_w.l(_printf_char_file_locked.o)
    0x00004f04   0x0000000e   Code   RO         1876    .text               c_w.l(defsig_abrt_outer.o)
    0x00004f12   0x00000002   PAD
    0x00004f14   0x00000050   Code   RO         1882    .text               c_w.l(defsig_rtmem_inner.o)
    0x00004f64   0x00000030   Code   RO         1896    .text               c_w.l(defsig_abrt_inner.o)
    0x00004f94   0x0000003e   Code   RO         1790    CL$$btod_d2e        c_w.l(btod.o)
    0x00004fd2   0x00000046   Code   RO         1792    CL$$btod_d2e_denorm_low  c_w.l(btod.o)
    0x00005018   0x00000060   Code   RO         1791    CL$$btod_d2e_norm_op1  c_w.l(btod.o)
    0x00005078   0x00000338   Code   RO         1800    CL$$btod_div_common  c_w.l(btod.o)
    0x000053b0   0x000000c6   Code   RO         1797    CL$$btod_e2e        c_w.l(btod.o)
    0x00005476   0x00000028   Code   RO         1794    CL$$btod_ediv       c_w.l(btod.o)
    0x0000549e   0x00000028   Code   RO         1793    CL$$btod_emul       c_w.l(btod.o)
    0x000054c6   0x00000244   Code   RO         1799    CL$$btod_mult_common  c_w.l(btod.o)
    0x0000570a   0x00000002   PAD
    0x0000570c   0x00000004   Code   RO            1    SVC_TABLE           svc_table.o
    0x00005710   0x00000012   Code   RO          707    i.$Sub$$main        retarget.o
    0x00005722   0x00000002   PAD
    0x00005724   0x0000006c   Code   RO          830    i.NVIC_SetVector    cmsis_nvic.o
    0x00005790   0x000000a0   Code   RO          814    i.SystemInit        system_LPC17xx.o
    0x00005830   0x00000088   Code   RO          340    i._ZN4mbed10DigitalOut5writeEi  main.o
    0x000058b8   0x0000001a   Code   RO          334    i._ZN4mbed10DigitalOutC1E7PinName  main.o
    0x000058d2   0x00000012   Code   RO          322    i._ZN4mbed10DigitalOutaSEi  main.o
    0x000058e4   0x00000004   Code   RO         1054    i._ZN4mbed8FileBase11getPathTypeEv  mbed.ar(FileBase.o)
    0x000058e8   0x00000038   Code   RO         1056    i._ZN4mbed8FileBase6lookupEPKcj  mbed.ar(FileBase.o)
    0x00005920   0x00000018   Code   RO          893    i._ZN4mbed8FilePath10fileSystemEv  mbed.ar(FilePath.o)
    0x00005938   0x0000001c   Code   RO          895    i._ZN4mbed8FilePath4fileEv  mbed.ar(FilePath.o)
    0x00005954   0x0000000a   Code   RO          896    i._ZN4mbed8FilePath6existsEv  mbed.ar(FilePath.o)
    0x0000595e   0x00000018   Code   RO          897    i._ZN4mbed8FilePath6isFileEv  mbed.ar(FilePath.o)
    0x00005976   0x00000004   Code   RO          898    i._ZN4mbed8FilePath8fileNameEv  mbed.ar(FilePath.o)
    0x0000597a   0x00000040   Code   RO          899    i._ZN4mbed8FilePathC1EPKc  mbed.ar(FilePath.o)
    0x000059ba   0x0000001a   Code   RO          328    i._ZN4mbed9DigitalInC1E7PinName  main.o
    0x000059d4   0x00000088   Code   RO          316    i._ZN4mbed9DigitalIncviEv  main.o
    0x00005a5c   0x00000008   Code   RO         1244    i._ZdaPv            cpprt_w.l(array_del.o)
    0x00005a64   0x00000008   Code   RO         1251    i._ZdlPv            cpprt_w.l(delete.o)
    0x00005a6c   0x00000008   Code   RO         1247    i._Znaj             cpprt_w.l(array_new.o)
    0x00005a74   0x00000028   Code   RO         1254    i._Znwj             cpprt_w.l(new.o)
    0x00005a9c   0x00000028   Code   RO         1856    i.__ARM_fpclassify  m_ws.l(fpclassify.o)
    0x00005ac4   0x00000010   Code   RO          839    i.__user_setup_stackheap  sys.o
    0x00005ad4   0x0000000e   Code   RO         1194    i._is_digit         c_w.l(__printf_wp.o)
    0x00005ae2   0x00000002   PAD
    0x00005ae4   0x0000002c   Code   RO          710    i._sys_close        retarget.o
    0x00005b10   0x00000028   Code   RO          713    i._sys_flen         retarget.o
    0x00005b38   0x00000028   Code   RO          714    i._sys_istty        retarget.o
    0x00005b60   0x0000014c   Code   RO          715    i._sys_open         retarget.o
    0x00005cac   0x00000028   Code   RO          717    i._sys_seek         retarget.o
    0x00005cd4   0x00000064   Code   RO          718    i._sys_write        retarget.o
    0x00005d38   0x00000018   Code   RO          984    i.error             mbed.ar(error.o)
    0x00005d50   0x0000002c   Code   RO          990    i.exit              mbed.ar(exit.o)
    0x00005d7c   0x0000001a   Code   RO         1672    i.fputc             c_w.l(fputc.o)
    0x00005d96   0x00000002   PAD
    0x00005d98   0x00000050   Code   RO         1017    i.gpio_dir          mbed.ar(gpio_api.o)
    0x00005de8   0x00000038   Code   RO         1018    i.gpio_init         mbed.ar(gpio_api.o)
    0x00005e20   0x00000026   Code   RO          996    i.gpio_init_in      mbed.ar(gpio.o)
    0x00005e46   0x00000002   PAD
    0x00005e48   0x00000044   Code   RO          999    i.gpio_init_out     mbed.ar(gpio.o)
    0x00005e8c   0x00000050   Code   RO         1000    i.gpio_init_out_ex  mbed.ar(gpio.o)
    0x00005edc   0x00000006   Code   RO         1019    i.gpio_mode         mbed.ar(gpio_api.o)
    0x00005ee2   0x00000002   PAD
    0x00005ee4   0x00000050   Code   RO          978    i.mbed_assert_internal  mbed.ar(assert.o)
    0x00005f34   0x00000108   Code   RO          822    i.mbed_die          board.o
    0x0000603c   0x00000004   Code   RO         1084    i.mbed_interface_connected  mbed.ar(mbed_interface.o)
    0x00006040   0x00000002   Code   RO          720    i.mbed_main         retarget.o
    0x00006042   0x00000002   Code   RO          721    i.mbed_sdk_init     retarget.o
    0x00006044   0x0000005c   Code   RO         1030    i.pin_function      mbed.ar(pinmap.o)
    0x000060a0   0x00000084   Code   RO         1031    i.pin_mode          mbed.ar(pinmap.o)
    0x00006124   0x0000001e   Code   RO         1104    i.pinmap_find_peripheral  mbed.ar(pinmap_common.o)
    0x00006142   0x00000002   PAD
    0x00006144   0x00000038   Code   RO         1105    i.pinmap_merge      mbed.ar(pinmap_common.o)
    0x0000617c   0x00000058   Code   RO         1106    i.pinmap_peripheral  mbed.ar(pinmap_common.o)
    0x000061d4   0x00000050   Code   RO         1107    i.pinmap_pinout     mbed.ar(pinmap_common.o)
    0x00006224   0x00000010   Code   RO         1117    i.semihost_connected  mbed.ar(semihost_api.o)
    0x00006234   0x0000000c   Code   RO         1120    i.semihost_exit     mbed.ar(semihost_api.o)
    0x00006240   0x000001c4   Code   RO          844    i.serial_baud       mbed.ar(serial_api.o)
    0x00006404   0x000000a0   Code   RO          848    i.serial_format     mbed.ar(serial_api.o)
    0x000064a4   0x00000178   Code   RO          851    i.serial_init       mbed.ar(serial_api.o)
    0x0000661c   0x000000d4   Code   RO          854    i.serial_irq_set_internal  mbed.ar(serial_api.o)
    0x000066f0   0x00000068   Code   RO          856    i.serial_putc       mbed.ar(serial_api.o)
    0x00006758   0x0000010c   Code   RO          858    i.serial_set_flow_control  mbed.ar(serial_api.o)
    0x00006864   0x00000014   Code   RO          860    i.uart0_irq         mbed.ar(serial_api.o)
    0x00006878   0x00000014   Code   RO          861    i.uart1_irq         mbed.ar(serial_api.o)
    0x0000688c   0x00000014   Code   RO          862    i.uart2_irq         mbed.ar(serial_api.o)
    0x000068a0   0x00000014   Code   RO          863    i.uart3_irq         mbed.ar(serial_api.o)
    0x000068b4   0x00000064   Code   RO          864    i.uart_irq          mbed.ar(serial_api.o)
    0x00006918   0x0000000c   Code   RO         1039    i.us_ticker_clear_interrupt  mbed.ar(us_ticker.o)
    0x00006924   0x00000010   Code   RO         1040    i.us_ticker_disable_interrupt  mbed.ar(us_ticker.o)
    0x00006934   0x00000044   Code   RO         1155    i.us_ticker_irq_handler  mbed.ar(us_ticker_api.o)
    0x00006978   0x00000060   Code   RO         1042    i.us_ticker_read    mbed.ar(us_ticker.o)
    0x000069d8   0x00000014   Code   RO         1043    i.us_ticker_set_interrupt  mbed.ar(us_ticker.o)
    0x000069ec   0x0000001c   Code   RO         1010    i.wait_ms           mbed.ar(wait_api.o)
    0x00006a08   0x0000002c   Code   RO         1815    locale$$code        c_w.l(lc_numeric_c.o)
    0x00006a34   0x0000002c   Code   RO         1872    locale$$code        c_w.l(lc_ctype_c.o)
    0x00006a60   0x00000004   Code   RO         1614    x$fpl$printf1       fz_ws.l(printf1.o)
    0x00006a64   0x00000004   Code   RO         1616    x$fpl$printf2       fz_ws.l(printf2.o)
    0x00006a68   0x00000000   Code   RO         1622    x$fpl$usenofp       fz_ws.l(usenofp.o)
    0x00006a68   0x0000001b   Data   RO          244    .constdata          rtx_conf_cm.o
    0x00006a83   0x00000017   Data   RO          758    .constdata          retarget.o
    0x00006a9a   0x00000002   PAD
    0x00006a9c   0x00000067   Data   RO          823    .constdata          board.o
    0x00006b03   0x00000001   PAD
    0x00006b04   0x000002c0   Data   RO          866    .constdata          mbed.ar(serial_api.o)
    0x00006dc4   0x00000067   Data   RO         1001    .constdata          mbed.ar(gpio.o)
    0x00006e2b   0x00000001   PAD
    0x00006e2c   0x0000006c   Data   RO         1021    .constdata          mbed.ar(gpio_api.o)
    0x00006e98   0x00000058   Data   RO         1032    .constdata          mbed.ar(pinmap.o)
    0x00006ef0   0x00000011   Data   RO         1202    .constdata          c_w.l(__printf_flags_ss_wp.o)
    0x00006f01   0x00000003   PAD
    0x00006f04   0x00000008   Data   RO         1459    .constdata          c_w.l(_printf_wctomb.o)
    0x00006f0c   0x00000028   Data   RO         1488    .constdata          c_w.l(_printf_hex_int_ll_ptr.o)
    0x00006f34   0x00000026   Data   RO         1661    .constdata          c_w.l(_printf_fp_hex.o)
    0x00006f5a   0x00000002   PAD
    0x00006f5c   0x00000094   Data   RO         1788    .constdata          c_w.l(bigflt0.o)
    0x00006ff0   0x00000010   Data   RO          638    .constdata__ZTVN4rtos6ThreadE  thread.o
    0x00007000   0x00000020   Data   RO         1908    Region$$Table       anon$$obj.o
    0x00007020   0x0000001c   Data   RO         1814    locale$$data        c_w.l(lc_numeric_c.o)
    0x0000703c   0x00000110   Data   RO         1871    locale$$data        c_w.l(lc_ctype_c.o)
    0x0000714c   0x00000004   Data   RO          299    .init_array         main.o
    0x00007150   0x00000000   Data   RO         1239    .init_array         c_w.l(init_aeabi.o)


    Execution Region RW_IRAM1 (Base: 0x100000c8, Size: 0x000010c4, Max: 0x00007f38, ABSOLUTE, COMPRESSED[0x0000001c])

    Base Addr    Size         Type   Attr      Idx    E Section Name        Object

    0x100000c8   0x00000008   Data   RW          107    .data               rt_task.o
    0x100000d0   0x00000008   Data   RW          137    .data               rt_cmsis.o
    0x100000d8   0x00000007   Data   RW          178    .data               rt_system.o
    0x100000df   0x00000001   PAD
    0x100000e0   0x00000004   Data   RW          200    .data               rt_time.o
    0x100000e4   0x00000008   Data   RW          227    .data               rt_robin.o
    0x100000ec   0x0000015c   Data   RW          245    .data               rtx_conf_cm.o
    0x10000248   0x00000004   Data   RW          815    .data               system_LPC17xx.o
    0x1000024c   0x00000010   Data   RW          867    .data               mbed.ar(serial_api.o)
    0x1000025c   0x00000004   Data   RW         1044    .data               mbed.ar(us_ticker.o)
    0x10000260   0x00000004   Data   RW         1068    .data               mbed.ar(FileBase.o)
    0x10000264   0x00000008   Data   RW         1158    .data               mbed.ar(us_ticker_api.o)
    0x1000026c   0x00000004   Data   RW         1216    .data               c_w.l(stdio_streams.o)
    0x10000270   0x00000004   Data   RW         1217    .data               c_w.l(stdio_streams.o)
    0x10000274   0x00000004   Data   RW         1218    .data               c_w.l(stdio_streams.o)
    0x10000278   0x00000004   Data   RW         1521    .data               c_w.l(streamlock.o)
    0x1000027c   0x00000030   Zero   RW           58    .bss                rt_list.o
    0x100002ac   0x00000094   Zero   RW          106    .bss                rt_task.o
    0x10000340   0x00000b70   Zero   RW          243    .bss                rtx_conf_cm.o
    0x10000eb0   0x00000060   Zero   RW          298    .bss                main.o
    0x10000f10   0x00000040   Zero   RW          757    .bss                retarget.o
    0x10000f50   0x000000e0   Zero   RW          865    .bss                mbed.ar(serial_api.o)
    0x10001030   0x00000060   Zero   RW         1168    .bss                c_w.l(libspace.o)
    0x10001090   0x00000054   Zero   RW         1213    .bss                c_w.l(stdio_streams.o)
    0x100010e4   0x00000054   Zero   RW         1214    .bss                c_w.l(stdio_streams.o)
    0x10001138   0x00000054   Zero   RW         1215    .bss                c_w.l(stdio_streams.o)


    Execution Region RW_IRAM2 (Base: 0x2007c000, Size: 0x00000000, Max: 0x00004000, ABSOLUTE)

    **** No section assigned to this execution region ****


    Execution Region RW_IRAM3 (Base: 0x20080000, Size: 0x00000000, Max: 0x00004000, ABSOLUTE)

    **** No section assigned to this execution region ****


    Execution Region RW_IRAM4 (Base: 0x40038000, Size: 0x00000000, Max: 0x00000800, ABSOLUTE)

    **** No section assigned to this execution region ****


==============================================================================

Image component sizes


      Code (inc. data)   RO Data    RW Data    ZI Data      Debug   Object Name

       264         22        103          0          0         76   board.o
       108          6          0          0          0         84   cmsis_nvic.o
       104          4          0          0          0       1819   hal_cm.o
       304         36          0          0          0        900   hal_cm3.o
       518        192          4          0         96      20903   main.o
       618         70         23          0         64        688   retarget.o
      4564         76          0          8          0      42781   rt_cmsis.o
       380         14          0          0          0       2046   rt_event.o
       660         22          0          0         48       5758   rt_list.o
       848          8          0          0          0       2687   rt_mailbox.o
       194          0          0          0          0       1629   rt_membox.o
       472         10          0          0          0       1667   rt_mutex.o
       108         18          0          8          0        948   rt_robin.o
       324         10          0          0          0       5728   rt_semaphore.o
       760         52          0          7          0       5420   rt_system.o
       844         58          0          8        148       5844   rt_task.o
       100          8          0          4          0       1351   rt_time.o
       228         60         27        348       2928       8396   rtx_conf_cm.o
        40         12        196          0          0        228   startup_LPC17xx.o
         4          4          0          0          0        320   svc_table.o
        16          6          0          0          0         68   sys.o
       160         10          0          4          0         68   system_LPC17xx.o
       292         40         16          0          0       9972   thread.o

    ----------------------------------------------------------------------
     11914        738        404        388       3284     119381   Object Totals
         0          0         32          0          0          0   (incl. Generated)
         4          0          3          1          0          0   (incl. Padding)

    ----------------------------------------------------------------------

      Code (inc. data)   RO Data    RW Data    ZI Data      Debug   Library Member Name

        60          8          0          0          0         84   __0sscanf.o
        20          0          0          0          0         84   __2fprintf.o
        90          0          0          0          0          0   __dczerorl2.o
         8          0          0          0          0         68   __main.o
       392          4         17          0          0         92   __printf_flags_ss_wp.o
        14          0          0          0          0         68   __printf_wp.o
        52          8          0          0          0          0   __scatter.o
        28          0          0          0          0          0   __scatter_zi.o
        28          0          0          0          0         68   _chval.o
         6          0          0          0          0          0   _printf_a.o
         6          0          0          0          0          0   _printf_c.o
        44          0          0          0          0        108   _printf_char.o
        48          6          0          0          0         96   _printf_char_common.o
        64          6          0          0          0         84   _printf_char_file_locked.o
        40          0          0          0          0         68   _printf_charcount.o
         6          0          0          0          0          0   _printf_d.o
       120         16          0          0          0         92   _printf_dec.o
         6          0          0          0          0          0   _printf_e.o
         6          0          0          0          0          0   _printf_f.o
      1050          0          0          0          0        216   _printf_fp_dec.o
       764         10         38          0          0        100   _printf_fp_hex.o
       128         16          0          0          0         84   _printf_fp_infnan.o
         6          0          0          0          0          0   _printf_g.o
       148          4         40          0          0        160   _printf_hex_int_ll_ptr.o
         6          0          0          0          0          0   _printf_i.o
       178          0          0          0          0         88   _printf_intcommon.o
        10          0          0          0          0          0   _printf_l.o
         6          0          0          0          0          0   _printf_lc.o
        10          0          0          0          0          0   _printf_ll.o
         6          0          0          0          0          0   _printf_lld.o
         6          0          0          0          0          0   _printf_lli.o
         6          0          0          0          0          0   _printf_llo.o
         6          0          0          0          0          0   _printf_llu.o
         6          0          0          0          0          0   _printf_llx.o
       124         16          0          0          0         92   _printf_longlong_dec.o
         6          0          0          0          0          0   _printf_ls.o
         6          0          0          0          0          0   _printf_n.o
         6          0          0          0          0          0   _printf_o.o
       112          8          0          0          0        124   _printf_oct_int_ll.o
         6          0          0          0          0          0   _printf_p.o
        78          0          0          0          0        108   _printf_pad.o
         0          0          0          0          0          0   _printf_percent.o
         4          0          0          0          0          0   _printf_percent_end.o
         6          0          0          0          0          0   _printf_s.o
        82          0          0          0          0         80   _printf_str.o
        36          0          0          0          0         84   _printf_truncate.o
         6          0          0          0          0          0   _printf_u.o
        44          0          0          0          0        108   _printf_wchar.o
       188          6          8          0          0         92   _printf_wctomb.o
         6          0          0          0          0          0   _printf_x.o
       884          6          0          0          0        100   _scanf.o
       332          0          0          0          0         96   _scanf_int.o
        64          0          0          0          0         84   _sgetc.o
        64          0          0          0          0         92   _wcrtomb.o
        16          0          0          0          0         72   abort.o
       220          4        148          0          0         96   bigflt0.o
      1910        128          0          0          0        672   btod.o
        48         34          0          0          0         76   defsig_abrt_inner.o
        14          0          0          0          0         80   defsig_abrt_outer.o
        10          0          0          0          0         68   defsig_exit.o
        50          0          0          0          0         88   defsig_general.o
        80         58          0          0          0         76   defsig_rtmem_inner.o
        14          0          0          0          0         80   defsig_rtmem_outer.o
        52         38          0          0          0         76   defsig_rtred_inner.o
        14          0          0          0          0         80   defsig_rtred_outer.o
        76          0          0          0          0         88   fclose.o
       144         10          0          0          0        128   fflush_locked.o
       470          0          0          0          0         88   flsbuf.o
       324          8          0          0          0        152   fopen_locked.o
        26          0          0          0          0         68   fputc.o
       248          6          0          0          0         84   fseek.o
        66          0          0          0          0         76   ftell.o
       158          0          0          0          0        128   h1_alloc_mt.o
        62          0          0          0          0         80   h1_extend_mt.o
       118          0          0          0          0        108   h1_free_mt.o
        18          0          0          0          0         84   h1_init_mt.o
         6          0          0          0          0        152   heapauxi.o
         4          0          0          0          0        136   hguard.o
         0          0          0          0          0          0   indicate_semi.o
        36         10          0          0          0         80   init_aeabi.o
       138          0          0          0          0        168   init_alloc.o
       456         48          0          0          0        116   initio_locked.o
        18          0          0          0          0         76   isspace.o
        44         10        272          0          0         76   lc_ctype_c.o
        44         10         28          0          0         76   lc_numeric_c.o
         2          0          0          0          0          0   libinit.o
        46          0          0          0          0          0   libinit2.o
         0          0          0          0          0          0   libshutdown2.o
         8          4          0          0         96         68   libspace.o
       138          0          0          0          0         80   lludiv10.o
         0          0          0          0          0          0   maybetermalloc1.o
        16          4          0          0          0         76   rt_ctype_table.o
        10          0          0          0          0         76   rt_eh_globals_addr_twolibspace.o
         4          0          0          0          0         68   rt_errno_addr_twolibspace.o
        10          0          0          0          0         76   rt_heap_descriptor_twolibspace.o
        10          0          0          0          0         76   rt_locale_twolibspace.o
        78          0          0          0          0         80   rt_memclr_w.o
       100          0          0          0          0         80   rt_memcpy_w.o
       122          0          0          0          0         80   rt_memmove_w.o
        10          0          0          0          0         76   rt_new_handler_addr_twolibspace.o
        44          8          0          0          0         84   scanf_char.o
       104          0          0          0          0         88   setvbuf_locked.o
       240          6          0          0          0        156   stdio.o
         0          0          0         12        252          0   stdio_streams.o
       128          0          0          0          0         68   strcmpv7m.o
         0          0          0          4          0          0   streamlock.o
        62          0          0          0          0         76   strlen.o
       150          0          0          0          0         80   strncmp.o
        12          4          0          0          0         68   sys_exit.o
        14          0          0          0          0         76   sys_wrch.o
         2          0          0          0          0         68   use_no_semi.o
        10          0          0          0          0         68   vfprintf.o
        80         12          0          0          0        104   arm_exceptions_globs.o
        60          0          0          0          0        108   arm_exceptions_mem.o
        26          0          0          0          0         76   arm_exceptions_terminate.o
         4          0          0          0          0         68   arm_newhandler_noexceptions.o
         8          0          0          0          0         76   array_del.o
         8          0          0          0          0         76   array_new.o
         8          0          0          0          0         76   delete.o
        40          6          0          0          0         76   new.o
         4          0          0          0          0         68   printf1.o
         4          0          0          0          0         68   printf2.o
         0          0          0          0          0          0   usenofp.o
        40          0          0          0          0         68   fpclassify.o
        60          6          0          4          0        148   FileBase.o
       154          0          0          0          0        440   FilePath.o
        80         56          0          0          0         80   assert.o
        24          4          0          0          0         80   error.o
        44          8          0          0          0         72   exit.o
       186         12        103          0          0        268   gpio.o
       142         28        108          0          0        228   gpio_api.o
         4          0          0          0          0         68   mbed_interface.o
       224         58         88          0          0        160   pinmap.o
       254         76          0          0          0        308   pinmap_common.o
        28          6          0          0          0        144   semihost_api.o
      1752        170        704         16        224        928   serial_api.o
       144         38          0          4          0        280   us_ticker.o
        68          6          0          8          0         88   us_ticker_api.o
        28          0          0          0          0         80   wait_api.o

    ----------------------------------------------------------------------
     15130        990       1560         48        572      11952   Library Totals
        24          0          6          0          0          0   (incl. Padding)

    ----------------------------------------------------------------------

      Code (inc. data)   RO Data    RW Data    ZI Data      Debug   Library Name

     11632        504        551         16        348       7716   c_w.l
       234         18          0          0          0        660   cpprt_w.l
         8          0          0          0          0        136   fz_ws.l
        40          0          0          0          0         68   m_ws.l
      3192        468       1003         32        224       3372   mbed.ar

    ----------------------------------------------------------------------
     15130        990       1560         48        572      11952   Library Totals

    ----------------------------------------------------------------------

==============================================================================


      Code (inc. data)   RO Data    RW Data    ZI Data      Debug   

     27044       1728       1964        436       3856     122021   Grand Totals
     27044       1728       1964         28       3856     122021   ELF Image Totals (compressed)
     27044       1728       1964         28          0          0   ROM Totals

==============================================================================

    Total RO  Size (Code + RO Data)                29008 (  28.33kB)
    Total RW  Size (RW Data + ZI Data)              4292 (   4.19kB)
    Total ROM Size (Code + RO Data + RW Data)      29036 (  28.36kB)

==============================================================================

